Component: ARM Compiler 5.06 update 6 (build 750) Tool: armlink [4d35ed]

==============================================================================

Section Cross References

    startup_stm32f10x_md.o(STACK) refers (Special) to heapauxi.o(.text) for __use_two_region_memory
    startup_stm32f10x_md.o(HEAP) refers (Special) to heapauxi.o(.text) for __use_two_region_memory
    startup_stm32f10x_md.o(RESET) refers (Special) to heapauxi.o(.text) for __use_two_region_memory
    startup_stm32f10x_md.o(RESET) refers to startup_stm32f10x_md.o(STACK) for __initial_sp
    startup_stm32f10x_md.o(RESET) refers to startup_stm32f10x_md.o(.text) for Reset_Handler
    startup_stm32f10x_md.o(RESET) refers to stm32f10x_it.o(i.NMI_Handler) for NMI_Handler
    startup_stm32f10x_md.o(RESET) refers to stm32f10x_it.o(i.HardFault_Handler) for HardFault_Handler
    startup_stm32f10x_md.o(RESET) refers to stm32f10x_it.o(i.MemManage_Handler) for MemManage_Handler
    startup_stm32f10x_md.o(RESET) refers to stm32f10x_it.o(i.BusFault_Handler) for BusFault_Handler
    startup_stm32f10x_md.o(RESET) refers to stm32f10x_it.o(i.UsageFault_Handler) for UsageFault_Handler
    startup_stm32f10x_md.o(RESET) refers to stm32f10x_it.o(i.SVC_Handler) for SVC_Handler
    startup_stm32f10x_md.o(RESET) refers to stm32f10x_it.o(i.DebugMon_Handler) for DebugMon_Handler
    startup_stm32f10x_md.o(RESET) refers to stm32f10x_it.o(i.PendSV_Handler) for PendSV_Handler
    startup_stm32f10x_md.o(RESET) refers to stm32f10x_it.o(i.SysTick_Handler) for SysTick_Handler
    startup_stm32f10x_md.o(RESET) refers to exti.o(i.EXTI0_IRQHandler) for EXTI0_IRQHandler
    startup_stm32f10x_md.o(RESET) refers to exti.o(i.EXTI1_IRQHandler) for EXTI1_IRQHandler
    startup_stm32f10x_md.o(RESET) refers to waterflow.o(i.TIM2_IRQHandler) for TIM2_IRQHandler
    startup_stm32f10x_md.o(RESET) refers to timer.o(i.TIM3_IRQHandler) for TIM3_IRQHandler
    startup_stm32f10x_md.o(RESET) refers to usart.o(i.USART1_IRQHandler) for USART1_IRQHandler
    startup_stm32f10x_md.o(RESET) refers to esp8266.o(i.USART2_IRQHandler) for USART2_IRQHandler
    startup_stm32f10x_md.o(.text) refers (Special) to heapauxi.o(.text) for __use_two_region_memory
    startup_stm32f10x_md.o(.text) refers to system_stm32f10x.o(i.SystemInit) for SystemInit
    startup_stm32f10x_md.o(.text) refers to __main.o(!!!main) for __main
    startup_stm32f10x_md.o(.text) refers to startup_stm32f10x_md.o(HEAP) for Heap_Mem
    startup_stm32f10x_md.o(.text) refers to startup_stm32f10x_md.o(STACK) for Stack_Mem
    system_stm32f10x.o(i.SetSysClock) refers to system_stm32f10x.o(i.SetSysClockTo72) for SetSysClockTo72
    system_stm32f10x.o(i.SystemCoreClockUpdate) refers to system_stm32f10x.o(.data) for SystemCoreClock
    system_stm32f10x.o(i.SystemInit) refers to system_stm32f10x.o(i.SetSysClock) for SetSysClock
    stm32f10x_adc.o(i.ADC_DeInit) refers to stm32f10x_rcc.o(i.RCC_APB2PeriphResetCmd) for RCC_APB2PeriphResetCmd
    stm32f10x_bkp.o(i.BKP_DeInit) refers to stm32f10x_rcc.o(i.RCC_BackupResetCmd) for RCC_BackupResetCmd
    stm32f10x_can.o(i.CAN_DeInit) refers to stm32f10x_rcc.o(i.RCC_APB1PeriphResetCmd) for RCC_APB1PeriphResetCmd
    stm32f10x_can.o(i.CAN_GetITStatus) refers to stm32f10x_can.o(i.CheckITStatus) for CheckITStatus
    stm32f10x_cec.o(i.CEC_DeInit) refers to stm32f10x_rcc.o(i.RCC_APB1PeriphResetCmd) for RCC_APB1PeriphResetCmd
    stm32f10x_dac.o(i.DAC_DeInit) refers to stm32f10x_rcc.o(i.RCC_APB1PeriphResetCmd) for RCC_APB1PeriphResetCmd
    stm32f10x_flash.o(i.FLASH_EnableWriteProtection) refers to stm32f10x_flash.o(i.FLASH_WaitForLastOperation) for FLASH_WaitForLastOperation
    stm32f10x_flash.o(i.FLASH_EraseAllBank1Pages) refers to stm32f10x_flash.o(i.FLASH_WaitForLastBank1Operation) for FLASH_WaitForLastBank1Operation
    stm32f10x_flash.o(i.FLASH_EraseAllPages) refers to stm32f10x_flash.o(i.FLASH_WaitForLastOperation) for FLASH_WaitForLastOperation
    stm32f10x_flash.o(i.FLASH_EraseOptionBytes) refers to stm32f10x_flash.o(i.FLASH_GetReadOutProtectionStatus) for FLASH_GetReadOutProtectionStatus
    stm32f10x_flash.o(i.FLASH_EraseOptionBytes) refers to stm32f10x_flash.o(i.FLASH_WaitForLastOperation) for FLASH_WaitForLastOperation
    stm32f10x_flash.o(i.FLASH_ErasePage) refers to stm32f10x_flash.o(i.FLASH_WaitForLastOperation) for FLASH_WaitForLastOperation
    stm32f10x_flash.o(i.FLASH_ProgramHalfWord) refers to stm32f10x_flash.o(i.FLASH_WaitForLastOperation) for FLASH_WaitForLastOperation
    stm32f10x_flash.o(i.FLASH_ProgramOptionByteData) refers to stm32f10x_flash.o(i.FLASH_WaitForLastOperation) for FLASH_WaitForLastOperation
    stm32f10x_flash.o(i.FLASH_ProgramWord) refers to stm32f10x_flash.o(i.FLASH_WaitForLastOperation) for FLASH_WaitForLastOperation
    stm32f10x_flash.o(i.FLASH_ReadOutProtection) refers to stm32f10x_flash.o(i.FLASH_WaitForLastOperation) for FLASH_WaitForLastOperation
[...]
    .text                                    0x08000700   Section        0  _printf_truncate.o(.text)
    .text                                    0x08000724   Section        0  _printf_intcommon.o(.text)
    .text                                    0x080007d6   Section        0  _printf_charcount.o(.text)
    .text                                    0x080007fe   Section        0  _printf_fp_dec.o(.text)
    _fp_digits                               0x08000801   Thumb Code   432  _printf_fp_dec.o(.text)
    .text                                    0x08000c1c   Section        0  _printf_char_common.o(.text)
    _printf_input_char                       0x08000c1d   Thumb Code    10  _printf_char_common.o(.text)
    .text                                    0x08000c4c   Section        0  _sputc.o(.text)
    .text                                    0x08000c56   Section        0  _snputc.o(.text)
    .text                                    0x08000c66   Section        0  _printf_char.o(.text)
    .text                                    0x08000c94   Section        0  _printf_char_file.o(.text)
    .text                                    0x08000cb8   Section        0  _printf_wctomb.o(.text)
    .text                                    0x08000d74   Section        0  _printf_longlong_dec.o(.text)
    .text                                    0x08000df0   Section        0  _printf_oct_int_ll.o(.text)
    _printf_longlong_oct_internal            0x08000df1   Thumb Code     0  _printf_oct_int_ll.o(.text)
    .text                                    0x08000e60   Section        8  libspace.o(.text)
    .text                                    0x08000e68   Section        8  rt_locale_intlibspace.o(.text)
    .text                                    0x08000e70   Section      138  lludiv10.o(.text)
    .text                                    0x08000efc   Section        0  _printf_fp_hex.o(.text)
    .text                                    0x080011f8   Section        0  _printf_fp_infnan.o(.text)
    .text                                    0x08001278   Section        0  _printf_wchar.o(.text)
    .text                                    0x080012a4   Section        0  bigflt0.o(.text)
    .text                                    0x08001388   Section        0  ferror.o(.text)
    .text                                    0x08001390   Section        0  _wcrtomb.o(.text)
    .text                                    0x080013d0   Section       74  sys_stackheap_outer.o(.text)
    .text                                    0x0800141a   Section        0  exit.o(.text)
    .text                                    0x0800142c   Section      128  strcmpv7m.o(.text)
    CL$$btod_d2e                             0x080014ac   Section       62  btod.o(CL$$btod_d2e)
    CL$$btod_d2e_denorm_low                  0x080014ea   Section       70  btod.o(CL$$btod_d2e_denorm_low)
    CL$$btod_d2e_norm_op1                    0x08001530   Section       96  btod.o(CL$$btod_d2e_norm_op1)
    CL$$btod_div_common                      0x08001590   Section      824  btod.o(CL$$btod_div_common)
    CL$$btod_e2e                             0x080018c8   Section      220  btod.o(CL$$btod_e2e)
    CL$$btod_ediv                            0x080019a4   Section       42  btod.o(CL$$btod_ediv)
    CL$$btod_emul                            0x080019ce   Section       42  btod.o(CL$$btod_emul)
    CL$$btod_mult_common                     0x080019f8   Section      580  btod.o(CL$$btod_mult_common)
    i.BEEP_Init                              0x08001c3c   Section        0  beep.o(i.BEEP_Init)
    i.BusFault_Handler                       0x08001c70   Section        0  stm32f10x_it.o(i.BusFault_Handler)
    i.CalulateCRC                            0x08001c74   Section        0  rc522.o(i.CalulateCRC)
    i.ClearBitMask                           0x08001ce0   Section        0  rc522.o(i.ClearBitMask)
    i.DEBUG_LOG                              0x08001cfc   Section        0  usart.o(i.DEBUG_LOG)
    i.DebugMon_Handler                       0x08001d68   Section        0  stm32f10x_it.o(i.DebugMon_Handler)
    i.EXTI0_IRQHandler                       0x08001d6a   Section        0  exti.o(i.EXTI0_IRQHandler)
    i.EXTI1_IRQHandler                       0x08001d7a   Section        0  exti.o(i.EXTI1_IRQHandler)
    i.EXTIX_Init                             0x08001d8a   Section        0  exti.o(i.EXTIX_Init)
    i.EXTI_ClearITPendingBit                 0x08001e18   Section        0  stm32f10x_exti.o(i.EXTI_ClearITPendingBit)
    i.EXTI_Init                              0x08001e24   Section        0  stm32f10x_exti.o(i.EXTI_Init)
    i.GPIO_EXTILineConfig                    0x08001eb8   Section        0  stm32f10x_gpio.o(i.GPIO_EXTILineConfig)
    i.GPIO_Init                              0x08001ef8   Section        0  stm32f10x_gpio.o(i.GPIO_Init)
    i.GPIO_ReadInputDataBit                  0x0800200e   Section        0  stm32f10x_gpio.o(i.GPIO_ReadInputDataBit)
    i.GPIO_ResetBits                         0x08002020   Section        0  stm32f10x_gpio.o(i.GPIO_ResetBits)
    i.GPIO_SetBits                           0x08002024   Section        0  stm32f10x_gpio.o(i.GPIO_SetBits)
    i.HardFault_Handler                      0x08002028   Section        0  stm32f10x_it.o(i.HardFault_Handler)
    i.LED_Init                               0x0800202c   Section        0  led.o(i.LED_Init)
    i.M500PcdConfigISOType                   0x08002058   Section        0  rc522.o(i.M500PcdConfigISOType)
    i.MemManage_Handler                      0x080020ac   Section        0  stm32f10x_it.o(i.MemManage_Handler)
    i.NMI_Handler                            0x080020b0   Section        0  stm32f10x_it.o(i.NMI_Handler)
    i.NVIC_Init                              0x080020b4   Section        0  misc.o(i.NVIC_Init)
    i.NVIC_PriorityGroupConfig               0x08002124   Section        0  misc.o(i.NVIC_PriorityGroupConfig)
    i.PcdAntennaOff                          0x08002138   Section        0  rc522.o(i.PcdAntennaOff)
    i.PcdAntennaOn                           0x08002144   Section        0  rc522.o(i.PcdAntennaOn)
    i.PcdAnticoll                            0x0800215e   Section        0  rc522.o(i.PcdAnticoll)
    i.PcdAuthState                           0x080021ce   Section        0  rc522.o(i.PcdAuthState)
    i.PcdComMF522                            0x0800223c   Section        0  rc522.o(i.PcdComMF522)
    i.PcdRead                                0x0800236e   Section        0  rc522.o(i.PcdRead)
    i.PcdRequest                             0x080023c2   Section        0  rc522.o(i.PcdRequest)
    i.PcdReset                               0x08002418   Section        0  rc522.o(i.PcdReset)
    i.PcdSelect                              0x08002498   Section        0  rc522.o(i.PcdSelect)
    i.PcdWrite                               0x0800250a   Section        0  rc522.o(i.PcdWrite)
    i.PendSV_Handler                         0x080025a6   Section        0  stm32f10x_it.o(i.PendSV_Handler)
    i.Pump_Init                              0x080025a8   Section        0  pump.o(i.Pump_Init)
    i.RC522_Init                             0x080025dc   Section        0  rc522.o(i.RC522_Init)
    i.RCC_APB1PeriphClockCmd                 0x08002608   Section        0  stm32f10x_rcc.o(i.RCC_APB1PeriphClockCmd)
    i.RCC_APB2PeriphClockCmd                 0x08002628   Section        0  stm32f10x_rcc.o(i.RCC_APB2PeriphClockCmd)
    i.RCC_GetClocksFreq                      0x08002648   Section        0  stm32f10x_rcc.o(i.RCC_GetClocksFreq)
    i.ReadRawRC                              0x0800271c   Section        0  rc522.o(i.ReadRawRC)
    i.SPI1_Init                              0x08002750   Section        0  rc522.o(i.SPI1_Init)
    i.SPI_Cmd                                0x0800283c   Section        0  stm32f10x_spi.o(i.SPI_Cmd)
    i.SPI_Init                               0x08002854   Section        0  stm32f10x_spi.o(i.SPI_Init)
    i.SPI_RC522_ReadByte                     0x08002890   Section        0  rc522.o(i.SPI_RC522_ReadByte)
    i.SPI_RC522_SendByte                     0x080028dc   Section        0  rc522.o(i.SPI_RC522_SendByte)
    i.SVC_Handler                            0x08002930   Section        0  stm32f10x_it.o(i.SVC_Handler)
    i.SetBitMask                             0x08002932   Section        0  rc522.o(i.SetBitMask)
    i.SetSysClock                            0x0800294c   Section        0  system_stm32f10x.o(i.SetSysClock)
    SetSysClock                              0x0800294d   Thumb Code     8  system_stm32f10x.o(i.SetSysClock)
    i.SetSysClockTo72                        0x08002954   Section        0  system_stm32f10x.o(i.SetSysClockTo72)
    SetSysClockTo72                          0x08002955   Thumb Code   214  system_stm32f10x.o(i.SetSysClockTo72)
    i.ShowID                                 0x08002a34   Section        0  rc522.o(i.ShowID)
    i.SysTick_CLKSourceConfig                0x08002b00   Section        0  misc.o(i.SysTick_CLKSourceConfig)
    i.SysTick_Handler                        0x08002b28   Section        0  stm32f10x_it.o(i.SysTick_Handler)
    i.SystemInit                             0x08002b2c   Section        0  system_stm32f10x.o(i.SystemInit)
    i.TIM2_IRQHandler                        0x08002b8c   Section        0  waterflow.o(i.TIM2_IRQHandler)
    i.TIM3_IRQHandler                        0x08002c30   Section        0  timer.o(i.TIM3_IRQHandler)
    i.TIM3_Int_Init                          0x08002c4c   Section        0  timer.o(i.TIM3_Int_Init)
    i.TIM_ClearITPendingBit                  0x08002cac   Section        0  stm32f10x_tim.o(i.TIM_ClearITPendingBit)
    i.TIM_Cmd                                0x08002cb2   Section        0  stm32f10x_tim.o(i.TIM_Cmd)
    i.TIM_GetCapture1                        0x08002cca   Section        0  stm32f10x_tim.o(i.TIM_GetCapture1)
    i.TIM_GetITStatus                        0x08002cd0   Section        0  stm32f10x_tim.o(i.TIM_GetITStatus)
    i.TIM_ITConfig                           0x08002cf2   Section        0  stm32f10x_tim.o(i.TIM_ITConfig)
    i.TIM_TimeBaseInit                       0x08002d04   Section        0  stm32f10x_tim.o(i.TIM_TimeBaseInit)
    i.USART1_IRQHandler                      0x08002da8   Section        0  usart.o(i.USART1_IRQHandler)
    i.USART2_IRQHandler                      0x08002e30   Section        0  esp8266.o(i.USART2_IRQHandler)
    i.USART_ClearFlag                        0x08002e7c   Section        0  stm32f10x_usart.o(i.USART_ClearFlag)
    i.USART_Cmd                              0x08002e8e   Section        0  stm32f10x_usart.o(i.USART_Cmd)
    i.USART_GetFlagStatus                    0x08002ea6   Section        0  stm32f10x_usart.o(i.USART_GetFlagStatus)
    i.USART_GetITStatus                      0x08002ec0   Section        0  stm32f10x_usart.o(i.USART_GetITStatus)
    i.USART_ITConfig                         0x08002f14   Section        0  stm32f10x_usart.o(i.USART_ITConfig)
    i.USART_Init                             0x08002f60   Section        0  stm32f10x_usart.o(i.USART_Init)
    i.USART_ReceiveData                      0x08003038   Section        0  stm32f10x_usart.o(i.USART_ReceiveData)
    i.USART_SendData                         0x08003042   Section        0  stm32f10x_usart.o(i.USART_SendData)
    i.UsageFault_Handler                     0x0800304a   Section        0  stm32f10x_it.o(i.UsageFault_Handler)
    i.Usart2_Init                            0x08003050   Section        0  usart.o(i.Usart2_Init)
    i.UsartPrintf                            0x080030fc   Section        0  usart.o(i.UsartPrintf)
    i.WaitCardOff                            0x08003144   Section        0  rc522.o(i.WaitCardOff)
    i.WriteRawRC                             0x08003178   Section        0  rc522.o(i.WriteRawRC)
    i.__ARM_fpclassify                       0x080031a8   Section        0  fpclassify.o(i.__ARM_fpclassify)
    i._is_digit                              0x080031d0   Section        0  __printf_wp.o(i._is_digit)
    i._sys_exit                              0x080031de   Section        0  usart.o(i._sys_exit)
    i.delay_init                             0x080031e4   Section        0  delay.o(i.delay_init)
    i.delay_ms                               0x08003228   Section        0  delay.o(i.delay_ms)
    i.delay_us                               0x08003274   Section        0  delay.o(i.delay_us)
    i.fputc                                  0x080032c0   Section        0  usart.o(i.fputc)
    i.main                                   0x080032dc   Section        0  main.o(i.main)
    i.test_read_write                        0x080034b4   Section        0  pay.o(i.test_read_write)
    i.uart_init                              0x08003660   Section        0  usart.o(i.uart_init)
    locale$$code                             0x08003700   Section       44  lc_ctype_c.o(locale$$code)
    locale$$code                             0x0800372c   Section       44  lc_numeric_c.o(locale$$code)
    x$fpl$fadd                               0x08003758   Section      196  faddsub_clz.o(x$fpl$fadd)
    _fadd1                                   0x08003767   Thumb Code     0  faddsub_clz.o(x$fpl$fadd)
    x$fpl$fdiv                               0x0800381c   Section      388  fdiv.o(x$fpl$fdiv)
    _fdiv1                                   0x0800381d   Thumb Code     0  fdiv.o(x$fpl$fdiv)
    x$fpl$ffltu                              0x080039a0   Section       38  fflt_clz.o(x$fpl$ffltu)
    x$fpl$fmul                               0x080039c8   Section      258  fmul.o(x$fpl$fmul)
    x$fpl$fnaninf                            0x08003aca   Section      140  fnaninf.o(x$fpl$fnaninf)
    x$fpl$fretinf                            0x08003b56   Section       10  fretinf.o(x$fpl$fretinf)
    x$fpl$fsub                               0x08003b60   Section      234  faddsub_clz.o(x$fpl$fsub)
    _fsub1                                   0x08003b6f   Thumb Code     0  faddsub_clz.o(x$fpl$fsub)
    x$fpl$printf1                            0x08003c4a   Section        4  printf1.o(x$fpl$printf1)
    x$fpl$printf2                            0x08003c4e   Section        4  printf2.o(x$fpl$printf2)
    .constdata                               0x08003c52   Section       40  _printf_hex_int_ll_ptr.o(.constdata)
    x$fpl$usenofp                            0x08003c52   Section        0  usenofp.o(x$fpl$usenofp)
    uc_hextab                                0x08003c52   Data          20  _printf_hex_int_ll_ptr.o(.constdata)
    lc_hextab                                0x08003c66   Data          20  _printf_hex_int_ll_ptr.o(.constdata)
    .constdata                               0x08003c7a   Section       17  __printf_flags_ss_wp.o(.constdata)
    maptable                                 0x08003c7a   Data          17  __printf_flags_ss_wp.o(.constdata)
    .constdata                               0x08003c8c   Section        8  _printf_wctomb.o(.constdata)
    initial_mbstate                          0x08003c8c   Data           8  _printf_wctomb.o(.constdata)
    .constdata                               0x08003c94   Section       38  _printf_fp_hex.o(.constdata)
    lc_hextab                                0x08003c94   Data          19  _printf_fp_hex.o(.constdata)
    uc_hextab                                0x08003ca7   Data          19  _printf_fp_hex.o(.constdata)
    .constdata                               0x08003cbc   Section      148  bigflt0.o(.constdata)
    tenpwrs_x                                0x08003cbc   Data          60  bigflt0.o(.constdata)
    tenpwrs_i                                0x08003cf8   Data          64  bigflt0.o(.constdata)
    locale$$data                             0x08003d70   Section      272  lc_ctype_c.o(locale$$data)
    __lcctype_c_name                         0x08003d74   Data           2  lc_ctype_c.o(locale$$data)
    __lcctype_c_start                        0x08003d7c   Data           0  lc_ctype_c.o(locale$$data)
    locale$$data                             0x08003e80   Section       28  lc_numeric_c.o(locale$$data)
    __lcctype_c_end                          0x08003e80   Data           0  lc_ctype_c.o(locale$$data)
    __lcnum_c_name                           0x08003e84   Data           2  lc_numeric_c.o(locale$$data)
    __lcnum_c_start                          0x08003e8c   Data           0  lc_numeric_c.o(locale$$data)
    __lcnum_c_point                          0x08003e98   Data           0  lc_numeric_c.o(locale$$data)
    __lcnum_c_thousands                      0x08003e9a   Data           0  lc_numeric_c.o(locale$$data)
    __lcnum_c_grouping                       0x08003e9b   Data           0  lc_numeric_c.o(locale$$data)
    __lcnum_c_end                            0x08003e9c   Data           0  lc_numeric_c.o(locale$$data)
    .data                                    0x20000000   Section       20  system_stm32f10x.o(.data)
    .data                                    0x20000014   Section       20  stm32f10x_rcc.o(.data)
    APBAHBPrescTable                         0x20000014   Data          16  stm32f10x_rcc.o(.data)
    ADCPrescTable                            0x20000024   Data           4  stm32f10x_rcc.o(.data)
    .data                                    0x20000028   Section        4  delay.o(.data)
    fac_us                                   0x20000028   Data           1  delay.o(.data)
    fac_ms                                   0x2000002a   Data           2  delay.o(.data)
    .data                                    0x2000002c   Section        6  usart.o(.data)
    .data                                    0x20000034   Section       12  waterflow.o(.data)
    .data                                    0x20000040   Section       43  pay.o(.data)
    .data                                    0x2000006c   Section        4  esp8266.o(.data)
    .bss                                     0x20000070   Section      200  usart.o(.bss)
    .bss                                     0x20000138   Section       57  rc522.o(.bss)
    .bss                                     0x20000171   Section       32  pay.o(.bss)
    .bss                                     0x20000191   Section     1024  esp8266.o(.bss)
    .bss                                     0x20000594   Section       96  libspace.o(.bss)
    HEAP                                     0x200005f8   Section      512  startup_stm32f10x_md.o(HEAP)
    Heap_Mem                                 0x200005f8   Data         512  startup_stm32f10x_md.o(HEAP)
    STACK                                    0x200007f8   Section     1024  startup_stm32f10x_md.o(STACK)
    Stack_Mem                                0x200007f8   Data        1024  startup_stm32f10x_md.o(STACK)
    __initial_sp                             0x20000bf8   Data           0  startup_stm32f10x_md.o(STACK)

    Global Symbols

    Symbol Name                              Value     Ov Type        Size  Object(Section)

    BuildAttributes$$THM_ISAv4$P$D$K$B$S$PE$A:L22UL41UL21$X:L11$S22US41US21$IEEE1$IW$USESV6$~STKCKD$USESV7$~SHL$OTIME$ROPI$IEEEX$EBA8$UX$STANDARDLIB$REQ8$PRES8$EABIv2 0x00000000   Number         0  anon$$obj.o ABSOLUTE
    __ARM_use_no_argv                        0x00000000   Number         0  main.o ABSOLUTE
    _printf_flags                            0x00000000   Number         0  printf_stubs.o ABSOLUTE
    _printf_return_value                     0x00000000   Number         0  printf_stubs.o ABSOLUTE
    _printf_sizespec                         0x00000000   Number         0  printf_stubs.o ABSOLUTE
    _printf_widthprec                        0x00000000   Number         0  printf_stubs.o ABSOLUTE
    __ARM_exceptions_init                     - Undefined Weak Reference
    __alloca_initialize                       - Undefined Weak Reference
    __arm_preinit_                            - Undefined Weak Reference
    __cpp_initialize__aeabi_                  - Undefined Weak Reference
    __cxa_finalize                            - Undefined Weak Reference
    __sigvec_lookup                           - Undefined Weak Reference
    __user_heap_extent                        - Undefined Weak Reference
    _atexit_init                              - Undefined Weak Reference
    _call_atexit_fns                          - Undefined Weak Reference
    _clock_init                               - Undefined Weak Reference
    _fp_trap_init                             - Undefined Weak Reference
    _fp_trap_shutdown                         - Undefined Weak Reference
    _get_lc_collate                           - Undefined Weak Reference
    _get_lc_monetary                          - Undefined Weak Reference
    _get_lc_time                              - Undefined Weak Reference
    _getenv_init                              - Undefined Weak Reference
    _handle_redirection                       - Undefined Weak Reference
    _initio                                   - Undefined Weak Reference
    _mutex_acquire                            - Undefined Weak Reference
    _mutex_free                               - Undefined Weak Reference
    _mutex_release                            - Undefined Weak Reference
    _printf_mbtowc                            - Undefined Weak Reference
    _printf_wc                                - Undefined Weak Reference
    _rand_init                                - Undefined Weak Reference
    _signal_finish                            - Undefined Weak Reference
    _signal_init                              - Undefined Weak Reference
    _terminateio                              - Undefined Weak Reference
    __Vectors_Size                           0x000000ec   Number         0  startup_stm32f10x_md.o ABSOLUTE
    __Vectors                                0x08000000   Data           4  startup_stm32f10x_md.o(RESET)
    __Vectors_End                            0x080000ec   Data           0  startup_stm32f10x_md.o(RESET)
    __main                                   0x080000ed   Thumb Code     8  __main.o(!!!main)
    __scatterload                            0x080000f5   Thumb Code     0  __scatter.o(!!!scatter)
    __scatterload_rt2                        0x080000f5   Thumb Code    44  __scatter.o(!!!scatter)
    __scatterload_rt2_thumb_only             0x080000f5   Thumb Code     0  __scatter.o(!!!scatter)
    __scatterload_null                       0x08000103   Thumb Code     0  __scatter.o(!!!scatter)
    __scatterload_copy                       0x08000129   Thumb Code    26  __scatter_copy.o(!!handler_copy)
    __scatterload_zeroinit                   0x08000145   Thumb Code    28  __scatter_zi.o(!!handler_zi)
    _printf_n                                0x08000161   Thumb Code     0  _printf_n.o(.ARM.Collect$$_printf_percent$$00000001)
    _printf_percent                          0x08000161   Thumb Code     0  _printf_percent.o(.ARM.Collect$$_printf_percent$$00000000)
    _printf_p                                0x08000167   Thumb Code     0  _printf_p.o(.ARM.Collect$$_printf_percent$$00000002)
    _printf_f                                0x0800016d   Thumb Code     0  _printf_f.o(.ARM.Collect$$_printf_percent$$00000003)
    _printf_e                                0x08000173   Thumb Code     0  _printf_e.o(.ARM.Collect$$_printf_percent$$00000004)
    _printf_g                                0x08000179   Thumb Code     0  _printf_g.o(.ARM.Collect$$_printf_percent$$00000005)
    _printf_a                                0x0800017f   Thumb Code     0  _printf_a.o(.ARM.Collect$$_printf_percent$$00000006)
    _printf_ll                               0x08000185   Thumb Code     0  _printf_ll.o(.ARM.Collect$$_printf_percent$$00000007)
    _printf_i                                0x0800018f   Thumb Code     0  _printf_i.o(.ARM.Collect$$_printf_percent$$00000008)
    _printf_d                                0x08000195   Thumb Code     0  _printf_d.o(.ARM.Collect$$_printf_percent$$00000009)
    _printf_u                                0x0800019b   Thumb Code     0  _printf_u.o(.ARM.Collect$$_printf_percent$$0000000A)
    _printf_o                                0x080001a1   Thumb Code     0  _printf_o.o(.ARM.Collect$$_printf_percent$$0000000B)
    _printf_x                                0x080001a7   Thumb Code     0  _printf_x.o(.ARM.Collect$$_printf_percent$$0000000C)
    _printf_lli                              0x080001ad   Thumb Code     0  _printf_lli.o(.ARM.Collect$$_printf_percent$$0000000D)
    _printf_lld                              0x080001b3   Thumb Code     0  _printf_lld.o(.ARM.Collect$$_printf_percent$$0000000E)
    _printf_llu                              0x080001b9   Thumb Code     0  _printf_llu.o(.ARM.Collect$$_printf_percent$$0000000F)
    _printf_llo                              0x080001bf   Thumb Code     0  _printf_llo.o(.ARM.Collect$$_printf_percent$$00000010)
    _printf_llx                              0x080001c5   Thumb Code     0  _printf_llx.o(.ARM.Collect$$_printf_percent$$00000011)
    _printf_l                                0x080001cb   Thumb Code     0  _printf_l.o(.ARM.Collect$$_printf_percent$$00000012)
    _printf_c                                0x080001d5   Thumb Code     0  _printf_c.o(.ARM.Collect$$_printf_percent$$00000013)
    _printf_s                                0x080001db   Thumb Code     0  _printf_s.o(.ARM.Collect$$_printf_percent$$00000014)
    _printf_lc                               0x080001e1   Thumb Code     0  _printf_lc.o(.ARM.Collect$$_printf_percent$$00000015)
    _printf_ls                               0x080001e7   Thumb Code     0  _printf_ls.o(.ARM.Collect$$_printf_percent$$00000016)
    _printf_percent_end                      0x080001ed   Thumb Code     0  _printf_percent_end.o(.ARM.Collect$$_printf_percent$$00000017)
    __rt_lib_init                            0x080001f1   Thumb Code     0  libinit.o(.ARM.Collect$$libinit$$00000000)
    __rt_lib_init_fp_1                       0x080001f3   Thumb Code     0  libinit2.o(.ARM.Collect$$libinit$$00000002)
    __rt_lib_init_heap_1                     0x080001f3   Thumb Code     0  libinit2.o(.ARM.Collect$$libinit$$0000000A)
    __rt_lib_init_lc_common                  0x080001f3   Thumb Code     0  libinit2.o(.ARM.Collect$$libinit$$0000000F)
    __rt_lib_init_preinit_1                  0x080001f3   Thumb Code     0  libinit2.o(.ARM.Collect$$libinit$$00000004)
    __rt_lib_init_rand_1                     0x080001f3   Thumb Code     0  libinit2.o(.ARM.Collect$$libinit$$0000000E)
    __rt_lib_init_user_alloc_1               0x080001f3   Thumb Code     0  libinit2.o(.ARM.Collect$$libinit$$0000000C)
    __rt_lib_init_lc_collate_1               0x080001f9   Thumb Code     0  libinit2.o(.ARM.Collect$$libinit$$00000011)
    __rt_lib_init_lc_ctype_2                 0x080001f9   Thumb Code     0  libinit2.o(.ARM.Collect$$libinit$$00000012)
    __rt_lib_init_lc_ctype_1                 0x08000205   Thumb Code     0  libinit2.o(.ARM.Collect$$libinit$$00000013)
    __rt_lib_init_lc_monetary_1              0x08000205   Thumb Code     0  libinit2.o(.ARM.Collect$$libinit$$00000015)
    __rt_lib_init_lc_numeric_2               0x08000205   Thumb Code     0  libinit2.o(.ARM.Collect$$libinit$$00000016)
    __rt_lib_init_alloca_1                   0x0800020f   Thumb Code     0  libinit2.o(.ARM.Collect$$libinit$$0000002E)
    __rt_lib_init_argv_1                     0x0800020f   Thumb Code     0  libinit2.o(.ARM.Collect$$libinit$$0000002C)
    __rt_lib_init_atexit_1                   0x0800020f   Thumb Code     0  libinit2.o(.ARM.Collect$$libinit$$0000001B)
    __rt_lib_init_clock_1                    0x0800020f   Thumb Code     0  libinit2.o(.ARM.Collect$$libinit$$00000021)
    __rt_lib_init_cpp_1                      0x0800020f   Thumb Code     0  libinit2.o(.ARM.Collect$$libinit$$00000032)
    __rt_lib_init_exceptions_1               0x0800020f   Thumb Code     0  libinit2.o(.ARM.Collect$$libinit$$00000030)
    __rt_lib_init_fp_trap_1                  0x0800020f   Thumb Code     0  libinit2.o(.ARM.Collect$$libinit$$0000001F)
    __rt_lib_init_getenv_1                   0x0800020f   Thumb Code     0  libinit2.o(.ARM.Collect$$libinit$$00000023)
    __rt_lib_init_lc_numeric_1               0x0800020f   Thumb Code     0  libinit2.o(.ARM.Collect$$libinit$$00000017)
    __rt_lib_init_lc_time_1                  0x0800020f   Thumb Code     0  libinit2.o(.ARM.Collect$$libinit$$00000019)
    __rt_lib_init_return                     0x0800020f   Thumb Code     0  libinit2.o(.ARM.Collect$$libinit$$00000033)
    __rt_lib_init_signal_1                   0x0800020f   Thumb Code     0  libinit2.o(.ARM.Collect$$libinit$$0000001D)
    __rt_lib_init_stdio_1                    0x0800020f   Thumb Code     0  libinit2.o(.ARM.Collect$$libinit$$00000025)
    __rt_lib_shutdown                        0x08000211   Thumb Code     0  libshutdown.o(.ARM.Collect$$libshutdown$$00000000)
    __rt_lib_shutdown_cpp_1                  0x08000213   Thumb Code     0  libshutdown2.o(.ARM.Collect$$libshutdown$$00000002)
    __rt_lib_shutdown_fp_trap_1              0x08000213   Thumb Code     0  libshutdown2.o(.ARM.Collect$$libshutdown$$00000007)
    __rt_lib_shutdown_heap_1                 0x08000213   Thumb Code     0  libshutdown2.o(.ARM.Collect$$libshutdown$$0000000F)
    __rt_lib_shutdown_return                 0x08000213   Thumb Code     0  libshutdown2.o(.ARM.Collect$$libshutdown$$00000010)
    __rt_lib_shutdown_signal_1               0x08000213   Thumb Code     0  libshutdown2.o(.ARM.Collect$$libshutdown$$0000000A)
    __rt_lib_shutdown_stdio_1                0x08000213   Thumb Code     0  libshutdown2.o(.ARM.Collect$$libshutdown$$00000004)
    __rt_lib_shutdown_user_alloc_1           0x08000213   Thumb Code     0  libshutdown2.o(.ARM.Collect$$libshutdown$$0000000C)
    __rt_entry                               0x08000215   Thumb Code     0  __rtentry.o(.ARM.Collect$$rtentry$$00000000)
    __rt_entry_presh_1                       0x08000215   Thumb Code     0  __rtentry2.o(.ARM.Collect$$rtentry$$00000002)
    __rt_entry_sh                            0x08000215   Thumb Code     0  __rtentry4.o(.ARM.Collect$$rtentry$$00000004)
    __rt_entry_li                            0x0800021b   Thumb Code     0  __rtentry2.o(.ARM.Collect$$rtentry$$0000000A)
    __rt_entry_postsh_1                      0x0800021b   Thumb Code     0  __rtentry2.o(.ARM.Collect$$rtentry$$00000009)
    __rt_entry_main                          0x0800021f   Thumb Code     0  __rtentry2.o(.ARM.Collect$$rtentry$$0000000D)
    __rt_entry_postli_1                      0x0800021f   Thumb Code     0  __rtentry2.o(.ARM.Collect$$rtentry$$0000000C)
    __rt_exit                                0x08000227   Thumb Code     0  rtexit.o(.ARM.Collect$$rtexit$$00000000)
    __rt_exit_ls                             0x08000229   Thumb Code     0  rtexit2.o(.ARM.Collect$$rtexit$$00000003)
    __rt_exit_prels_1                        0x08000229   Thumb Code     0  rtexit2.o(.ARM.Collect$$rtexit$$00000002)
    __rt_exit_exit                           0x0800022d   Thumb Code     0  rtexit2.o(.ARM.Collect$$rtexit$$00000004)
    Reset_Handler                            0x08000235   Thumb Code     8  startup_stm32f10x_md.o(.text)
    ADC1_2_IRQHandler                        0x0800024f   Thumb Code     0  startup_stm32f10x_md.o(.text)
    CAN1_RX1_IRQHandler                      0x0800024f   Thumb Code     0  startup_stm32f10x_md.o(.text)
    CAN1_SCE_IRQHandler                      0x0800024f   Thumb Code     0  startup_stm32f10x_md.o(.text)
    DMA1_Channel1_IRQHandler                 0x0800024f   Thumb Code     0  startup_stm32f10x_md.o(.text)
    DMA1_Channel2_IRQHandler                 0x0800024f   Thumb Code     0  startup_stm32f10x_md.o(.text)
    DMA1_Channel3_IRQHandler                 0x0800024f   Thumb Code     0  startup_stm32f10x_md.o(.text)
    DMA1_Channel4_IRQHandler                 0x0800024f   Thumb Code     0  startup_stm32f10x_md.o(.text)
    DMA1_Channel5_IRQHandler                 0x0800024f   Thumb Code     0  startup_stm32f10x_md.o(.text)
    DMA1_Channel6_IRQHandler                 0x0800024f   Thumb Code     0  startup_stm32f10x_md.o(.text)
    DMA1_Channel7_IRQHandler                 0x0800024f   Thumb Code     0  startup_stm32f10x_md.o(.text)
    EXTI15_10_IRQHandler                     0x0800024f   Thumb Code     0  startup_stm32f10x_md.o(.text)
    EXTI2_IRQHandler                         0x0800024f   Thumb Code     0  startup_stm32f10x_md.o(.text)
    EXTI3_IRQHandler                         0x0800024f   Thumb Code     0  startup_stm32f10x_md.o(.text)
    EXTI4_IRQHandler                         0x0800024f   Thumb Code     0  startup_stm32f10x_md.o(.text)
    EXTI9_5_IRQHandler                       0x0800024f   Thumb Code     0  startup_stm32f10x_md.o(.text)
    FLASH_IRQHandler                         0x0800024f   Thumb Code     0  startup_stm32f10x_md.o(.text)
    I2C1_ER_IRQHandler                       0x0800024f   Thumb Code     0  startup_stm32f10x_md.o(.text)
    I2C1_EV_IRQHandler                       0x0800024f   Thumb Code     0  startup_stm32f10x_md.o(.text)
    I2C2_ER_IRQHandler                       0x0800024f   Thumb Code     0  startup_stm32f10x_md.o(.text)
    I2C2_EV_IRQHandler                       0x0800024f   Thumb Code     0  startup_stm32f10x_md.o(.text)
    PVD_IRQHandler                           0x0800024f   Thumb Code     0  startup_stm32f10x_md.o(.text)
    RCC_IRQHandler                           0x0800024f   Thumb Code     0  startup_stm32f10x_md.o(.text)
    RTCAlarm_IRQHandler                      0x0800024f   Thumb Code     0  startup_stm32f10x_md.o(.text)
    RTC_IRQHandler                           0x0800024f   Thumb Code     0  startup_stm32f10x_md.o(.text)
    SPI1_IRQHandler                          0x0800024f   Thumb Code     0  startup_stm32f10x_md.o(.text)
    SPI2_IRQHandler                          0x0800024f   Thumb Code     0  startup_stm32f10x_md.o(.text)
    TAMPER_IRQHandler                        0x0800024f   Thumb Code     0  startup_stm32f10x_md.o(.text)
    TIM1_BRK_IRQHandler                      0x0800024f   Thumb Code     0  startup_stm32f10x_md.o(.text)
    TIM1_CC_IRQHandler                       0x0800024f   Thumb Code     0  startup_stm32f10x_md.o(.text)
    TIM1_TRG_COM_IRQHandler                  0x0800024f   Thumb Code     0  startup_stm32f10x_md.o(.text)
    TIM1_UP_IRQHandler                       0x0800024f   Thumb Code     0  startup_stm32f10x_md.o(.text)
    TIM4_IRQHandler                          0x0800024f   Thumb Code     0  startup_stm32f10x_md.o(.text)
    USART3_IRQHandler                        0x0800024f   Thumb Code     0  startup_stm32f10x_md.o(.text)
    USBWakeUp_IRQHandler                     0x0800024f   Thumb Code     0  startup_stm32f10x_md.o(.text)
    USB_HP_CAN1_TX_IRQHandler                0x0800024f   Thumb Code     0  startup_stm32f10x_md.o(.text)
    USB_LP_CAN1_RX0_IRQHandler               0x0800024f   Thumb Code     0  startup_stm32f10x_md.o(.text)
    WWDG_IRQHandler                          0x0800024f   Thumb Code     0  startup_stm32f10x_md.o(.text)
    __user_initial_stackheap                 0x08000251   Thumb Code     0  startup_stm32f10x_md.o(.text)
    __use_no_semihosting                     0x08000275   Thumb Code     2  use_no_semi_2.o(.text)
    vsnprintf                                0x08000279   Thumb Code    48  vsnprintf.o(.text)
    __2printf                                0x080002ad   Thumb Code    20  __2printf.o(.text)
    _printf_pre_padding                      0x080002c5   Thumb Code    44  _printf_pad.o(.text)
    _printf_post_padding                     0x080002f1   Thumb Code    34  _printf_pad.o(.text)
    _printf_str                              0x08000313   Thumb Code    82  _printf_str.o(.text)
    _printf_int_dec                          0x08000365   Thumb Code   104  _printf_dec.o(.text)
    _printf_longlong_hex                     0x080003dd   Thumb Code    86  _printf_hex_int_ll_ptr.o(.text)
    _printf_int_hex                          0x08000433   Thumb Code    28  _printf_hex_int_ll_ptr.o(.text)
    _printf_ll_hex                           0x0800044f   Thumb Code    12  _printf_hex_int_ll_ptr.o(.text)
    _printf_hex_ptr                          0x0800045b   Thumb Code    18  _printf_hex_int_ll_ptr.o(.text)
    __printf                                 0x08000471   Thumb Code   388  __printf_flags_ss_wp.o(.text)
    __aeabi_memcpy                           0x080005f9   Thumb Code     0  rt_memcpy_v6.o(.text)
    __rt_memcpy                              0x080005f9   Thumb Code   138  rt_memcpy_v6.o(.text)
    _memcpy_lastbytes                        0x0800065f   Thumb Code     0  rt_memcpy_v6.o(.text)
    __aeabi_memcpy4                          0x08000683   Thumb Code     0  rt_memcpy_w.o(.text)
    __aeabi_memcpy8                          0x08000683   Thumb Code     0  rt_memcpy_w.o(.text)
    __rt_memcpy_w                            0x08000683   Thumb Code   100  rt_memcpy_w.o(.text)
    _memcpy_lastbytes_aligned                0x080006cb   Thumb Code     0  rt_memcpy_w.o(.text)
    __use_two_region_memory                  0x080006e7   Thumb Code     2  heapauxi.o(.text)
    __rt_heap_escrow                         0x080006e9   Thumb Code     2  heapauxi.o(.text)
    __rt_heap_expand                         0x080006eb   Thumb Code     2  heapauxi.o(.text)
    __I$use$semihosting                      0x080006ed   Thumb Code     0  use_no_semi.o(.text)
    __use_no_semihosting_swi                 0x080006ed   Thumb Code     2  use_no_semi.o(.text)
    __rt_ctype_table                         0x080006f1   Thumb Code    16  rt_ctype_table.o(.text)
    _printf_truncate_signed                  0x08000701   Thumb Code    18  _printf_truncate.o(.text)
    _printf_truncate_unsigned                0x08000713   Thumb Code    18  _printf_truncate.o(.text)
    _printf_int_common                       0x08000725   Thumb Code   178  _printf_intcommon.o(.text)
    _printf_charcount                        0x080007d7   Thumb Code    40  _printf_charcount.o(.text)
    __lib_sel_fp_printf                      0x080007ff   Thumb Code     2  _printf_fp_dec.o(.text)
    _printf_fp_dec_real                      0x080009b1   Thumb Code   620  _printf_fp_dec.o(.text)
    _printf_char_common                      0x08000c27   Thumb Code    32  _printf_char_common.o(.text)
    _sputc                                   0x08000c4d   Thumb Code    10  _sputc.o(.text)
    _snputc                                  0x08000c57   Thumb Code    16  _snputc.o(.text)
    _printf_cs_common                        0x08000c67   Thumb Code    20  _printf_char.o(.text)
    _printf_char                             0x08000c7b   Thumb Code    16  _printf_char.o(.text)
    _printf_string                           0x08000c8b   Thumb Code     8  _printf_char.o(.text)
    _printf_char_file                        0x08000c95   Thumb Code    32  _printf_char_file.o(.text)
    _printf_wctomb                           0x08000cb9   Thumb Code   182  _printf_wctomb.o(.text)
    _printf_longlong_dec                     0x08000d75   Thumb Code   108  _printf_longlong_dec.o(.text)
    _printf_longlong_oct                     0x08000df1   Thumb Code    66  _printf_oct_int_ll.o(.text)
    _printf_int_oct                          0x08000e33   Thumb Code    24  _printf_oct_int_ll.o(.text)
    _printf_ll_oct                           0x08000e4b   Thumb Code    12  _printf_oct_int_ll.o(.text)
    __user_libspace                          0x08000e61   Thumb Code     8  libspace.o(.text)
    __user_perproc_libspace                  0x08000e61   Thumb Code     0  libspace.o(.text)
    __user_perthread_libspace                0x08000e61   Thumb Code     0  libspace.o(.text)
    __rt_locale                              0x08000e69   Thumb Code     8  rt_locale_intlibspace.o(.text)
    _ll_udiv10                               0x08000e71   Thumb Code   138  lludiv10.o(.text)
    _printf_fp_hex_real                      0x08000efd   Thumb Code   756  _printf_fp_hex.o(.text)
    _printf_fp_infnan                        0x080011f9   Thumb Code   112  _printf_fp_infnan.o(.text)
    _printf_lcs_common                       0x08001279   Thumb Code    20  _printf_wchar.o(.text)
    _printf_wchar                            0x0800128d   Thumb Code    16  _printf_wchar.o(.text)
    _printf_wstring                          0x0800129d   Thumb Code     8  _printf_wchar.o(.text)
    _btod_etento                             0x080012a5   Thumb Code   224  bigflt0.o(.text)
    ferror                                   0x08001389   Thumb Code     8  ferror.o(.text)
    _wcrtomb                                 0x08001391   Thumb Code    64  _wcrtomb.o(.text)
    __user_setup_stackheap                   0x080013d1   Thumb Code    74  sys_stackheap_outer.o(.text)
    exit                                     0x0800141b   Thumb Code    18  exit.o(.text)
    strcmp                                   0x0800142d   Thumb Code   128  strcmpv7m.o(.text)
    _btod_d2e                                0x080014ad   Thumb Code    62  btod.o(CL$$btod_d2e)
    _d2e_denorm_low                          0x080014eb   Thumb Code    70  btod.o(CL$$btod_d2e_denorm_low)
    _d2e_norm_op1                            0x08001531   Thumb Code    96  btod.o(CL$$btod_d2e_norm_op1)
    __btod_div_common                        0x08001591   Thumb Code   696  btod.o(CL$$btod_div_common)
    _e2e                                     0x080018c9   Thumb Code   220  btod.o(CL$$btod_e2e)
    _btod_ediv                               0x080019a5   Thumb Code    42  btod.o(CL$$btod_ediv)
    _btod_emul                               0x080019cf   Thumb Code    42  btod.o(CL$$btod_emul)
    __btod_mult_common                       0x080019f9   Thumb Code   580  btod.o(CL$$btod_mult_common)
    BEEP_Init                                0x08001c3d   Thumb Code    46  beep.o(i.BEEP_Init)
    BusFault_Handler                         0x08001c71   Thumb Code     4  stm32f10x_it.o(i.BusFault_Handler)
    CalulateCRC                              0x08001c75   Thumb Code   108  rc522.o(i.CalulateCRC)
    ClearBitMask                             0x08001ce1   Thumb Code    26  rc522.o(i.ClearBitMask)
    DEBUG_LOG                                0x08001cfd   Thumb Code    86  usart.o(i.DEBUG_LOG)
    DebugMon_Handler                         0x08001d69   Thumb Code     2  stm32f10x_it.o(i.DebugMon_Handler)
    EXTI0_IRQHandler                         0x08001d6b   Thumb Code    16  exti.o(i.EXTI0_IRQHandler)
    EXTI1_IRQHandler                         0x08001d7b   Thumb Code    16  exti.o(i.EXTI1_IRQHandler)
    EXTIX_Init                               0x08001d8b   Thumb Code   140  exti.o(i.EXTIX_Init)
    EXTI_ClearITPendingBit                   0x08001e19   Thumb Code     6  stm32f10x_exti.o(i.EXTI_ClearITPendingBit)
    EXTI_Init                                0x08001e25   Thumb Code   142  stm32f10x_exti.o(i.EXTI_Init)
    GPIO_EXTILineConfig                      0x08001eb9   Thumb Code    60  stm32f10x_gpio.o(i.GPIO_EXTILineConfig)
    GPIO_Init                                0x08001ef9   Thumb Code   278  stm32f10x_gpio.o(i.GPIO_Init)
    GPIO_ReadInputDataBit                    0x0800200f   Thumb Code    18  stm32f10x_gpio.o(i.GPIO_ReadInputDataBit)
    GPIO_ResetBits                           0x08002021   Thumb Code     4  stm32f10x_gpio.o(i.GPIO_ResetBits)
    GPIO_SetBits                             0x08002025   Thumb Code     4  stm32f10x_gpio.o(i.GPIO_SetBits)
    HardFault_Handler                        0x08002029   Thumb Code     4  stm32f10x_it.o(i.HardFault_Handler)
    LED_Init                                 0x0800202d   Thumb Code    40  led.o(i.LED_Init)
    M500PcdConfigISOType                     0x08002059   Thumb Code    84  rc522.o(i.M500PcdConfigISOType)
    MemManage_Handler                        0x080020ad   Thumb Code     4  stm32f10x_it.o(i.MemManage_Handler)
    NMI_Handler                              0x080020b1   Thumb Code     2  stm32f10x_it.o(i.NMI_Handler)
    NVIC_Init                                0x080020b5   Thumb Code   100  misc.o(i.NVIC_Init)
    NVIC_PriorityGroupConfig                 0x08002125   Thumb Code    10  misc.o(i.NVIC_PriorityGroupConfig)
    PcdAntennaOff                            0x08002139   Thumb Code    12  rc522.o(i.PcdAntennaOff)
    PcdAntennaOn                             0x08002145   Thumb Code    26  rc522.o(i.PcdAntennaOn)
    PcdAnticoll                              0x0800215f   Thumb Code   112  rc522.o(i.PcdAnticoll)
    PcdAuthState                             0x080021cf   Thumb Code   110  rc522.o(i.PcdAuthState)
    PcdComMF522                              0x0800223d   Thumb Code   306  rc522.o(i.PcdComMF522)
    PcdRead                                  0x0800236f   Thumb Code    84  rc522.o(i.PcdRead)
    PcdRequest                               0x080023c3   Thumb Code    84  rc522.o(i.PcdRequest)
    PcdReset                                 0x08002419   Thumb Code   124  rc522.o(i.PcdReset)
    PcdSelect                                0x08002499   Thumb Code   114  rc522.o(i.PcdSelect)
    PcdWrite                                 0x0800250b   Thumb Code   156  rc522.o(i.PcdWrite)
    PendSV_Handler                           0x080025a7   Thumb Code     2  stm32f10x_it.o(i.PendSV_Handler)
    Pump_Init                                0x080025a9   Thumb Code    48  pump.o(i.Pump_Init)
    RC522_Init                               0x080025dd   Thumb Code    34  rc522.o(i.RC522_Init)
    RCC_APB1PeriphClockCmd                   0x08002609   Thumb Code    26  stm32f10x_rcc.o(i.RCC_APB1PeriphClockCmd)
    RCC_APB2PeriphClockCmd                   0x08002629   Thumb Code    26  stm32f10x_rcc.o(i.RCC_APB2PeriphClockCmd)
    RCC_GetClocksFreq                        0x08002649   Thumb Code   192  stm32f10x_rcc.o(i.RCC_GetClocksFreq)
    ReadRawRC                                0x0800271d   Thumb Code    46  rc522.o(i.ReadRawRC)
    SPI1_Init                                0x08002751   Thumb Code   224  rc522.o(i.SPI1_Init)
    SPI_Cmd                                  0x0800283d   Thumb Code    24  stm32f10x_spi.o(i.SPI_Cmd)
    SPI_Init                                 0x08002855   Thumb Code    60  stm32f10x_spi.o(i.SPI_Init)
    SPI_RC522_ReadByte                       0x08002891   Thumb Code    72  rc522.o(i.SPI_RC522_ReadByte)
    SPI_RC522_SendByte                       0x080028dd   Thumb Code    80  rc522.o(i.SPI_RC522_SendByte)
    SVC_Handler                              0x08002931   Thumb Code     2  stm32f10x_it.o(i.SVC_Handler)
    SetBitMask                               0x08002933   Thumb Code    26  rc522.o(i.SetBitMask)
    ShowID                                   0x08002a35   Thumb Code   186  rc522.o(i.ShowID)
    SysTick_CLKSourceConfig                  0x08002b01   Thumb Code    40  misc.o(i.SysTick_CLKSourceConfig)
    SysTick_Handler                          0x08002b29   Thumb Code     2  stm32f10x_it.o(i.SysTick_Handler)
    SystemInit                               0x08002b2d   Thumb Code    78  system_stm32f10x.o(i.SystemInit)
    TIM2_IRQHandler                          0x08002b8d   Thumb Code   146  waterflow.o(i.TIM2_IRQHandler)
    TIM3_IRQHandler                          0x08002c31   Thumb Code    24  timer.o(i.TIM3_IRQHandler)
    TIM3_Int_Init                            0x08002c4d   Thumb Code    90  timer.o(i.TIM3_Int_Init)
    TIM_ClearITPendingBit                    0x08002cad   Thumb Code     6  stm32f10x_tim.o(i.TIM_ClearITPendingBit)
    TIM_Cmd                                  0x08002cb3   Thumb Code    24  stm32f10x_tim.o(i.TIM_Cmd)
    TIM_GetCapture1                          0x08002ccb   Thumb Code     6  stm32f10x_tim.o(i.TIM_GetCapture1)
    TIM_GetITStatus                          0x08002cd1   Thumb Code    34  stm32f10x_tim.o(i.TIM_GetITStatus)
    TIM_ITConfig                             0x08002cf3   Thumb Code    18  stm32f10x_tim.o(i.TIM_ITConfig)
    TIM_TimeBaseInit                         0x08002d05   Thumb Code   122  stm32f10x_tim.o(i.TIM_TimeBaseInit)
    USART1_IRQHandler                        0x08002da9   Thumb Code   122  usart.o(i.USART1_IRQHandler)
    USART2_IRQHandler                        0x08002e31   Thumb Code    64  esp8266.o(i.USART2_IRQHandler)
    USART_ClearFlag                          0x08002e7d   Thumb Code    18  stm32f10x_usart.o(i.USART_ClearFlag)
    USART_Cmd                                0x08002e8f   Thumb Code    24  stm32f10x_usart.o(i.USART_Cmd)
    USART_GetFlagStatus                      0x08002ea7   Thumb Code    26  stm32f10x_usart.o(i.USART_GetFlagStatus)
    USART_GetITStatus                        0x08002ec1   Thumb Code    84  stm32f10x_usart.o(i.USART_GetITStatus)
    USART_ITConfig                           0x08002f15   Thumb Code    74  stm32f10x_usart.o(i.USART_ITConfig)
    USART_Init                               0x08002f61   Thumb Code   210  stm32f10x_usart.o(i.USART_Init)
    USART_ReceiveData                        0x08003039   Thumb Code    10  stm32f10x_usart.o(i.USART_ReceiveData)
    USART_SendData                           0x08003043   Thumb Code     8  stm32f10x_usart.o(i.USART_SendData)
    UsageFault_Handler                       0x0800304b   Thumb Code     4  stm32f10x_it.o(i.UsageFault_Handler)
    Usart2_Init                              0x08003051   Thumb Code   162  usart.o(i.Usart2_Init)
    UsartPrintf                              0x080030fd   Thumb Code    72  usart.o(i.UsartPrintf)
    WaitCardOff                              0x08003145   Thumb Code    52  rc522.o(i.WaitCardOff)
    WriteRawRC                               0x08003179   Thumb Code    42  rc522.o(i.WriteRawRC)
    __ARM_fpclassify                         0x080031a9   Thumb Code    40  fpclassify.o(i.__ARM_fpclassify)
    _is_digit                                0x080031d1   Thumb Code    14  __printf_wp.o(i._is_digit)
    _sys_exit                                0x080031df   Thumb Code     4  usart.o(i._sys_exit)
    delay_init                               0x080031e5   Thumb Code    50  delay.o(i.delay_init)
    delay_ms                                 0x08003229   Thumb Code    72  delay.o(i.delay_ms)
    delay_us                                 0x08003275   Thumb Code    72  delay.o(i.delay_us)
    fputc                                    0x080032c1   Thumb Code    24  usart.o(i.fputc)
    main                                     0x080032dd   Thumb Code   182  main.o(i.main)
    test_read_write                          0x080034b5   Thumb Code   296  pay.o(i.test_read_write)
    uart_init                                0x08003661   Thumb Code   152  usart.o(i.uart_init)
    _get_lc_ctype                            0x08003701   Thumb Code    44  lc_ctype_c.o(locale$$code)
    _get_lc_numeric                          0x0800372d   Thumb Code    44  lc_numeric_c.o(locale$$code)
    __aeabi_fadd                             0x08003759   Thumb Code     0  faddsub_clz.o(x$fpl$fadd)
    _fadd                                    0x08003759   Thumb Code   196  faddsub_clz.o(x$fpl$fadd)
    __aeabi_fdiv                             0x0800381d   Thumb Code     0  fdiv.o(x$fpl$fdiv)
    _fdiv                                    0x0800381d   Thumb Code   384  fdiv.o(x$fpl$fdiv)
    __aeabi_ui2f                             0x080039a1   Thumb Code     0  fflt_clz.o(x$fpl$ffltu)
    _ffltu                                   0x080039a1   Thumb Code    38  fflt_clz.o(x$fpl$ffltu)
    __aeabi_fmul                             0x080039c9   Thumb Code     0  fmul.o(x$fpl$fmul)
    _fmul                                    0x080039c9   Thumb Code   258  fmul.o(x$fpl$fmul)
    __fpl_fnaninf                            0x08003acb   Thumb Code   140  fnaninf.o(x$fpl$fnaninf)
    __fpl_fretinf                            0x08003b57   Thumb Code    10  fretinf.o(x$fpl$fretinf)
    __aeabi_fsub                             0x08003b61   Thumb Code     0  faddsub_clz.o(x$fpl$fsub)
    _fsub                                    0x08003b61   Thumb Code   234  faddsub_clz.o(x$fpl$fsub)
    _printf_fp_dec                           0x08003c4b   Thumb Code     4  printf1.o(x$fpl$printf1)
    _printf_fp_hex                           0x08003c4f   Thumb Code     4  printf2.o(x$fpl$printf2)
    __I$use$fp                               0x08003c52   Number         0  usenofp.o(x$fpl$usenofp)
    Region$$Table$$Base                      0x08003d50   Number         0  anon$$obj.o(Region$$Table)
    Region$$Table$$Limit                     0x08003d70   Number         0  anon$$obj.o(Region$$Table)
    __ctype                                  0x08003d7d   Data           0  lc_ctype_c.o(locale$$data)
    SystemCoreClock                          0x20000000   Data           4  system_stm32f10x.o(.data)
    AHBPrescTable                            0x20000004   Data          16  system_stm32f10x.o(.data)
    __stdout                                 0x2000002c   Data           4  usart.o(.data)
    USART_RX_STA                             0x20000030   Data           2  usart.o(.data)
    pulse_count                              0x20000034   Data           4  waterflow.o(.data)
    last_capture                             0x20000038   Data           4  waterflow.o(.data)
    flow_rate                                0x2000003c   Data           4  waterflow.o(.data)
    snr                                      0x20000040   Data           1  pay.o(.data)
    TagType                                  0x20000041   Data           2  pay.o(.data)
    SelectedSnr                              0x20000043   Data           4  pay.o(.data)
    DefaultKey                               0x20000047   Data           6  pay.o(.data)
    name                                     0x2000004d   Data           9  pay.o(.data)
    money                                    0x20000056   Data           9  pay.o(.data)
    password                                 0x2000005f   Data           6  pay.o(.data)
    password_16                              0x20000065   Data           6  pay.o(.data)
    esp8266_cnt                              0x2000006c   Data           2  esp8266.o(.data)
    esp8266_cntPre                           0x2000006e   Data           2  esp8266.o(.data)
    USART_RX_BUF                             0x20000070   Data         200  usart.o(.bss)
    kid                                      0x20000138   Data           9  rc522.o(.bss)
    DATA                                     0x20000141   Data          16  rc522.o(.bss)
    RFID                                     0x20000151   Data          16  rc522.o(.bss)
    DATA0                                    0x20000161   Data          16  rc522.o(.bss)
    buf                                      0x20000171   Data          16  pay.o(.bss)
    buf_name                                 0x20000181   Data          16  pay.o(.bss)
    esp8266_buf                              0x20000191   Data        1024  esp8266.o(.bss)
    __libspace_start                         0x20000594   Data          96  libspace.o(.bss)
    __temporary_stack_top$libspace           0x200005f4   Data           0  libspace.o(.bss)



==============================================================================

Memory Map of the image

  Image Entry point : 0x080000ed

  Load Region LR_IROM1 (Base: 0x08000000, Size: 0x00003f0c, Max: 0x00010000, ABSOLUTE)

    Execution Region ER_IROM1 (Exec base: 0x08000000, Load base: 0x08000000, Size: 0x00003e9c, Max: 0x00010000, ABSOLUTE)

    Exec Addr    Load Addr    Size         Type   Attr      Idx    E Section Name        Object

    0x08000000   0x08000000   0x000000ec   Data   RO            3    RESET               startup_stm32f10x_md.o
    0x080000ec   0x080000ec   0x00000008   Code   RO         4758  * !!!main             c_w.l(__main.o)
    0x080000f4   0x080000f4   0x00000034   Code   RO         5200    !!!scatter          c_w.l(__scatter.o)
    0x08000128   0x08000128   0x0000001a   Code   RO         5202    !!handler_copy      c_w.l(__scatter_copy.o)
    0x08000142   0x08000142   0x00000002   PAD
    0x08000144   0x08000144   0x0000001c   Code   RO         5204    !!handler_zi        c_w.l(__scatter_zi.o)
    0x08000160   0x08000160   0x00000000   Code   RO         4733    .ARM.Collect$$_printf_percent$$00000000  c_w.l(_printf_percent.o)
    0x08000160   0x08000160   0x00000006   Code   RO         4897    .ARM.Collect$$_printf_percent$$00000001  c_w.l(_printf_n.o)
    0x08000166   0x08000166   0x00000006   Code   RO         4898    .ARM.Collect$$_printf_percent$$00000002  c_w.l(_printf_p.o)
    0x0800016c   0x0800016c   0x00000006   Code   RO         4731    .ARM.Collect$$_printf_percent$$00000003  c_w.l(_printf_f.o)
    0x08000172   0x08000172   0x00000006   Code   RO         4732    .ARM.Collect$$_printf_percent$$00000004  c_w.l(_printf_e.o)
    0x08000178   0x08000178   0x00000006   Code   RO         4902    .ARM.Collect$$_printf_percent$$00000005  c_w.l(_printf_g.o)
    0x0800017e   0x0800017e   0x00000006   Code   RO         4903    .ARM.Collect$$_printf_percent$$00000006  c_w.l(_printf_a.o)
    0x08000184   0x08000184   0x0000000a   Code   RO         4908    .ARM.Collect$$_printf_percent$$00000007  c_w.l(_printf_ll.o)
    0x0800018e   0x0800018e   0x00000006   Code   RO         4900    .ARM.Collect$$_printf_percent$$00000008  c_w.l(_printf_i.o)
    0x08000194   0x08000194   0x00000006   Code   RO         4730    .ARM.Collect$$_printf_percent$$00000009  c_w.l(_printf_d.o)
    0x0800019a   0x0800019a   0x00000006   Code   RO         4901    .ARM.Collect$$_printf_percent$$0000000A  c_w.l(_printf_u.o)
    0x080001a0   0x080001a0   0x00000006   Code   RO         4899    .ARM.Collect$$_printf_percent$$0000000B  c_w.l(_printf_o.o)
    0x080001a6   0x080001a6   0x00000006   Code   RO         4729    .ARM.Collect$$_printf_percent$$0000000C  c_w.l(_printf_x.o)
    0x080001ac   0x080001ac   0x00000006   Code   RO         4905    .ARM.Collect$$_printf_percent$$0000000D  c_w.l(_printf_lli.o)
    0x080001b2   0x080001b2   0x00000006   Code   RO         4906    .ARM.Collect$$_printf_percent$$0000000E  c_w.l(_printf_lld.o)
    0x080001b8   0x080001b8   0x00000006   Code   RO         4907    .ARM.Collect$$_printf_percent$$0000000F  c_w.l(_printf_llu.o)
    0x080001be   0x080001be   0x00000006   Code   RO         4912    .ARM.Collect$$_printf_percent$$00000010  c_w.l(_printf_llo.o)
    0x080001c4   0x080001c4   0x00000006   Code   RO         4913    .ARM.Collect$$_printf_percent$$00000011  c_w.l(_printf_llx.o)
    0x080001ca   0x080001ca   0x0000000a   Code   RO         4909    .ARM.Collect$$_printf_percent$$00000012  c_w.l(_printf_l.o)
    0x080001d4   0x080001d4   0x00000006   Code   RO         4896    .ARM.Collect$$_printf_percent$$00000013  c_w.l(_printf_c.o)
    0x080001da   0x080001da   0x00000006   Code   RO         4728    .ARM.Collect$$_printf_percent$$00000014  c_w.l(_printf_s.o)
    0x080001e0   0x080001e0   0x00000006   Code   RO         4910    .ARM.Collect$$_printf_percent$$00000015  c_w.l(_printf_lc.o)
    0x080001e6   0x080001e6   0x00000006   Code   RO         4911    .ARM.Collect$$_printf_percent$$00000016  c_w.l(_printf_ls.o)
    0x080001ec   0x080001ec   0x00000004   Code   RO         4904    .ARM.Collect$$_printf_percent$$00000017  c_w.l(_printf_percent_end.o)
    0x080001f0   0x080001f0   0x00000002   Code   RO         5137    .ARM.Collect$$libinit$$00000000  c_w.l(libinit.o)
    0x080001f2   0x080001f2   0x00000000   Code   RO         4919    .ARM.Collect$$libinit$$00000002  c_w.l(libinit2.o)
    0x080001f2   0x080001f2   0x00000000   Code   RO         4921    .ARM.Collect$$libinit$$00000004  c_w.l(libinit2.o)
    0x080001f2   0x080001f2   0x00000000   Code   RO         4924    .ARM.Collect$$libinit$$0000000A  c_w.l(libinit2.o)
    0x080001f2   0x080001f2   0x00000000   Code   RO         4926    .ARM.Collect$$libinit$$0000000C  c_w.l(libinit2.o)
    0x080001f2   0x080001f2   0x00000000   Code   RO         4928    .ARM.Collect$$libinit$$0000000E  c_w.l(libinit2.o)
    0x080001f2   0x080001f2   0x00000006   Code   RO         4929    .ARM.Collect$$libinit$$0000000F  c_w.l(libinit2.o)
    0x080001f8   0x080001f8   0x00000000   Code   RO         4931    .ARM.Collect$$libinit$$00000011  c_w.l(libinit2.o)
    0x080001f8   0x080001f8   0x0000000c   Code   RO         4932    .ARM.Collect$$libinit$$00000012  c_w.l(libinit2.o)
    0x08000204   0x08000204   0x00000000   Code   RO         4933    .ARM.Collect$$libinit$$00000013  c_w.l(libinit2.o)
    0x08000204   0x08000204   0x00000000   Code   RO         4935    .ARM.Collect$$libinit$$00000015  c_w.l(libinit2.o)
    0x08000204   0x08000204   0x0000000a   Code   RO         4936    .ARM.Collect$$libinit$$00000016  c_w.l(libinit2.o)
    0x0800020e   0x0800020e   0x00000000   Code   RO         4937    .ARM.Collect$$libinit$$00000017  c_w.l(libinit2.o)
    0x0800020e   0x0800020e   0x00000000   Code   RO         4939    .ARM.Collect$$libinit$$00000019  c_w.l(libinit2.o)
    0x0800020e   0x0800020e   0x00000000   Code   RO         4941    .ARM.Collect$$libinit$$0000001B  c_w.l(libinit2.o)
    0x0800020e   0x0800020e   0x00000000   Code   RO         4943    .ARM.Collect$$libinit$$0000001D  c_w.l(libinit2.o)
    0x0800020e   0x0800020e   0x00000000   Code   RO         4945    .ARM.Collect$$libinit$$0000001F  c_w.l(libinit2.o)
    0x0800020e   0x0800020e   0x00000000   Code   RO         4947    .ARM.Collect$$libinit$$00000021  c_w.l(libinit2.o)
    0x0800020e   0x0800020e   0x00000000   Code   RO         4949    .ARM.Collect$$libinit$$00000023  c_w.l(libinit2.o)
    0x0800020e   0x0800020e   0x00000000   Code   RO         4951    .ARM.Collect$$libinit$$00000025  c_w.l(libinit2.o)
    0x0800020e   0x0800020e   0x00000000   Code   RO         4955    .ARM.Collect$$libinit$$0000002C  c_w.l(libinit2.o)
    0x0800020e   0x0800020e   0x00000000   Code   RO         4957    .ARM.Collect$$libinit$$0000002E  c_w.l(libinit2.o)
    0x0800020e   0x0800020e   0x00000000   Code   RO         4959    .ARM.Collect$$libinit$$00000030  c_w.l(libinit2.o)
    0x0800020e   0x0800020e   0x00000000   Code   RO         4961    .ARM.Collect$$libinit$$00000032  c_w.l(libinit2.o)
    0x0800020e   0x0800020e   0x00000002   Code   RO         4962    .ARM.Collect$$libinit$$00000033  c_w.l(libinit2.o)
    0x08000210   0x08000210   0x00000002   Code   RO         5197    .ARM.Collect$$libshutdown$$00000000  c_w.l(libshutdown.o)
    0x08000212   0x08000212   0x00000000   Code   RO         5151    .ARM.Collect$$libshutdown$$00000002  c_w.l(libshutdown2.o)
    0x08000212   0x08000212   0x00000000   Code   RO         5153    .ARM.Collect$$libshutdown$$00000004  c_w.l(libshutdown2.o)
    0x08000212   0x08000212   0x00000000   Code   RO         5156    .ARM.Collect$$libshutdown$$00000007  c_w.l(libshutdown2.o)
    0x08000212   0x08000212   0x00000000   Code   RO         5159    .ARM.Collect$$libshutdown$$0000000A  c_w.l(libshutdown2.o)
    0x08000212   0x08000212   0x00000000   Code   RO         5161    .ARM.Collect$$libshutdown$$0000000C  c_w.l(libshutdown2.o)
    0x08000212   0x08000212   0x00000000   Code   RO         5164    .ARM.Collect$$libshutdown$$0000000F  c_w.l(libshutdown2.o)
    0x08000212   0x08000212   0x00000002   Code   RO         5165    .ARM.Collect$$libshutdown$$00000010  c_w.l(libshutdown2.o)
    0x08000214   0x08000214   0x00000000   Code   RO         4832    .ARM.Collect$$rtentry$$00000000  c_w.l(__rtentry.o)
    0x08000214   0x08000214   0x00000000   Code   RO         5017    .ARM.Collect$$rtentry$$00000002  c_w.l(__rtentry2.o)
    0x08000214   0x08000214   0x00000006   Code   RO         5029    .ARM.Collect$$rtentry$$00000004  c_w.l(__rtentry4.o)
    0x0800021a   0x0800021a   0x00000000   Code   RO         5019    .ARM.Collect$$rtentry$$00000009  c_w.l(__rtentry2.o)
    0x0800021a   0x0800021a   0x00000004   Code   RO         5020    .ARM.Collect$$rtentry$$0000000A  c_w.l(__rtentry2.o)
    0x0800021e   0x0800021e   0x00000000   Code   RO         5022    .ARM.Collect$$rtentry$$0000000C  c_w.l(__rtentry2.o)
    0x0800021e   0x0800021e   0x00000008   Code   RO         5023    .ARM.Collect$$rtentry$$0000000D  c_w.l(__rtentry2.o)
    0x08000226   0x08000226   0x00000002   Code   RO         5140    .ARM.Collect$$rtexit$$00000000  c_w.l(rtexit.o)
    0x08000228   0x08000228   0x00000000   Code   RO         5171    .ARM.Collect$$rtexit$$00000002  c_w.l(rtexit2.o)
    0x08000228   0x08000228   0x00000004   Code   RO         5172    .ARM.Collect$$rtexit$$00000003  c_w.l(rtexit2.o)
    0x0800022c   0x0800022c   0x00000006   Code   RO         5173    .ARM.Collect$$rtexit$$00000004  c_w.l(rtexit2.o)
    0x08000232   0x08000232   0x00000002   PAD
    0x08000234   0x08000234   0x00000040   Code   RO            4    .text               startup_stm32f10x_md.o
    0x08000274   0x08000274   0x00000002   Code   RO         4603    .text               c_w.l(use_no_semi_2.o)
    0x08000276   0x08000276   0x00000002   PAD
    0x08000278   0x08000278   0x00000034   Code   RO         4669    .text               c_w.l(vsnprintf.o)
    0x080002ac   0x080002ac   0x00000018   Code   RO         4671    .text               c_w.l(__2printf.o)
    0x080002c4   0x080002c4   0x0000004e   Code   RO         4681    .text               c_w.l(_printf_pad.o)
    0x08000312   0x08000312   0x00000052   Code   RO         4683    .text               c_w.l(_printf_str.o)
    0x08000364   0x08000364   0x00000078   Code   RO         4685    .text               c_w.l(_printf_dec.o)
    0x080003dc   0x080003dc   0x00000094   Code   RO         4705    .text               c_w.l(_printf_hex_int_ll_ptr.o)
    0x08000470   0x08000470   0x00000188   Code   RO         4725    .text               c_w.l(__printf_flags_ss_wp.o)
    0x080005f8   0x080005f8   0x0000008a   Code   RO         4748    .text               c_w.l(rt_memcpy_v6.o)
    0x08000682   0x08000682   0x00000064   Code   RO         4750    .text               c_w.l(rt_memcpy_w.o)
    0x080006e6   0x080006e6   0x00000006   Code   RO         4756    .text               c_w.l(heapauxi.o)
    0x080006ec   0x080006ec   0x00000002   Code   RO         4828    .text               c_w.l(use_no_semi.o)
    0x080006ee   0x080006ee   0x00000002   PAD
    0x080006f0   0x080006f0   0x00000010   Code   RO         4833    .text               c_w.l(rt_ctype_table.o)
    0x08000700   0x08000700   0x00000024   Code   RO         4867    .text               c_w.l(_printf_truncate.o)
    0x08000724   0x08000724   0x000000b2   Code   RO         4869    .text               c_w.l(_printf_intcommon.o)
    0x080007d6   0x080007d6   0x00000028   Code   RO         4871    .text               c_w.l(_printf_charcount.o)
    0x080007fe   0x080007fe   0x0000041e   Code   RO         4873    .text               c_w.l(_printf_fp_dec.o)
    0x08000c1c   0x08000c1c   0x00000030   Code   RO         4875    .text               c_w.l(_printf_char_common.o)
    0x08000c4c   0x08000c4c   0x0000000a   Code   RO         4877    .text               c_w.l(_sputc.o)
    0x08000c56   0x08000c56   0x00000010   Code   RO         4879    .text               c_w.l(_snputc.o)
    0x08000c66   0x08000c66   0x0000002c   Code   RO         4881    .text               c_w.l(_printf_char.o)
    0x08000c92   0x08000c92   0x00000002   PAD
    0x08000c94   0x08000c94   0x00000024   Code   RO         4883    .text               c_w.l(_printf_char_file.o)
    0x08000cb8   0x08000cb8   0x000000bc   Code   RO         4885    .text               c_w.l(_printf_wctomb.o)
    0x08000d74   0x08000d74   0x0000007c   Code   RO         4888    .text               c_w.l(_printf_longlong_dec.o)
    0x08000df0   0x08000df0   0x00000070   Code   RO         4894    .text               c_w.l(_printf_oct_int_ll.o)
    0x08000e60   0x08000e60   0x00000008   Code   RO         5013    .text               c_w.l(libspace.o)
    0x08000e68   0x08000e68   0x00000008   Code   RO         5034    .text               c_w.l(rt_locale_intlibspace.o)
    0x08000e70   0x08000e70   0x0000008a   Code   RO         5044    .text               c_w.l(lludiv10.o)
    0x08000efa   0x08000efa   0x00000002   PAD
    0x08000efc   0x08000efc   0x000002fc   Code   RO         5046    .text               c_w.l(_printf_fp_hex.o)
    0x080011f8   0x080011f8   0x00000080   Code   RO         5049    .text               c_w.l(_printf_fp_infnan.o)
    0x08001278   0x08001278   0x0000002c   Code   RO         5053    .text               c_w.l(_printf_wchar.o)
    0x080012a4   0x080012a4   0x000000e4   Code   RO         5057    .text               c_w.l(bigflt0.o)
    0x08001388   0x08001388   0x00000008   Code   RO         5082    .text               c_w.l(ferror.o)
    0x08001390   0x08001390   0x00000040   Code   RO         5086    .text               c_w.l(_wcrtomb.o)
    0x080013d0   0x080013d0   0x0000004a   Code   RO         5112    .text               c_w.l(sys_stackheap_outer.o)
    0x0800141a   0x0800141a   0x00000012   Code   RO         5120    .text               c_w.l(exit.o)
    0x0800142c   0x0800142c   0x00000080   Code   RO         5126    .text               c_w.l(strcmpv7m.o)
    0x080014ac   0x080014ac   0x0000003e   Code   RO         5060    CL$$btod_d2e        c_w.l(btod.o)
    0x080014ea   0x080014ea   0x00000046   Code   RO         5062    CL$$btod_d2e_denorm_low  c_w.l(btod.o)
    0x08001530   0x08001530   0x00000060   Code   RO         5061    CL$$btod_d2e_norm_op1  c_w.l(btod.o)
    0x08001590   0x08001590   0x00000338   Code   RO         5070    CL$$btod_div_common  c_w.l(btod.o)
    0x080018c8   0x080018c8   0x000000dc   Code   RO         5067    CL$$btod_e2e        c_w.l(btod.o)
    0x080019a4   0x080019a4   0x0000002a   Code   RO         5064    CL$$btod_ediv       c_w.l(btod.o)
    0x080019ce   0x080019ce   0x0000002a   Code   RO         5063    CL$$btod_emul       c_w.l(btod.o)
    0x080019f8   0x080019f8   0x00000244   Code   RO         5069    CL$$btod_mult_common  c_w.l(btod.o)
    0x08001c3c   0x08001c3c   0x00000034   Code   RO         3530    i.BEEP_Init         beep.o
    0x08001c70   0x08001c70   0x00000004   Code   RO         3467    i.BusFault_Handler  stm32f10x_it.o
    0x08001c74   0x08001c74   0x0000006c   Code   RO         3746    i.CalulateCRC       rc522.o
    0x08001ce0   0x08001ce0   0x0000001a   Code   RO         3747    i.ClearBitMask      rc522.o
    0x08001cfa   0x08001cfa   0x00000002   PAD
    0x08001cfc   0x08001cfc   0x0000006c   Code   RO         3259    i.DEBUG_LOG         usart.o
    0x08001d68   0x08001d68   0x00000002   Code   RO         3468    i.DebugMon_Handler  stm32f10x_it.o
    0x08001d6a   0x08001d6a   0x00000010   Code   RO         3357    i.EXTI0_IRQHandler  exti.o
    0x08001d7a   0x08001d7a   0x00000010   Code   RO         3358    i.EXTI1_IRQHandler  exti.o
    0x08001d8a   0x08001d8a   0x0000008c   Code   RO         3359    i.EXTIX_Init        exti.o
    0x08001e16   0x08001e16   0x00000002   PAD
    0x08001e18   0x08001e18   0x0000000c   Code   RO          985    i.EXTI_ClearITPendingBit  stm32f10x_exti.o
    0x08001e24   0x08001e24   0x00000094   Code   RO          990    i.EXTI_Init         stm32f10x_exti.o
    0x08001eb8   0x08001eb8   0x00000040   Code   RO         1344    i.GPIO_EXTILineConfig  stm32f10x_gpio.o
    0x08001ef8   0x08001ef8   0x00000116   Code   RO         1347    i.GPIO_Init         stm32f10x_gpio.o
    0x0800200e   0x0800200e   0x00000012   Code   RO         1351    i.GPIO_ReadInputDataBit  stm32f10x_gpio.o
    0x08002020   0x08002020   0x00000004   Code   RO         1354    i.GPIO_ResetBits    stm32f10x_gpio.o
    0x08002024   0x08002024   0x00000004   Code   RO         1355    i.GPIO_SetBits      stm32f10x_gpio.o
    0x08002028   0x08002028   0x00000004   Code   RO         3469    i.HardFault_Handler  stm32f10x_it.o
    0x0800202c   0x0800202c   0x0000002c   Code   RO         3567    i.LED_Init          led.o
    0x08002058   0x08002058   0x00000054   Code   RO         3749    i.M500PcdConfigISOType  rc522.o
    0x080020ac   0x080020ac   0x00000004   Code   RO         3470    i.MemManage_Handler  stm32f10x_it.o
    0x080020b0   0x080020b0   0x00000002   Code   RO         3471    i.NMI_Handler       stm32f10x_it.o
    0x080020b2   0x080020b2   0x00000002   PAD
    0x080020b4   0x080020b4   0x00000070   Code   RO          137    i.NVIC_Init         misc.o
    0x08002124   0x08002124   0x00000014   Code   RO          138    i.NVIC_PriorityGroupConfig  misc.o
    0x08002138   0x08002138   0x0000000c   Code   RO         3750    i.PcdAntennaOff     rc522.o
    0x08002144   0x08002144   0x0000001a   Code   RO         3751    i.PcdAntennaOn      rc522.o
    0x0800215e   0x0800215e   0x00000070   Code   RO         3752    i.PcdAnticoll       rc522.o
    0x080021ce   0x080021ce   0x0000006e   Code   RO         3753    i.PcdAuthState      rc522.o
    0x0800223c   0x0800223c   0x00000132   Code   RO         3754    i.PcdComMF522       rc522.o
    0x0800236e   0x0800236e   0x00000054   Code   RO         3756    i.PcdRead           rc522.o
    0x080023c2   0x080023c2   0x00000054   Code   RO         3757    i.PcdRequest        rc522.o
    0x08002416   0x08002416   0x00000002   PAD
    0x08002418   0x08002418   0x00000080   Code   RO         3758    i.PcdReset          rc522.o
    0x08002498   0x08002498   0x00000072   Code   RO         3759    i.PcdSelect         rc522.o
    0x0800250a   0x0800250a   0x0000009c   Code   RO         3760    i.PcdWrite          rc522.o
    0x080025a6   0x080025a6   0x00000002   Code   RO         3472    i.PendSV_Handler    stm32f10x_it.o
    0x080025a8   0x080025a8   0x00000034   Code   RO         3582    i.Pump_Init         pump.o
    0x080025dc   0x080025dc   0x0000002c   Code   RO         3763    i.RC522_Init        rc522.o
    0x08002608   0x08002608   0x00000020   Code   RO         1775    i.RCC_APB1PeriphClockCmd  stm32f10x_rcc.o
    0x08002628   0x08002628   0x00000020   Code   RO         1777    i.RCC_APB2PeriphClockCmd  stm32f10x_rcc.o
    0x08002648   0x08002648   0x000000d4   Code   RO         1785    i.RCC_GetClocksFreq  stm32f10x_rcc.o
    0x0800271c   0x0800271c   0x00000034   Code   RO         3765    i.ReadRawRC         rc522.o
    0x08002750   0x08002750   0x000000ec   Code   RO         3766    i.SPI1_Init         rc522.o
    0x0800283c   0x0800283c   0x00000018   Code   RO         2263    i.SPI_Cmd           stm32f10x_spi.o
    0x08002854   0x08002854   0x0000003c   Code   RO         2276    i.SPI_Init          stm32f10x_spi.o
    0x08002890   0x08002890   0x0000004c   Code   RO         3767    i.SPI_RC522_ReadByte  rc522.o
    0x080028dc   0x080028dc   0x00000054   Code   RO         3768    i.SPI_RC522_SendByte  rc522.o
    0x08002930   0x08002930   0x00000002   Code   RO         3473    i.SVC_Handler       stm32f10x_it.o
    0x08002932   0x08002932   0x0000001a   Code   RO         3769    i.SetBitMask        rc522.o
    0x0800294c   0x0800294c   0x00000008   Code   RO           24    i.SetSysClock       system_stm32f10x.o
    0x08002954   0x08002954   0x000000e0   Code   RO           25    i.SetSysClockTo72   system_stm32f10x.o
    0x08002a34   0x08002a34   0x000000cc   Code   RO         3770    i.ShowID            rc522.o
    0x08002b00   0x08002b00   0x00000028   Code   RO          141    i.SysTick_CLKSourceConfig  misc.o
    0x08002b28   0x08002b28   0x00000002   Code   RO         3474    i.SysTick_Handler   stm32f10x_it.o
    0x08002b2a   0x08002b2a   0x00000002   PAD
    0x08002b2c   0x08002b2c   0x00000060   Code   RO           27    i.SystemInit        system_stm32f10x.o
    0x08002b8c   0x08002b8c   0x000000a4   Code   RO         3685    i.TIM2_IRQHandler   waterflow.o
    0x08002c30   0x08002c30   0x0000001c   Code   RO         3396    i.TIM3_IRQHandler   timer.o
    0x08002c4c   0x08002c4c   0x00000060   Code   RO         3397    i.TIM3_Int_Init     timer.o
    0x08002cac   0x08002cac   0x00000006   Code   RO         2416    i.TIM_ClearITPendingBit  stm32f10x_tim.o
    0x08002cb2   0x08002cb2   0x00000018   Code   RO         2421    i.TIM_Cmd           stm32f10x_tim.o
    0x08002cca   0x08002cca   0x00000006   Code   RO         2436    i.TIM_GetCapture1   stm32f10x_tim.o
    0x08002cd0   0x08002cd0   0x00000022   Code   RO         2442    i.TIM_GetITStatus   stm32f10x_tim.o
    0x08002cf2   0x08002cf2   0x00000012   Code   RO         2446    i.TIM_ITConfig      stm32f10x_tim.o
    0x08002d04   0x08002d04   0x000000a4   Code   RO         2492    i.TIM_TimeBaseInit  stm32f10x_tim.o
    0x08002da8   0x08002da8   0x00000088   Code   RO         3260    i.USART1_IRQHandler  usart.o
    0x08002e30   0x08002e30   0x0000004c   Code   RO         4313    i.USART2_IRQHandler  esp8266.o
    0x08002e7c   0x08002e7c   0x00000012   Code   RO         2956    i.USART_ClearFlag   stm32f10x_usart.o
    0x08002e8e   0x08002e8e   0x00000018   Code   RO         2960    i.USART_Cmd         stm32f10x_usart.o
    0x08002ea6   0x08002ea6   0x0000001a   Code   RO         2963    i.USART_GetFlagStatus  stm32f10x_usart.o
    0x08002ec0   0x08002ec0   0x00000054   Code   RO         2964    i.USART_GetITStatus  stm32f10x_usart.o
    0x08002f14   0x08002f14   0x0000004a   Code   RO         2966    i.USART_ITConfig    stm32f10x_usart.o
    0x08002f5e   0x08002f5e   0x00000002   PAD
    0x08002f60   0x08002f60   0x000000d8   Code   RO         2967    i.USART_Init        stm32f10x_usart.o
    0x08003038   0x08003038   0x0000000a   Code   RO         2974    i.USART_ReceiveData  stm32f10x_usart.o
    0x08003042   0x08003042   0x00000008   Code   RO         2977    i.USART_SendData    stm32f10x_usart.o
    0x0800304a   0x0800304a   0x00000004   Code   RO         3475    i.UsageFault_Handler  stm32f10x_it.o
    0x0800304e   0x0800304e   0x00000002   PAD
    0x08003050   0x08003050   0x000000ac   Code   RO         3261    i.Usart2_Init       usart.o
    0x080030fc   0x080030fc   0x00000048   Code   RO         3262    i.UsartPrintf       usart.o
    0x08003144   0x08003144   0x00000034   Code   RO         3771    i.WaitCardOff       rc522.o
    0x08003178   0x08003178   0x00000030   Code   RO         3772    i.WriteRawRC        rc522.o
    0x080031a8   0x080031a8   0x00000028   Code   RO         4998    i.__ARM_fpclassify  m_ws.l(fpclassify.o)
    0x080031d0   0x080031d0   0x0000000e   Code   RO         4718    i._is_digit         c_w.l(__printf_wp.o)
    0x080031de   0x080031de   0x00000004   Code   RO         3264    i._sys_exit         usart.o
    0x080031e2   0x080031e2   0x00000002   PAD
    0x080031e4   0x080031e4   0x00000044   Code   RO         3196    i.delay_init        delay.o
    0x08003228   0x08003228   0x0000004c   Code   RO         3197    i.delay_ms          delay.o
    0x08003274   0x08003274   0x0000004c   Code   RO         3198    i.delay_us          delay.o
    0x080032c0   0x080032c0   0x0000001c   Code   RO         3265    i.fputc             usart.o
    0x080032dc   0x080032dc   0x000001d8   Code   RO         3424    i.main              main.o
    0x080034b4   0x080034b4   0x000001ac   Code   RO         3924    i.test_read_write   pay.o
    0x08003660   0x08003660   0x000000a0   Code   RO         3266    i.uart_init         usart.o
    0x08003700   0x08003700   0x0000002c   Code   RO         5089    locale$$code        c_w.l(lc_ctype_c.o)
    0x0800372c   0x0800372c   0x0000002c   Code   RO         5092    locale$$code        c_w.l(lc_numeric_c.o)
    0x08003758   0x08003758   0x000000c4   Code   RO         4792    x$fpl$fadd          fz_ws.l(faddsub_clz.o)
    0x0800381c   0x0800381c   0x00000184   Code   RO         4799    x$fpl$fdiv          fz_ws.l(fdiv.o)
    0x080039a0   0x080039a0   0x00000026   Code   RO         4802    x$fpl$ffltu         fz_ws.l(fflt_clz.o)
    0x080039c6   0x080039c6   0x00000002   PAD
    0x080039c8   0x080039c8   0x00000102   Code   RO         4810    x$fpl$fmul          fz_ws.l(fmul.o)
    0x08003aca   0x08003aca   0x0000008c   Code   RO         4971    x$fpl$fnaninf       fz_ws.l(fnaninf.o)
    0x08003b56   0x08003b56   0x0000000a   Code   RO         4973    x$fpl$fretinf       fz_ws.l(fretinf.o)
    0x08003b60   0x08003b60   0x000000ea   Code   RO         4794    x$fpl$fsub          fz_ws.l(faddsub_clz.o)
    0x08003c4a   0x08003c4a   0x00000004   Code   RO         4812    x$fpl$printf1       fz_ws.l(printf1.o)
    0x08003c4e   0x08003c4e   0x00000004   Code   RO         4975    x$fpl$printf2       fz_ws.l(printf2.o)
    0x08003c52   0x08003c52   0x00000000   Code   RO         4983    x$fpl$usenofp       fz_ws.l(usenofp.o)
    0x08003c52   0x08003c52   0x00000028   Data   RO         4706    .constdata          c_w.l(_printf_hex_int_ll_ptr.o)
    0x08003c7a   0x08003c7a   0x00000011   Data   RO         4726    .constdata          c_w.l(__printf_flags_ss_wp.o)
    0x08003c8b   0x08003c8b   0x00000001   PAD
    0x08003c8c   0x08003c8c   0x00000008   Data   RO         4886    .constdata          c_w.l(_printf_wctomb.o)
    0x08003c94   0x08003c94   0x00000026   Data   RO         5047    .constdata          c_w.l(_printf_fp_hex.o)
    0x08003cba   0x08003cba   0x00000002   PAD
    0x08003cbc   0x08003cbc   0x00000094   Data   RO         5058    .constdata          c_w.l(bigflt0.o)
    0x08003d50   0x08003d50   0x00000020   Data   RO         5198    Region$$Table       anon$$obj.o
    0x08003d70   0x08003d70   0x00000110   Data   RO         5088    locale$$data        c_w.l(lc_ctype_c.o)
    0x08003e80   0x08003e80   0x0000001c   Data   RO         5091    locale$$data        c_w.l(lc_numeric_c.o)


    Execution Region RW_IRAM1 (Exec base: 0x20000000, Load base: 0x08003e9c, Size: 0x00000bf8, Max: 0x00005000, ABSOLUTE)

    Exec Addr    Load Addr    Size         Type   Attr      Idx    E Section Name        Object

    0x20000000   0x08003e9c   0x00000014   Data   RW           28    .data               system_stm32f10x.o
    0x20000014   0x08003eb0   0x00000014   Data   RW         1805    .data               stm32f10x_rcc.o
    0x20000028   0x08003ec4   0x00000004   Data   RW         3199    .data               delay.o
    0x2000002c   0x08003ec8   0x00000006   Data   RW         3268    .data               usart.o
    0x20000032   0x08003ece   0x00000002   PAD
    0x20000034   0x08003ed0   0x0000000c   Data   RW         3687    .data               waterflow.o
    0x20000040   0x08003edc   0x0000002b   Data   RW         3926    .data               pay.o
    0x2000006b   0x08003f07   0x00000001   PAD
    0x2000006c   0x08003f08   0x00000004   Data   RW         4315    .data               esp8266.o
    0x20000070        -       0x000000c8   Zero   RW         3267    .bss                usart.o
    0x20000138        -       0x00000039   Zero   RW         3773    .bss                rc522.o
    0x20000171        -       0x00000020   Zero   RW         3925    .bss                pay.o
    0x20000191        -       0x00000400   Zero   RW         4314    .bss                esp8266.o
    0x20000591   0x08003f0c   0x00000003   PAD
    0x20000594        -       0x00000060   Zero   RW         5014    .bss                c_w.l(libspace.o)
    0x200005f4   0x08003f0c   0x00000004   PAD
    0x200005f8        -       0x00000200   Zero   RW            2    HEAP                startup_stm32f10x_md.o
    0x200007f8        -       0x00000400   Zero   RW            1    STACK               startup_stm32f10x_md.o


==============================================================================

Image component sizes


      Code (inc. data)   RO Data    RW Data    ZI Data      Debug   Object Name

        52          6          0          0          0        476   beep.o
         0          0          0          0          0       4508   core_cm3.o
       220         26          0          4          0       1643   delay.o
        76         12          0          4       1024       1591   esp8266.o
       172          0          0          0          0       1459   exti.o
        44          4          0          0          0        463   led.o
       472        290          0          0          0        623   main.o
       172         22          0          0          0     207333   misc.o
       428        132          0         43         32       1657   pay.o
        52          4          0          0          0        472   pump.o
      2172         64          0          0         57      15406   rc522.o
        64         26        236          0       1536        816   startup_stm32f10x_md.o
         0          0          0          0          0       1652   stm32f10x_adc.o
       160         12          0          0          0       3489   stm32f10x_exti.o
       368          4          0          0          0      12326   stm32f10x_gpio.o
        26          0          0          0          0       3674   stm32f10x_it.o
       276         32          0         20          0      12926   stm32f10x_rcc.o
        84          0          0          0          0       8865   stm32f10x_spi.o
       252         42          0          0          0      24088   stm32f10x_tim.o
       460          6          0          0          0      12335   stm32f10x_usart.o
       328         28          0         20          0      52317   system_stm32f10x.o
       124         10          0          0          0       1082   timer.o
       680         58          0          6        200       6724   usart.o
       164         18          0         12          0       1423   waterflow.o

    ----------------------------------------------------------------------
      6862        796        268        112       2852     377348   Object Totals
         0          0         32          0          0          0   (incl. Generated)
        16          0          0          3          3          0   (incl. Padding)

    ----------------------------------------------------------------------

      Code (inc. data)   RO Data    RW Data    ZI Data      Debug   Library Member Name

        24          4          0          0          0         84   __2printf.o
         8          0          0          0          0         68   __main.o
       392          4         17          0          0         92   __printf_flags_ss_wp.o
        14          0          0          0          0         68   __printf_wp.o
         0          0          0          0          0          0   __rtentry.o
        12          0          0          0          0          0   __rtentry2.o
         6          0          0          0          0          0   __rtentry4.o
        52          8          0          0          0          0   __scatter.o
        26          0          0          0          0          0   __scatter_copy.o
        28          0          0          0          0          0   __scatter_zi.o
         6          0          0          0          0          0   _printf_a.o
         6          0          0          0          0          0   _printf_c.o
        44          0          0          0          0        108   _printf_char.o
        48          6          0          0          0         96   _printf_char_common.o
        36          4          0          0          0         80   _printf_char_file.o
        40          0          0          0          0         68   _printf_charcount.o
         6          0          0          0          0          0   _printf_d.o
       120         16          0          0          0         92   _printf_dec.o
         6          0          0          0          0          0   _printf_e.o
         6          0          0          0          0          0   _printf_f.o
      1054          0          0          0          0        216   _printf_fp_dec.o
       764          8         38          0          0        100   _printf_fp_hex.o
       128         16          0          0          0         84   _printf_fp_infnan.o
         6          0          0          0          0          0   _printf_g.o
       148          4         40          0          0        160   _printf_hex_int_ll_ptr.o
         6          0          0          0          0          0   _printf_i.o
       178          0          0          0          0         88   _printf_intcommon.o
        10          0          0          0          0          0   _printf_l.o
         6          0          0          0          0          0   _printf_lc.o
        10          0          0          0          0          0   _printf_ll.o
         6          0          0          0          0          0   _printf_lld.o
         6          0          0          0          0          0   _printf_lli.o
         6          0          0          0          0          0   _printf_llo.o
         6          0          0          0          0          0   _printf_llu.o
         6          0          0          0          0          0   _printf_llx.o
       124         16          0          0          0         92   _printf_longlong_dec.o
         6          0          0          0          0          0   _printf_ls.o
         6          0          0          0          0          0   _printf_n.o
         6          0          0          0          0          0   _printf_o.o
       112         10          0          0          0        124   _printf_oct_int_ll.o
         6          0          0          0          0          0   _printf_p.o
        78          0          0          0          0        108   _printf_pad.o
         0          0          0          0          0          0   _printf_percent.o
         4          0          0          0          0          0   _printf_percent_end.o
         6          0          0          0          0          0   _printf_s.o
        82          0          0          0          0         80   _printf_str.o
        36          0          0          0          0         84   _printf_truncate.o
         6          0          0          0          0          0   _printf_u.o
        44          0          0          0          0        108   _printf_wchar.o
       188          6          8          0          0         92   _printf_wctomb.o
         6          0          0          0          0          0   _printf_x.o
        16          0          0          0          0         68   _snputc.o
        10          0          0          0          0         68   _sputc.o
        64          0          0          0          0         92   _wcrtomb.o
       228          4        148          0          0         96   bigflt0.o
      1936        128          0          0          0        672   btod.o
        18          0          0          0          0         80   exit.o
         8          0          0          0          0         68   ferror.o
         6          0          0          0          0        152   heapauxi.o
        44         10        272          0          0         76   lc_ctype_c.o
        44         10         28          0          0         76   lc_numeric_c.o
         2          0          0          0          0          0   libinit.o
        30          0          0          0          0          0   libinit2.o
         2          0          0          0          0          0   libshutdown.o
         2          0          0          0          0          0   libshutdown2.o
         8          4          0          0         96         68   libspace.o
       138          0          0          0          0         80   lludiv10.o
        16          4          0          0          0         76   rt_ctype_table.o
         8          4          0          0          0         68   rt_locale_intlibspace.o
       138          0          0          0          0         68   rt_memcpy_v6.o
       100          0          0          0          0         80   rt_memcpy_w.o
         2          0          0          0          0          0   rtexit.o
        10          0          0          0          0          0   rtexit2.o
       128          0          0          0          0         68   strcmpv7m.o
        74          0          0          0          0         80   sys_stackheap_outer.o
         2          0          0          0          0         68   use_no_semi.o
         2          0          0          0          0         68   use_no_semi_2.o
        52          4          0          0          0         80   vsnprintf.o
       430          8          0          0          0        168   faddsub_clz.o
       388         76          0          0          0         96   fdiv.o
        38          0          0          0          0         68   fflt_clz.o
       258          4          0          0          0         84   fmul.o
       140          4          0          0          0         84   fnaninf.o
        10          0          0          0          0         68   fretinf.o
         4          0          0          0          0         68   printf1.o
         4          0          0          0          0         68   printf2.o
         0          0          0          0          0          0   usenofp.o
        40          0          0          0          0         68   fpclassify.o

    ----------------------------------------------------------------------
      8344        362        554          0        100       5116   Library Totals
        14          0          3          0          4          0   (incl. Padding)

    ----------------------------------------------------------------------

      Code (inc. data)   RO Data    RW Data    ZI Data      Debug   Library Name

      7018        270        551          0         96       4344   c_w.l
      1272         92          0          0          0        704   fz_ws.l
        40          0          0          0          0         68   m_ws.l

    ----------------------------------------------------------------------
      8344        362        554          0        100       5116   Library Totals

    ----------------------------------------------------------------------

==============================================================================


      Code (inc. data)   RO Data    RW Data    ZI Data      Debug   

     15206       1158        822        112       2952     375388   Grand Totals
     15206       1158        822        112       2952     375388   ELF Image Totals
     15206       1158        822        112          0          0   ROM Totals

==============================================================================

    Total RO  Size (Code + RO Data)                16028 (  15.65kB)
    Total RW  Size (RW Data + ZI Data)              3064 (   2.99kB)
    Total ROM Size (Code + RO Data + RW Data)      16140 (  15.76kB)

==============================================================================

