<html>
<body>
<pre>
<h1>µVision Build Log</h1>
<h2>Tool Versions:</h2>
IDE-Version: ¦ÌVision V5.28.0.0
Copyright (C) 2019 ARM Ltd and ARM Germany GmbH. All rights reserved.
License Information: qin qin, qin, LIC=CZLZX-HXK3D-LQM0Q-NMDS6-NT05T-7Y33M
 
Tool Versions:
Toolchain:       MDK-ARM Plus  Version: 5.28.0.0
Toolchain Path:  D:\Keil_v5\ARM\ARMCC\Bin
C Compiler:      Armcc.exe V5.06 update 6 (build 750)
Assembler:       Armasm.exe V5.06 update 6 (build 750)
Linker/Locator:  ArmLink.exe V5.06 update 6 (build 750)
Library Manager: ArmAr.exe V5.06 update 6 (build 750)
Hex Converter:   FromElf.exe V5.06 update 6 (build 750)
CPU DLL:         SARMCM3.DLL V5.28.0.0
Dialog DLL:      DCM.DLL V1.17.3.0
Target DLL:      UL2CM3.DLL V1.162.16.0
Dialog DLL:      TCM.DLL V1.36.2.0
 
<h2>Project:</h2>
C:\Users\qin\Desktop\bscode\xiaobaiSTM32\USER\xiaobaiSTM32.uvprojx
Project File Date:  03/28/2023

<h2>Output:</h2>
*** Using Compiler 'V5.06 update 6 (build 750)', folder: 'D:\Keil_v5\ARM\ARMCC\Bin'
Rebuild target 'xiaobaiSTM32'
compiling beep.c...
compiling stm32f10x_it.c...
compiling dht11.c...
compiling system_stm32f10x.c...
compiling bh1750.c...
compiling led.c...
compiling main.c...
main.c(55): warning:  #223-D: function "OLED_Refresh_Line" declared implicitly
      OLED_Refresh_Line("OLED");
main.c(42): warning:  #177-D: variable "lineNow"  was declared but never referenced
      static u8 lineNow;
main.c: 2 warnings, 0 errors
compiling delay.c...
compiling key.c...
compiling usart.c...
compiling oled.c...
..\HARDWARE\OLED\oled.c(518): warning:  #223-D: function "strcpy" declared implicitly
  					strcpy(Display_line_0, ctx);
..\HARDWARE\OLED\oled.c(546): warning:  #223-D: function "strcpy" declared implicitly
  		strcpy(Display_line_0, Display_line_1);
..\HARDWARE\OLED\oled.c: 2 warnings, 0 errors
compiling timer.c...
compiling exti.c...
compiling sys.c...
assembling startup_stm32f10x_md.s...
compiling core_cm3.c...
compiling stm32f10x_gpio.c...
compiling stm32f10x_rcc.c...
compiling stm32f10x_exti.c...
compiling stm32f10x_usart.c...
compiling misc.c...
compiling esp8266.c...
compiling stm32f10x_tim.c...
compiling MqttKit.c...
compiling cJSON.c...
..\NET\cJSON\cJSON.c(55): warning:  #1293-D: assignment in condition
        if (!(copy = (char*)cJSON_malloc(len))) return 0;
..\NET\cJSON\cJSON.c(278): warning:  #1293-D: assignment in condition
  	ptr=str;while ((token=*ptr) && ++len) {if (strchr("\"\\\b\f\n\r\t",token)) len++; else if (token<32) len+=5;ptr++;}
..\NET\cJSON\cJSON.c(352): warning:  #111-D: statement is unreachable
  	return p.buffer;
..\NET\cJSON\cJSON.c(423): warning:  #1293-D: assignment in condition
  		if (!(new_item=cJSON_New_Item())) return 0; 	/* memory fail */
..\NET\cJSON\cJSON.c(535): warning:  #1293-D: assignment in condition
  		if (!(new_item=cJSON_New_Item()))	return 0; /* memory fail */
..\NET\cJSON\cJSON.c: 5 warnings, 0 errors
compiling onenet.c...
linking...
Program Size: Code=43444 RO-data=9416 RW-data=88 ZI-data=4376  
FromELF: creating hex file...
"..\OBJ\xiaobaiSTM32.axf" - 0 Error(s), 9 Warning(s).

<h2>Software Packages used:</h2>

Package Vendor: Keil
                http://www.keil.com/pack/Keil.STM32F1xx_DFP.1.0.5.pack
                Keil.STM32F1xx_DFP.1.0.5
                STMicroelectronics STM32F1 Series Device Support, Drivers and Examples

<h2>Collection of Component include folders:</h2>
  .\RTE\_xiaobaiSTM32
  D:\Users\qin\AppData\Local\Arm\Packs\Keil\STM32F1xx_DFP\1.0.5\Device\Include

<h2>Collection of Component Files used:</h2>
Build Time Elapsed:  00:00:07
</pre>
</body>
</html>
