Component: ARM Compiler 5.06 update 6 (build 750) Tool: armlink [4d35ed]

==============================================================================

Section Cross References

    startup_stm32f10x_md.o(STACK) refers (Special) to heapauxi.o(.text) for __use_two_region_memory
    startup_stm32f10x_md.o(HEAP) refers (Special) to heapauxi.o(.text) for __use_two_region_memory
    startup_stm32f10x_md.o(RESET) refers (Special) to heapauxi.o(.text) for __use_two_region_memory
    startup_stm32f10x_md.o(RESET) refers to startup_stm32f10x_md.o(STACK) for __initial_sp
    startup_stm32f10x_md.o(RESET) refers to startup_stm32f10x_md.o(.text) for Reset_Handler
    startup_stm32f10x_md.o(RESET) refers to stm32f10x_it.o(i.NMI_Handler) for NMI_Handler
    startup_stm32f10x_md.o(RESET) refers to stm32f10x_it.o(i.HardFault_Handler) for HardFault_Handler
    startup_stm32f10x_md.o(RESET) refers to stm32f10x_it.o(i.MemManage_Handler) for MemManage_Handler
    startup_stm32f10x_md.o(RESET) refers to stm32f10x_it.o(i.BusFault_Handler) for BusFault_Handler
    startup_stm32f10x_md.o(RESET) refers to stm32f10x_it.o(i.UsageFault_Handler) for UsageFault_Handler
    startup_stm32f10x_md.o(RESET) refers to stm32f10x_it.o(i.SVC_Handler) for SVC_Handler
    startup_stm32f10x_md.o(RESET) refers to stm32f10x_it.o(i.DebugMon_Handler) for DebugMon_Handler
    startup_stm32f10x_md.o(RESET) refers to stm32f10x_it.o(i.PendSV_Handler) for PendSV_Handler
    startup_stm32f10x_md.o(RESET) refers to stm32f10x_it.o(i.SysTick_Handler) for SysTick_Handler
    startup_stm32f10x_md.o(RESET) refers to exti.o(i.EXTI0_IRQHandler) for EXTI0_IRQHandler
    startup_stm32f10x_md.o(RESET) refers to exti.o(i.EXTI1_IRQHandler) for EXTI1_IRQHandler
    startup_stm32f10x_md.o(RESET) refers to waterflow.o(i.TIM2_IRQHandler) for TIM2_IRQHandler
    startup_stm32f10x_md.o(RESET) refers to timer.o(i.TIM3_IRQHandler) for TIM3_IRQHandler
    startup_stm32f10x_md.o(RESET) refers to usart.o(i.USART1_IRQHandler) for USART1_IRQHandler
    startup_stm32f10x_md.o(RESET) refers to esp8266.o(i.USART2_IRQHandler) for USART2_IRQHandler
    startup_stm32f10x_md.o(.text) refers (Special) to heapauxi.o(.text) for __use_two_region_memory
    startup_stm32f10x_md.o(.text) refers to system_stm32f10x.o(i.SystemInit) for SystemInit
    startup_stm32f10x_md.o(.text) refers to __main.o(!!!main) for __main
    startup_stm32f10x_md.o(.text) refers to startup_stm32f10x_md.o(HEAP) for Heap_Mem
    startup_stm32f10x_md.o(.text) refers to startup_stm32f10x_md.o(STACK) for Stack_Mem
    system_stm32f10x.o(i.SetSysClock) refers to system_stm32f10x.o(i.SetSysClockTo72) for SetSysClockTo72
    system_stm32f10x.o(i.SystemCoreClockUpdate) refers to system_stm32f10x.o(.data) for SystemCoreClock
    system_stm32f10x.o(i.SystemInit) refers to system_stm32f10x.o(i.SetSysClock) for SetSysClock
    stm32f10x_adc.o(i.ADC_DeInit) refers to stm32f10x_rcc.o(i.RCC_APB2PeriphResetCmd) for RCC_APB2PeriphResetCmd
    stm32f10x_bkp.o(i.BKP_DeInit) refers to stm32f10x_rcc.o(i.RCC_BackupResetCmd) for RCC_BackupResetCmd
    stm32f10x_can.o(i.CAN_DeInit) refers to stm32f10x_rcc.o(i.RCC_APB1PeriphResetCmd) for RCC_APB1PeriphResetCmd
    stm32f10x_can.o(i.CAN_GetITStatus) refers to stm32f10x_can.o(i.CheckITStatus) for CheckITStatus
    stm32f10x_cec.o(i.CEC_DeInit) refers to stm32f10x_rcc.o(i.RCC_APB1PeriphResetCmd) for RCC_APB1PeriphResetCmd
    stm32f10x_dac.o(i.DAC_DeInit) refers to stm32f10x_rcc.o(i.RCC_APB1PeriphResetCmd) for RCC_APB1PeriphResetCmd
    stm32f10x_flash.o(i.FLASH_EnableWriteProtection) refers to stm32f10x_flash.o(i.FLASH_WaitForLastOperation) for FLASH_WaitForLastOperation
    stm32f10x_flash.o(i.FLASH_EraseAllBank1Pages) refers to stm32f10x_flash.o(i.FLASH_WaitForLastBank1Operation) for FLASH_WaitForLastBank1Operation
    stm32f10x_flash.o(i.FLASH_EraseAllPages) refers to stm32f10x_flash.o(i.FLASH_WaitForLastOperation) for FLASH_WaitForLastOperation
    stm32f10x_flash.o(i.FLASH_EraseOptionBytes) refers to stm32f10x_flash.o(i.FLASH_GetReadOutProtectionStatus) for FLASH_GetReadOutProtectionStatus
    stm32f10x_flash.o(i.FLASH_EraseOptionBytes) refers to stm32f10x_flash.o(i.FLASH_WaitForLastOperation) for FLASH_WaitForLastOperation
    stm32f10x_flash.o(i.FLASH_ErasePage) refers to stm32f10x_flash.o(i.FLASH_WaitForLastOperation) for FLASH_WaitForLastOperation
    stm32f10x_flash.o(i.FLASH_ProgramHalfWord) refers to stm32f10x_flash.o(i.FLASH_WaitForLastOperation) for FLASH_WaitForLastOperation
    stm32f10x_flash.o(i.FLASH_ProgramOptionByteData) refers to stm32f10x_flash.o(i.FLASH_WaitForLastOperation) for FLASH_WaitForLastOperation
    stm32f10x_flash.o(i.FLASH_ProgramWord) refers to stm32f10x_flash.o(i.FLASH_WaitForLastOperation) for FLASH_WaitForLastOperation
    stm32f10x_flash.o(i.FLASH_ReadOutProtection) refers to stm32f10x_flash.o(i.FLASH_WaitForLastOperation) for FLASH_WaitForLastOperation
[...]
    i.__ARM_fpclassify                       0x08003924   Section        0  fpclassify.o(i.__ARM_fpclassify)
    i._is_digit                              0x0800394c   Section        0  __printf_wp.o(i._is_digit)
    i.delay_init                             0x0800395c   Section        0  delay.o(i.delay_init)
    i.delay_ms                               0x080039a0   Section        0  delay.o(i.delay_ms)
    i.delay_us                               0x080039ec   Section        0  delay.o(i.delay_us)
    i.fputc                                  0x08003a38   Section        0  usart.o(i.fputc)
    i.main                                   0x08003a54   Section        0  main.o(i.main)
    locale$$code                             0x08003d18   Section       44  lc_ctype_c.o(locale$$code)
    locale$$code                             0x08003d44   Section       44  lc_numeric_c.o(locale$$code)
    x$fpl$fadd                               0x08003d70   Section      196  faddsub_clz.o(x$fpl$fadd)
    _fadd1                                   0x08003d7f   Thumb Code     0  faddsub_clz.o(x$fpl$fadd)
    x$fpl$fdiv                               0x08003e34   Section      388  fdiv.o(x$fpl$fdiv)
    _fdiv1                                   0x08003e35   Thumb Code     0  fdiv.o(x$fpl$fdiv)
    x$fpl$ffltu                              0x08003fb8   Section       38  fflt_clz.o(x$fpl$ffltu)
    x$fpl$fmul                               0x08003fe0   Section      258  fmul.o(x$fpl$fmul)
    x$fpl$fnaninf                            0x080040e2   Section      140  fnaninf.o(x$fpl$fnaninf)
    x$fpl$fretinf                            0x0800416e   Section       10  fretinf.o(x$fpl$fretinf)
    x$fpl$fsub                               0x08004178   Section      234  faddsub_clz.o(x$fpl$fsub)
    _fsub1                                   0x08004187   Thumb Code     0  faddsub_clz.o(x$fpl$fsub)
    x$fpl$printf1                            0x08004262   Section        4  printf1.o(x$fpl$printf1)
    x$fpl$printf2                            0x08004266   Section        4  printf2.o(x$fpl$printf2)
    .constdata                               0x0800426a   Section       40  _printf_hex_int_ll_ptr.o(.constdata)
    x$fpl$usenofp                            0x0800426a   Section        0  usenofp.o(x$fpl$usenofp)
    uc_hextab                                0x0800426a   Data          20  _printf_hex_int_ll_ptr.o(.constdata)
    lc_hextab                                0x0800427e   Data          20  _printf_hex_int_ll_ptr.o(.constdata)
    .constdata                               0x08004292   Section       17  __printf_flags_ss_wp.o(.constdata)
    maptable                                 0x08004292   Data          17  __printf_flags_ss_wp.o(.constdata)
    .constdata                               0x080042a4   Section        8  _printf_wctomb.o(.constdata)
    initial_mbstate                          0x080042a4   Data           8  _printf_wctomb.o(.constdata)
    .constdata                               0x080042ac   Section       38  _printf_fp_hex.o(.constdata)
    lc_hextab                                0x080042ac   Data          19  _printf_fp_hex.o(.constdata)
    uc_hextab                                0x080042bf   Data          19  _printf_fp_hex.o(.constdata)
    .constdata                               0x080042d4   Section      148  bigflt0.o(.constdata)
    tenpwrs_x                                0x080042d4   Data          60  bigflt0.o(.constdata)
    tenpwrs_i                                0x08004310   Data          64  bigflt0.o(.constdata)
    .constdata                               0x08004368   Section        4  sys_io.o(.constdata)
    .constdata                               0x0800436c   Section        4  sys_io.o(.constdata)
    .constdata                               0x08004370   Section        4  sys_io.o(.constdata)
    .conststring                             0x08004374   Section       15  main.o(.conststring)
    locale$$data                             0x080043a4   Section      272  lc_ctype_c.o(locale$$data)
    __lcctype_c_name                         0x080043a8   Data           2  lc_ctype_c.o(locale$$data)
    __lcctype_c_start                        0x080043b0   Data           0  lc_ctype_c.o(locale$$data)
    locale$$data                             0x080044b4   Section       28  lc_numeric_c.o(locale$$data)
    __lcctype_c_end                          0x080044b4   Data           0  lc_ctype_c.o(locale$$data)
    __lcnum_c_name                           0x080044b8   Data           2  lc_numeric_c.o(locale$$data)
    __lcnum_c_start                          0x080044c0   Data           0  lc_numeric_c.o(locale$$data)
    __lcnum_c_point                          0x080044cc   Data           0  lc_numeric_c.o(locale$$data)
    __lcnum_c_thousands                      0x080044ce   Data           0  lc_numeric_c.o(locale$$data)
    __lcnum_c_grouping                       0x080044cf   Data           0  lc_numeric_c.o(locale$$data)
    __lcnum_c_end                            0x080044d0   Data           0  lc_numeric_c.o(locale$$data)
    .data                                    0x20000000   Section       20  system_stm32f10x.o(.data)
    .data                                    0x20000014   Section       20  stm32f10x_rcc.o(.data)
    APBAHBPrescTable                         0x20000014   Data          16  stm32f10x_rcc.o(.data)
    ADCPrescTable                            0x20000024   Data           4  stm32f10x_rcc.o(.data)
    .data                                    0x20000028   Section        4  delay.o(.data)
    fac_us                                   0x20000028   Data           1  delay.o(.data)
    fac_ms                                   0x2000002a   Data           2  delay.o(.data)
    .data                                    0x2000002c   Section       43  main.o(.data)
    lineNow                                  0x20000056   Data           1  main.o(.data)
    .data                                    0x20000058   Section       12  waterflow.o(.data)
    .data                                    0x20000064   Section        4  esp8266.o(.data)
    .data                                    0x20000068   Section        4  stdio_streams.o(.data)
    .data                                    0x2000006c   Section        4  stdio_streams.o(.data)
    .data                                    0x20000070   Section        4  stdio_streams.o(.data)
    .bss                                     0x20000074   Section      272  main.o(.bss)
    .bss                                     0x20000184   Section     1024  esp8266.o(.bss)
    .bss                                     0x20000584   Section       84  stdio_streams.o(.bss)
    .bss                                     0x200005d8   Section       84  stdio_streams.o(.bss)
    .bss                                     0x2000062c   Section       84  stdio_streams.o(.bss)
    .bss                                     0x20000680   Section       96  libspace.o(.bss)
    HEAP                                     0x200006e0   Section      512  startup_stm32f10x_md.o(HEAP)
    Heap_Mem                                 0x200006e0   Data         512  startup_stm32f10x_md.o(HEAP)
    STACK                                    0x200008e0   Section     1024  startup_stm32f10x_md.o(STACK)
    Stack_Mem                                0x200008e0   Data        1024  startup_stm32f10x_md.o(STACK)
    __initial_sp                             0x20000ce0   Data           0  startup_stm32f10x_md.o(STACK)

    Global Symbols

    Symbol Name                              Value     Ov Type        Size  Object(Section)

    BuildAttributes$$THM_ISAv4$P$D$K$B$S$PE$A:L22UL41UL21$X:L11$S22US41US21$IEEE1$IW$USESV6$~STKCKD$USESV7$~SHL$OTIME$ROPI$IEEEX$EBA8$UX$STANDARDLIB$REQ8$PRES8$EABIv2 0x00000000   Number         0  anon$$obj.o ABSOLUTE
    __ARM_use_no_argv                        0x00000000   Number         0  main.o ABSOLUTE
    _printf_flags                            0x00000000   Number         0  printf_stubs.o ABSOLUTE
    _printf_return_value                     0x00000000   Number         0  printf_stubs.o ABSOLUTE
    _printf_sizespec                         0x00000000   Number         0  printf_stubs.o ABSOLUTE
    _printf_widthprec                        0x00000000   Number         0  printf_stubs.o ABSOLUTE
    __ARM_exceptions_init                     - Undefined Weak Reference
    __alloca_initialize                       - Undefined Weak Reference
    __arm_preinit_                            - Undefined Weak Reference
    __cpp_initialize__aeabi_                  - Undefined Weak Reference
    __cxa_finalize                            - Undefined Weak Reference
    __sigvec_lookup                           - Undefined Weak Reference
    __user_heap_extent                        - Undefined Weak Reference
    _atexit_init                              - Undefined Weak Reference
    _call_atexit_fns                          - Undefined Weak Reference
    _clock_init                               - Undefined Weak Reference
    _fp_trap_init                             - Undefined Weak Reference
    _fp_trap_shutdown                         - Undefined Weak Reference
    _get_lc_collate                           - Undefined Weak Reference
    _get_lc_monetary                          - Undefined Weak Reference
    _get_lc_time                              - Undefined Weak Reference
    _getenv_init                              - Undefined Weak Reference
    _handle_redirection                       - Undefined Weak Reference
    _mutex_acquire                            - Undefined Weak Reference
    _mutex_free                               - Undefined Weak Reference
    _mutex_release                            - Undefined Weak Reference
    _printf_mbtowc                            - Undefined Weak Reference
    _printf_wc                                - Undefined Weak Reference
    _rand_init                                - Undefined Weak Reference
    _signal_finish                            - Undefined Weak Reference
    _signal_init                              - Undefined Weak Reference
    __Vectors_Size                           0x000000ec   Number         0  startup_stm32f10x_md.o ABSOLUTE
    __Vectors                                0x08000000   Data           4  startup_stm32f10x_md.o(RESET)
    __Vectors_End                            0x080000ec   Data           0  startup_stm32f10x_md.o(RESET)
    __main                                   0x080000ed   Thumb Code     8  __main.o(!!!main)
    __scatterload                            0x080000f5   Thumb Code     0  __scatter.o(!!!scatter)
    __scatterload_rt2                        0x080000f5   Thumb Code    44  __scatter.o(!!!scatter)
    __scatterload_rt2_thumb_only             0x080000f5   Thumb Code     0  __scatter.o(!!!scatter)
    __scatterload_null                       0x08000103   Thumb Code     0  __scatter.o(!!!scatter)
    __scatterload_copy                       0x08000129   Thumb Code    26  __scatter_copy.o(!!handler_copy)
    __scatterload_zeroinit                   0x08000145   Thumb Code    28  __scatter_zi.o(!!handler_zi)
    _printf_n                                0x08000161   Thumb Code     0  _printf_n.o(.ARM.Collect$$_printf_percent$$00000001)
    _printf_percent                          0x08000161   Thumb Code     0  _printf_percent.o(.ARM.Collect$$_printf_percent$$00000000)
    _printf_p                                0x08000167   Thumb Code     0  _printf_p.o(.ARM.Collect$$_printf_percent$$00000002)
    _printf_f                                0x0800016d   Thumb Code     0  _printf_f.o(.ARM.Collect$$_printf_percent$$00000003)
    _printf_e                                0x08000173   Thumb Code     0  _printf_e.o(.ARM.Collect$$_printf_percent$$00000004)
    _printf_g                                0x08000179   Thumb Code     0  _printf_g.o(.ARM.Collect$$_printf_percent$$00000005)
    _printf_a                                0x0800017f   Thumb Code     0  _printf_a.o(.ARM.Collect$$_printf_percent$$00000006)
    _printf_ll                               0x08000185   Thumb Code     0  _printf_ll.o(.ARM.Collect$$_printf_percent$$00000007)
    _printf_i                                0x0800018f   Thumb Code     0  _printf_i.o(.ARM.Collect$$_printf_percent$$00000008)
    _printf_d                                0x08000195   Thumb Code     0  _printf_d.o(.ARM.Collect$$_printf_percent$$00000009)
    _printf_u                                0x0800019b   Thumb Code     0  _printf_u.o(.ARM.Collect$$_printf_percent$$0000000A)
    _printf_o                                0x080001a1   Thumb Code     0  _printf_o.o(.ARM.Collect$$_printf_percent$$0000000B)
    _printf_x                                0x080001a7   Thumb Code     0  _printf_x.o(.ARM.Collect$$_printf_percent$$0000000C)
    _printf_lli                              0x080001ad   Thumb Code     0  _printf_lli.o(.ARM.Collect$$_printf_percent$$0000000D)
    _printf_lld                              0x080001b3   Thumb Code     0  _printf_lld.o(.ARM.Collect$$_printf_percent$$0000000E)
    _printf_llu                              0x080001b9   Thumb Code     0  _printf_llu.o(.ARM.Collect$$_printf_percent$$0000000F)
    _printf_llo                              0x080001bf   Thumb Code     0  _printf_llo.o(.ARM.Collect$$_printf_percent$$00000010)
    _printf_llx                              0x080001c5   Thumb Code     0  _printf_llx.o(.ARM.Collect$$_printf_percent$$00000011)
    _printf_l                                0x080001cb   Thumb Code     0  _printf_l.o(.ARM.Collect$$_printf_percent$$00000012)
    _printf_c                                0x080001d5   Thumb Code     0  _printf_c.o(.ARM.Collect$$_printf_percent$$00000013)
    _printf_s                                0x080001db   Thumb Code     0  _printf_s.o(.ARM.Collect$$_printf_percent$$00000014)
    _printf_lc                               0x080001e1   Thumb Code     0  _printf_lc.o(.ARM.Collect$$_printf_percent$$00000015)
    _printf_ls                               0x080001e7   Thumb Code     0  _printf_ls.o(.ARM.Collect$$_printf_percent$$00000016)
    _printf_percent_end                      0x080001ed   Thumb Code     0  _printf_percent_end.o(.ARM.Collect$$_printf_percent$$00000017)
    __rt_lib_init                            0x080001f1   Thumb Code     0  libinit.o(.ARM.Collect$$libinit$$00000000)
    __rt_lib_init_fp_1                       0x080001f3   Thumb Code     0  libinit2.o(.ARM.Collect$$libinit$$00000002)
    __rt_lib_init_heap_2                     0x080001f3   Thumb Code     0  libinit2.o(.ARM.Collect$$libinit$$00000005)
    __rt_lib_init_preinit_1                  0x080001f3   Thumb Code     0  libinit2.o(.ARM.Collect$$libinit$$00000004)
    __rt_lib_init_heap_1                     0x080001fb   Thumb Code     0  libinit2.o(.ARM.Collect$$libinit$$0000000A)
    __rt_lib_init_lc_common                  0x080001fb   Thumb Code     0  libinit2.o(.ARM.Collect$$libinit$$0000000F)
    __rt_lib_init_rand_1                     0x080001fb   Thumb Code     0  libinit2.o(.ARM.Collect$$libinit$$0000000E)
    __rt_lib_init_user_alloc_1               0x080001fb   Thumb Code     0  libinit2.o(.ARM.Collect$$libinit$$0000000C)
    __rt_lib_init_lc_collate_1               0x08000201   Thumb Code     0  libinit2.o(.ARM.Collect$$libinit$$00000011)
    __rt_lib_init_lc_ctype_2                 0x08000201   Thumb Code     0  libinit2.o(.ARM.Collect$$libinit$$00000012)
    __rt_lib_init_lc_ctype_1                 0x0800020d   Thumb Code     0  libinit2.o(.ARM.Collect$$libinit$$00000013)
    __rt_lib_init_lc_monetary_1              0x0800020d   Thumb Code     0  libinit2.o(.ARM.Collect$$libinit$$00000015)
    __rt_lib_init_lc_numeric_2               0x0800020d   Thumb Code     0  libinit2.o(.ARM.Collect$$libinit$$00000016)
    __rt_lib_init_atexit_1                   0x08000217   Thumb Code     0  libinit2.o(.ARM.Collect$$libinit$$0000001B)
    __rt_lib_init_clock_1                    0x08000217   Thumb Code     0  libinit2.o(.ARM.Collect$$libinit$$00000021)
    __rt_lib_init_fp_trap_1                  0x08000217   Thumb Code     0  libinit2.o(.ARM.Collect$$libinit$$0000001F)
    __rt_lib_init_getenv_1                   0x08000217   Thumb Code     0  libinit2.o(.ARM.Collect$$libinit$$00000023)
    __rt_lib_init_lc_numeric_1               0x08000217   Thumb Code     0  libinit2.o(.ARM.Collect$$libinit$$00000017)
    __rt_lib_init_lc_time_1                  0x08000217   Thumb Code     0  libinit2.o(.ARM.Collect$$libinit$$00000019)
    __rt_lib_init_signal_1                   0x08000217   Thumb Code     0  libinit2.o(.ARM.Collect$$libinit$$0000001D)
    __rt_lib_init_stdio_2                    0x08000217   Thumb Code     0  libinit2.o(.ARM.Collect$$libinit$$00000024)
    __rt_lib_init_alloca_1                   0x0800021b   Thumb Code     0  libinit2.o(.ARM.Collect$$libinit$$0000002E)
    __rt_lib_init_argv_1                     0x0800021b   Thumb Code     0  libinit2.o(.ARM.Collect$$libinit$$0000002C)
    __rt_lib_init_cpp_1                      0x0800021b   Thumb Code     0  libinit2.o(.ARM.Collect$$libinit$$00000032)
    __rt_lib_init_exceptions_1               0x0800021b   Thumb Code     0  libinit2.o(.ARM.Collect$$libinit$$00000030)
    __rt_lib_init_return                     0x0800021b   Thumb Code     0  libinit2.o(.ARM.Collect$$libinit$$00000033)
    __rt_lib_init_stdio_1                    0x0800021b   Thumb Code     0  libinit2.o(.ARM.Collect$$libinit$$00000025)
    __rt_lib_shutdown                        0x0800021d   Thumb Code     0  libshutdown.o(.ARM.Collect$$libshutdown$$00000000)
    __rt_lib_shutdown_cpp_1                  0x0800021f   Thumb Code     0  libshutdown2.o(.ARM.Collect$$libshutdown$$00000002)
    __rt_lib_shutdown_stdio_2                0x0800021f   Thumb Code     0  libshutdown2.o(.ARM.Collect$$libshutdown$$00000003)
    __rt_lib_shutdown_fp_trap_1              0x08000223   Thumb Code     0  libshutdown2.o(.ARM.Collect$$libshutdown$$00000007)
    __rt_lib_shutdown_heap_1                 0x08000223   Thumb Code     0  libshutdown2.o(.ARM.Collect$$libshutdown$$0000000F)
    __rt_lib_shutdown_return                 0x08000223   Thumb Code     0  libshutdown2.o(.ARM.Collect$$libshutdown$$00000010)
    __rt_lib_shutdown_signal_1               0x08000223   Thumb Code     0  libshutdown2.o(.ARM.Collect$$libshutdown$$0000000A)
    __rt_lib_shutdown_stdio_1                0x08000223   Thumb Code     0  libshutdown2.o(.ARM.Collect$$libshutdown$$00000004)
    __rt_lib_shutdown_user_alloc_1           0x08000223   Thumb Code     0  libshutdown2.o(.ARM.Collect$$libshutdown$$0000000C)
    __rt_entry                               0x08000225   Thumb Code     0  __rtentry.o(.ARM.Collect$$rtentry$$00000000)
    __rt_entry_presh_1                       0x08000225   Thumb Code     0  __rtentry2.o(.ARM.Collect$$rtentry$$00000002)
    __rt_entry_sh                            0x08000225   Thumb Code     0  __rtentry4.o(.ARM.Collect$$rtentry$$00000004)
    __rt_entry_li                            0x0800022b   Thumb Code     0  __rtentry2.o(.ARM.Collect$$rtentry$$0000000A)
    __rt_entry_postsh_1                      0x0800022b   Thumb Code     0  __rtentry2.o(.ARM.Collect$$rtentry$$00000009)
    __rt_entry_main                          0x0800022f   Thumb Code     0  __rtentry2.o(.ARM.Collect$$rtentry$$0000000D)
    __rt_entry_postli_1                      0x0800022f   Thumb Code     0  __rtentry2.o(.ARM.Collect$$rtentry$$0000000C)
    __rt_exit                                0x08000237   Thumb Code     0  rtexit.o(.ARM.Collect$$rtexit$$00000000)
    __rt_exit_ls                             0x08000239   Thumb Code     0  rtexit2.o(.ARM.Collect$$rtexit$$00000003)
    __rt_exit_prels_1                        0x08000239   Thumb Code     0  rtexit2.o(.ARM.Collect$$rtexit$$00000002)
    __rt_exit_exit                           0x0800023d   Thumb Code     0  rtexit2.o(.ARM.Collect$$rtexit$$00000004)
    Reset_Handler                            0x08000245   Thumb Code     8  startup_stm32f10x_md.o(.text)
    _maybe_terminate_alloc                   0x08000245   Thumb Code     0  maybetermalloc1.o(.emb_text)
    ADC1_2_IRQHandler                        0x0800025f   Thumb Code     0  startup_stm32f10x_md.o(.text)
    CAN1_RX1_IRQHandler                      0x0800025f   Thumb Code     0  startup_stm32f10x_md.o(.text)
    CAN1_SCE_IRQHandler                      0x0800025f   Thumb Code     0  startup_stm32f10x_md.o(.text)
    DMA1_Channel1_IRQHandler                 0x0800025f   Thumb Code     0  startup_stm32f10x_md.o(.text)
    DMA1_Channel2_IRQHandler                 0x0800025f   Thumb Code     0  startup_stm32f10x_md.o(.text)
    DMA1_Channel3_IRQHandler                 0x0800025f   Thumb Code     0  startup_stm32f10x_md.o(.text)
    DMA1_Channel4_IRQHandler                 0x0800025f   Thumb Code     0  startup_stm32f10x_md.o(.text)
    DMA1_Channel5_IRQHandler                 0x0800025f   Thumb Code     0  startup_stm32f10x_md.o(.text)
    DMA1_Channel6_IRQHandler                 0x0800025f   Thumb Code     0  startup_stm32f10x_md.o(.text)
    DMA1_Channel7_IRQHandler                 0x0800025f   Thumb Code     0  startup_stm32f10x_md.o(.text)
    EXTI15_10_IRQHandler                     0x0800025f   Thumb Code     0  startup_stm32f10x_md.o(.text)
    EXTI2_IRQHandler                         0x0800025f   Thumb Code     0  startup_stm32f10x_md.o(.text)
    EXTI3_IRQHandler                         0x0800025f   Thumb Code     0  startup_stm32f10x_md.o(.text)
    EXTI4_IRQHandler                         0x0800025f   Thumb Code     0  startup_stm32f10x_md.o(.text)
    EXTI9_5_IRQHandler                       0x0800025f   Thumb Code     0  startup_stm32f10x_md.o(.text)
    FLASH_IRQHandler                         0x0800025f   Thumb Code     0  startup_stm32f10x_md.o(.text)
    I2C1_ER_IRQHandler                       0x0800025f   Thumb Code     0  startup_stm32f10x_md.o(.text)
    I2C1_EV_IRQHandler                       0x0800025f   Thumb Code     0  startup_stm32f10x_md.o(.text)
    I2C2_ER_IRQHandler                       0x0800025f   Thumb Code     0  startup_stm32f10x_md.o(.text)
    I2C2_EV_IRQHandler                       0x0800025f   Thumb Code     0  startup_stm32f10x_md.o(.text)
    PVD_IRQHandler                           0x0800025f   Thumb Code     0  startup_stm32f10x_md.o(.text)
    RCC_IRQHandler                           0x0800025f   Thumb Code     0  startup_stm32f10x_md.o(.text)
    RTCAlarm_IRQHandler                      0x0800025f   Thumb Code     0  startup_stm32f10x_md.o(.text)
    RTC_IRQHandler                           0x0800025f   Thumb Code     0  startup_stm32f10x_md.o(.text)
    SPI1_IRQHandler                          0x0800025f   Thumb Code     0  startup_stm32f10x_md.o(.text)
    SPI2_IRQHandler                          0x0800025f   Thumb Code     0  startup_stm32f10x_md.o(.text)
    TAMPER_IRQHandler                        0x0800025f   Thumb Code     0  startup_stm32f10x_md.o(.text)
    TIM1_BRK_IRQHandler                      0x0800025f   Thumb Code     0  startup_stm32f10x_md.o(.text)
    TIM1_CC_IRQHandler                       0x0800025f   Thumb Code     0  startup_stm32f10x_md.o(.text)
    TIM1_TRG_COM_IRQHandler                  0x0800025f   Thumb Code     0  startup_stm32f10x_md.o(.text)
    TIM1_UP_IRQHandler                       0x0800025f   Thumb Code     0  startup_stm32f10x_md.o(.text)
    TIM4_IRQHandler                          0x0800025f   Thumb Code     0  startup_stm32f10x_md.o(.text)
    USART3_IRQHandler                        0x0800025f   Thumb Code     0  startup_stm32f10x_md.o(.text)
    USBWakeUp_IRQHandler                     0x0800025f   Thumb Code     0  startup_stm32f10x_md.o(.text)
    USB_HP_CAN1_TX_IRQHandler                0x0800025f   Thumb Code     0  startup_stm32f10x_md.o(.text)
    USB_LP_CAN1_RX0_IRQHandler               0x0800025f   Thumb Code     0  startup_stm32f10x_md.o(.text)
    WWDG_IRQHandler                          0x0800025f   Thumb Code     0  startup_stm32f10x_md.o(.text)
    __user_initial_stackheap                 0x08000261   Thumb Code     0  startup_stm32f10x_md.o(.text)
    malloc                                   0x08000285   Thumb Code    94  h1_alloc.o(.text)
    free                                     0x080002e3   Thumb Code    78  h1_free.o(.text)
    vsnprintf                                0x08000331   Thumb Code    48  vsnprintf.o(.text)
    __2printf                                0x08000365   Thumb Code    20  __2printf.o(.text)
    _printf_pre_padding                      0x0800037d   Thumb Code    44  _printf_pad.o(.text)
    _printf_post_padding                     0x080003a9   Thumb Code    34  _printf_pad.o(.text)
    _printf_str                              0x080003cb   Thumb Code    82  _printf_str.o(.text)
    _printf_int_dec                          0x0800041d   Thumb Code   104  _printf_dec.o(.text)
    _printf_longlong_hex                     0x08000495   Thumb Code    86  _printf_hex_int_ll_ptr.o(.text)
    _printf_int_hex                          0x080004eb   Thumb Code    28  _printf_hex_int_ll_ptr.o(.text)
    _printf_ll_hex                           0x08000507   Thumb Code    12  _printf_hex_int_ll_ptr.o(.text)
    _printf_hex_ptr                          0x08000513   Thumb Code    18  _printf_hex_int_ll_ptr.o(.text)
    __printf                                 0x08000529   Thumb Code   388  __printf_flags_ss_wp.o(.text)
    strlen                                   0x080006b1   Thumb Code    62  strlen.o(.text)
    __aeabi_memcpy                           0x080006ef   Thumb Code     0  rt_memcpy_v6.o(.text)
    __rt_memcpy                              0x080006ef   Thumb Code   138  rt_memcpy_v6.o(.text)
    _memcpy_lastbytes                        0x08000755   Thumb Code     0  rt_memcpy_v6.o(.text)
    __aeabi_memcpy4                          0x08000779   Thumb Code     0  rt_memcpy_w.o(.text)
    __aeabi_memcpy8                          0x08000779   Thumb Code     0  rt_memcpy_w.o(.text)
    __rt_memcpy_w                            0x08000779   Thumb Code   100  rt_memcpy_w.o(.text)
    _memcpy_lastbytes_aligned                0x080007c1   Thumb Code     0  rt_memcpy_w.o(.text)
    __aeabi_memclr4                          0x080007dd   Thumb Code     0  rt_memclr_w.o(.text)
    __aeabi_memclr8                          0x080007dd   Thumb Code     0  rt_memclr_w.o(.text)
    __rt_memclr_w                            0x080007dd   Thumb Code    78  rt_memclr_w.o(.text)
    _memset_w                                0x080007e1   Thumb Code     0  rt_memclr_w.o(.text)
    __use_two_region_memory                  0x0800082b   Thumb Code     2  heapauxi.o(.text)
    __rt_heap_escrow                         0x0800082d   Thumb Code     2  heapauxi.o(.text)
    __rt_heap_expand                         0x0800082f   Thumb Code     2  heapauxi.o(.text)
    __rt_ctype_table                         0x08000831   Thumb Code    16  rt_ctype_table.o(.text)
    __rt_heap_descriptor                     0x08000841   Thumb Code     8  rt_heap_descriptor_intlibspace.o(.text)
    __aeabi_errno_addr                       0x08000849   Thumb Code     8  rt_errno_addr_intlibspace.o(.text)
    __errno$intlibspace                      0x08000849   Thumb Code     0  rt_errno_addr_intlibspace.o(.text)
    __rt_errno_addr$intlibspace              0x08000849   Thumb Code     0  rt_errno_addr_intlibspace.o(.text)
    __use_no_heap                            0x08000851   Thumb Code     2  hguard.o(.text)
    __heap$guard                             0x08000853   Thumb Code     2  hguard.o(.text)
    _terminate_user_alloc                    0x08000855   Thumb Code     2  init_alloc.o(.text)
    _init_user_alloc                         0x08000857   Thumb Code     2  init_alloc.o(.text)
    __Heap_Full                              0x08000859   Thumb Code    34  init_alloc.o(.text)
    __Heap_Broken                            0x0800087b   Thumb Code     6  init_alloc.o(.text)
    _init_alloc                              0x08000881   Thumb Code    94  init_alloc.o(.text)
    __Heap_Initialize                        0x080008df   Thumb Code    10  h1_init.o(.text)
    __Heap_DescSize                          0x080008e9   Thumb Code     4  h1_init.o(.text)
    _printf_truncate_signed                  0x080008ed   Thumb Code    18  _printf_truncate.o(.text)
    _printf_truncate_unsigned                0x080008ff   Thumb Code    18  _printf_truncate.o(.text)
    _printf_int_common                       0x08000911   Thumb Code   178  _printf_intcommon.o(.text)
    _printf_charcount                        0x080009c3   Thumb Code    40  _printf_charcount.o(.text)
    __lib_sel_fp_printf                      0x080009eb   Thumb Code     2  _printf_fp_dec.o(.text)
    _printf_fp_dec_real                      0x08000b9d   Thumb Code   620  _printf_fp_dec.o(.text)
    _printf_char_common                      0x08000e13   Thumb Code    32  _printf_char_common.o(.text)
    _sputc                                   0x08000e39   Thumb Code    10  _sputc.o(.text)
    _snputc                                  0x08000e43   Thumb Code    16  _snputc.o(.text)
    _printf_cs_common                        0x08000e53   Thumb Code    20  _printf_char.o(.text)
    _printf_char                             0x08000e67   Thumb Code    16  _printf_char.o(.text)
    _printf_string                           0x08000e77   Thumb Code     8  _printf_char.o(.text)
    _printf_char_file                        0x08000e81   Thumb Code    32  _printf_char_file.o(.text)
    _printf_wctomb                           0x08000ea5   Thumb Code   182  _printf_wctomb.o(.text)
    _printf_longlong_dec                     0x08000f61   Thumb Code   108  _printf_longlong_dec.o(.text)
    _printf_longlong_oct                     0x08000fdd   Thumb Code    66  _printf_oct_int_ll.o(.text)
    _printf_int_oct                          0x0800101f   Thumb Code    24  _printf_oct_int_ll.o(.text)
    _printf_ll_oct                           0x08001037   Thumb Code    12  _printf_oct_int_ll.o(.text)
    __user_libspace                          0x0800104d   Thumb Code     8  libspace.o(.text)
    __user_perproc_libspace                  0x0800104d   Thumb Code     0  libspace.o(.text)
    __user_perthread_libspace                0x0800104d   Thumb Code     0  libspace.o(.text)
    __rt_locale                              0x08001055   Thumb Code     8  rt_locale_intlibspace.o(.text)
    __Heap_ProvideMemory                     0x0800105d   Thumb Code    52  h1_extend.o(.text)
    _ll_udiv10                               0x08001091   Thumb Code   138  lludiv10.o(.text)
    _printf_fp_hex_real                      0x0800111d   Thumb Code   756  _printf_fp_hex.o(.text)
    _printf_fp_infnan                        0x08001419   Thumb Code   112  _printf_fp_infnan.o(.text)
    _printf_lcs_common                       0x08001499   Thumb Code    20  _printf_wchar.o(.text)
    _printf_wchar                            0x080014ad   Thumb Code    16  _printf_wchar.o(.text)
    _printf_wstring                          0x080014bd   Thumb Code     8  _printf_wchar.o(.text)
    _btod_etento                             0x080014c5   Thumb Code   224  bigflt0.o(.text)
    ferror                                   0x080015a9   Thumb Code     8  ferror.o(.text)
    _initio                                  0x080015b1   Thumb Code   210  initio.o(.text)
    _terminateio                             0x08001683   Thumb Code    56  initio.o(.text)
    _wcrtomb                                 0x080016e9   Thumb Code    64  _wcrtomb.o(.text)
    __rt_SIGRTMEM                            0x08001729   Thumb Code    14  defsig_rtmem_outer.o(.text)
    _sys_open                                0x08001737   Thumb Code    20  sys_io.o(.text)
    _sys_close                               0x0800174b   Thumb Code    12  sys_io.o(.text)
    _sys_write                               0x08001757   Thumb Code    16  sys_io.o(.text)
    _sys_read                                0x08001767   Thumb Code    14  sys_io.o(.text)
    _sys_istty                               0x08001775   Thumb Code    12  sys_io.o(.text)
    _sys_seek                                0x08001781   Thumb Code    14  sys_io.o(.text)
    _sys_ensure                              0x0800178f   Thumb Code     2  sys_io.o(.text)
    _sys_flen                                0x08001791   Thumb Code    12  sys_io.o(.text)
    __I$use$semihosting                      0x0800179d   Thumb Code     0  use_no_semi.o(.text)
    __use_no_semihosting_swi                 0x0800179d   Thumb Code     2  use_no_semi.o(.text)
    __semihosting_library_function           0x0800179f   Thumb Code     0  indicate_semi.o(.text)
    __user_setup_stackheap                   0x0800179f   Thumb Code    74  sys_stackheap_outer.o(.text)
    setvbuf                                  0x080017e9   Thumb Code    70  setvbuf.o(.text)
    freopen                                  0x08001831   Thumb Code   158  fopen.o(.text)
    fopen                                    0x080018cf   Thumb Code    74  fopen.o(.text)
    _fclose_internal                         0x0800191d   Thumb Code    76  fclose.o(.text)
    fclose                                   0x0800191d   Thumb Code     0  fclose.o(.text)
    exit                                     0x08001969   Thumb Code    18  exit.o(.text)
    __sig_exit                               0x0800197b   Thumb Code    10  defsig_exit.o(.text)
    __rt_SIGRTRED                            0x08001985   Thumb Code    14  defsig_rtred_outer.o(.text)
    __rt_SIGRTMEM_inner                      0x08001995   Thumb Code    22  defsig_rtmem_inner.o(.text)
    strcmp                                   0x080019e5   Thumb Code   128  strcmpv7m.o(.text)
    _sys_exit                                0x08001a65   Thumb Code     8  sys_exit.o(.text)
    _fseek                                   0x08001a71   Thumb Code   242  fseek.o(.text)
    fseek                                    0x08001a71   Thumb Code     0  fseek.o(.text)
    _seterr                                  0x08001b69   Thumb Code    20  stdio.o(.text)
    _writebuf                                0x08001b7d   Thumb Code    84  stdio.o(.text)
    _fflush                                  0x08001bd1   Thumb Code    70  stdio.o(.text)
    _deferredlazyseek                        0x08001c17   Thumb Code    60  stdio.o(.text)
    __default_signal_display                 0x08001c59   Thumb Code    50  defsig_general.o(.text)
    __rt_SIGRTRED_inner                      0x08001c8d   Thumb Code    14  defsig_rtred_inner.o(.text)
    _ttywrch                                 0x08001cc1   Thumb Code    14  sys_wrch.o(.text)
    _ftell_internal                          0x08001ccf   Thumb Code    66  ftell.o(.text)
    ftell                                    0x08001ccf   Thumb Code     0  ftell.o(.text)
    _btod_d2e                                0x08001d11   Thumb Code    62  btod.o(CL$$btod_d2e)
    _d2e_denorm_low                          0x08001d4f   Thumb Code    70  btod.o(CL$$btod_d2e_denorm_low)
    _d2e_norm_op1                            0x08001d95   Thumb Code    96  btod.o(CL$$btod_d2e_norm_op1)
    __btod_div_common                        0x08001df5   Thumb Code   696  btod.o(CL$$btod_div_common)
    _e2e                                     0x0800212d   Thumb Code   220  btod.o(CL$$btod_e2e)
    _btod_ediv                               0x08002209   Thumb Code    42  btod.o(CL$$btod_ediv)
    _btod_emul                               0x08002233   Thumb Code    42  btod.o(CL$$btod_emul)
    __btod_mult_common                       0x0800225d   Thumb Code   580  btod.o(CL$$btod_mult_common)
    BEEP_Init                                0x080024a1   Thumb Code    46  beep.o(i.BEEP_Init)
    BusFault_Handler                         0x080024d5   Thumb Code     4  stm32f10x_it.o(i.BusFault_Handler)
    CalulateCRC                              0x080024d9   Thumb Code   108  rc522.o(i.CalulateCRC)
    ClearBitMask                             0x08002545   Thumb Code    26  rc522.o(i.ClearBitMask)
    DEBUG_LOG                                0x08002561   Thumb Code    86  usart.o(i.DEBUG_LOG)
    DebugMon_Handler                         0x080025cd   Thumb Code     2  stm32f10x_it.o(i.DebugMon_Handler)
    EXTI0_IRQHandler                         0x080025cf   Thumb Code    16  exti.o(i.EXTI0_IRQHandler)
    EXTI1_IRQHandler                         0x080025df   Thumb Code    16  exti.o(i.EXTI1_IRQHandler)
    EXTIX_Init                               0x080025ef   Thumb Code   140  exti.o(i.EXTIX_Init)
    EXTI_ClearITPendingBit                   0x0800267d   Thumb Code     6  stm32f10x_exti.o(i.EXTI_ClearITPendingBit)
    EXTI_Init                                0x08002689   Thumb Code   142  stm32f10x_exti.o(i.EXTI_Init)
    GPIO_EXTILineConfig                      0x0800271d   Thumb Code    60  stm32f10x_gpio.o(i.GPIO_EXTILineConfig)
    GPIO_Init                                0x0800275d   Thumb Code   278  stm32f10x_gpio.o(i.GPIO_Init)
    GPIO_ReadInputDataBit                    0x08002873   Thumb Code    18  stm32f10x_gpio.o(i.GPIO_ReadInputDataBit)
    GPIO_ResetBits                           0x08002885   Thumb Code     4  stm32f10x_gpio.o(i.GPIO_ResetBits)
    GPIO_SetBits                             0x08002889   Thumb Code     4  stm32f10x_gpio.o(i.GPIO_SetBits)
    HardFault_Handler                        0x0800288d   Thumb Code     4  stm32f10x_it.o(i.HardFault_Handler)
    LED_Init                                 0x08002891   Thumb Code    40  led.o(i.LED_Init)
    M500PcdConfigISOType                     0x080028bd   Thumb Code    84  rc522.o(i.M500PcdConfigISOType)
    MemManage_Handler                        0x08002911   Thumb Code     4  stm32f10x_it.o(i.MemManage_Handler)
    NMI_Handler                              0x08002915   Thumb Code     2  stm32f10x_it.o(i.NMI_Handler)
    NVIC_Init                                0x08002919   Thumb Code   100  misc.o(i.NVIC_Init)
    NVIC_PriorityGroupConfig                 0x08002989   Thumb Code    10  misc.o(i.NVIC_PriorityGroupConfig)
    PcdAntennaOff                            0x0800299d   Thumb Code    12  rc522.o(i.PcdAntennaOff)
    PcdAntennaOn                             0x080029a9   Thumb Code    26  rc522.o(i.PcdAntennaOn)
    PcdAnticoll                              0x080029c3   Thumb Code   112  rc522.o(i.PcdAnticoll)
    PcdAuthState                             0x08002a33   Thumb Code   110  rc522.o(i.PcdAuthState)
    PcdComMF522                              0x08002aa1   Thumb Code   306  rc522.o(i.PcdComMF522)
    PcdRequest                               0x08002bd3   Thumb Code    84  rc522.o(i.PcdRequest)
    PcdReset                                 0x08002c29   Thumb Code   124  rc522.o(i.PcdReset)
    PcdSelect                                0x08002ca9   Thumb Code   114  rc522.o(i.PcdSelect)
    PcdWrite                                 0x08002d1b   Thumb Code   156  rc522.o(i.PcdWrite)
    PendSV_Handler                           0x08002db7   Thumb Code     2  stm32f10x_it.o(i.PendSV_Handler)
    Pump_Init                                0x08002db9   Thumb Code    48  pump.o(i.Pump_Init)
    RC522_Init                               0x08002ded   Thumb Code    34  rc522.o(i.RC522_Init)
    RCC_APB1PeriphClockCmd                   0x08002e19   Thumb Code    26  stm32f10x_rcc.o(i.RCC_APB1PeriphClockCmd)
    RCC_APB2PeriphClockCmd                   0x08002e39   Thumb Code    26  stm32f10x_rcc.o(i.RCC_APB2PeriphClockCmd)
    RCC_GetClocksFreq                        0x08002e59   Thumb Code   192  stm32f10x_rcc.o(i.RCC_GetClocksFreq)
    ReadRawRC                                0x08002f2d   Thumb Code    46  rc522.o(i.ReadRawRC)
    SPI1_Init                                0x08002f61   Thumb Code   224  rc522.o(i.SPI1_Init)
    SPI_Cmd                                  0x0800304d   Thumb Code    24  stm32f10x_spi.o(i.SPI_Cmd)
    SPI_Init                                 0x08003065   Thumb Code    60  stm32f10x_spi.o(i.SPI_Init)
    SPI_RC522_ReadByte                       0x080030a1   Thumb Code    72  rc522.o(i.SPI_RC522_ReadByte)
    SPI_RC522_SendByte                       0x080030ed   Thumb Code    80  rc522.o(i.SPI_RC522_SendByte)
    SVC_Handler                              0x08003141   Thumb Code     2  stm32f10x_it.o(i.SVC_Handler)
    SetBitMask                               0x08003143   Thumb Code    26  rc522.o(i.SetBitMask)
    SysTick_CLKSourceConfig                  0x08003245   Thumb Code    40  misc.o(i.SysTick_CLKSourceConfig)
    SysTick_Handler                          0x0800326d   Thumb Code     2  stm32f10x_it.o(i.SysTick_Handler)
    SystemInit                               0x08003271   Thumb Code    78  system_stm32f10x.o(i.SystemInit)
    TIM2_IRQHandler                          0x080032d1   Thumb Code   146  waterflow.o(i.TIM2_IRQHandler)
    TIM3_IRQHandler                          0x08003375   Thumb Code    24  timer.o(i.TIM3_IRQHandler)
    TIM3_Int_Init                            0x08003391   Thumb Code    90  timer.o(i.TIM3_Int_Init)
    TIM_ClearITPendingBit                    0x080033f1   Thumb Code     6  stm32f10x_tim.o(i.TIM_ClearITPendingBit)
    TIM_Cmd                                  0x080033f7   Thumb Code    24  stm32f10x_tim.o(i.TIM_Cmd)
    TIM_GetCapture1                          0x0800340f   Thumb Code     6  stm32f10x_tim.o(i.TIM_GetCapture1)
    TIM_GetITStatus                          0x08003415   Thumb Code    34  stm32f10x_tim.o(i.TIM_GetITStatus)
    TIM_ITConfig                             0x08003437   Thumb Code    18  stm32f10x_tim.o(i.TIM_ITConfig)
    TIM_TimeBaseInit                         0x08003449   Thumb Code   122  stm32f10x_tim.o(i.TIM_TimeBaseInit)
    USART1_IRQHandler                        0x080034ed   Thumb Code    24  usart.o(i.USART1_IRQHandler)
    USART2_IRQHandler                        0x08003509   Thumb Code    64  esp8266.o(i.USART2_IRQHandler)
    USART_ClearFlag                          0x08003555   Thumb Code    18  stm32f10x_usart.o(i.USART_ClearFlag)
    USART_Cmd                                0x08003567   Thumb Code    24  stm32f10x_usart.o(i.USART_Cmd)
    USART_GetFlagStatus                      0x0800357f   Thumb Code    26  stm32f10x_usart.o(i.USART_GetFlagStatus)
    USART_GetITStatus                        0x08003599   Thumb Code    84  stm32f10x_usart.o(i.USART_GetITStatus)
    USART_ITConfig                           0x080035ed   Thumb Code    74  stm32f10x_usart.o(i.USART_ITConfig)
    USART_Init                               0x08003639   Thumb Code   210  stm32f10x_usart.o(i.USART_Init)
    USART_SendData                           0x08003711   Thumb Code     8  stm32f10x_usart.o(i.USART_SendData)
    UsageFault_Handler                       0x08003719   Thumb Code     4  stm32f10x_it.o(i.UsageFault_Handler)
    Usart1_Init                              0x0800371d   Thumb Code   166  usart.o(i.Usart1_Init)
    Usart2_Init                              0x080037cd   Thumb Code   162  usart.o(i.Usart2_Init)
    UsartPrintf                              0x08003879   Thumb Code    72  usart.o(i.UsartPrintf)
    WaitCardOff                              0x080038c1   Thumb Code    52  rc522.o(i.WaitCardOff)
    WriteRawRC                               0x080038f5   Thumb Code    42  rc522.o(i.WriteRawRC)
    __ARM_fpclassify                         0x08003925   Thumb Code    40  fpclassify.o(i.__ARM_fpclassify)
    _is_digit                                0x0800394d   Thumb Code    14  __printf_wp.o(i._is_digit)
    delay_init                               0x0800395d   Thumb Code    50  delay.o(i.delay_init)
    delay_ms                                 0x080039a1   Thumb Code    72  delay.o(i.delay_ms)
    delay_us                                 0x080039ed   Thumb Code    72  delay.o(i.delay_us)
    fputc                                    0x08003a39   Thumb Code    24  usart.o(i.fputc)
    main                                     0x08003a55   Thumb Code   334  main.o(i.main)
    _get_lc_ctype                            0x08003d19   Thumb Code    44  lc_ctype_c.o(locale$$code)
    _get_lc_numeric                          0x08003d45   Thumb Code    44  lc_numeric_c.o(locale$$code)
    __aeabi_fadd                             0x08003d71   Thumb Code     0  faddsub_clz.o(x$fpl$fadd)
    _fadd                                    0x08003d71   Thumb Code   196  faddsub_clz.o(x$fpl$fadd)
    __aeabi_fdiv                             0x08003e35   Thumb Code     0  fdiv.o(x$fpl$fdiv)
    _fdiv                                    0x08003e35   Thumb Code   384  fdiv.o(x$fpl$fdiv)
    __aeabi_ui2f                             0x08003fb9   Thumb Code     0  fflt_clz.o(x$fpl$ffltu)
    _ffltu                                   0x08003fb9   Thumb Code    38  fflt_clz.o(x$fpl$ffltu)
    __aeabi_fmul                             0x08003fe1   Thumb Code     0  fmul.o(x$fpl$fmul)
    _fmul                                    0x08003fe1   Thumb Code   258  fmul.o(x$fpl$fmul)
    __fpl_fnaninf                            0x080040e3   Thumb Code   140  fnaninf.o(x$fpl$fnaninf)
    __fpl_fretinf                            0x0800416f   Thumb Code    10  fretinf.o(x$fpl$fretinf)
    __aeabi_fsub                             0x08004179   Thumb Code     0  faddsub_clz.o(x$fpl$fsub)
    _fsub                                    0x08004179   Thumb Code   234  faddsub_clz.o(x$fpl$fsub)
    _printf_fp_dec                           0x08004263   Thumb Code     4  printf1.o(x$fpl$printf1)
    _printf_fp_hex                           0x08004267   Thumb Code     4  printf2.o(x$fpl$printf2)
    __I$use$fp                               0x0800426a   Number         0  usenofp.o(x$fpl$usenofp)
    __stdin_name                             0x08004368   Data           4  sys_io.o(.constdata)
    __stdout_name                            0x0800436c   Data           4  sys_io.o(.constdata)
    __stderr_name                            0x08004370   Data           4  sys_io.o(.constdata)
    Region$$Table$$Base                      0x08004384   Number         0  anon$$obj.o(Region$$Table)
    Region$$Table$$Limit                     0x080043a4   Number         0  anon$$obj.o(Region$$Table)
    __ctype                                  0x080043b1   Data           0  lc_ctype_c.o(locale$$data)
    SystemCoreClock                          0x20000000   Data           4  system_stm32f10x.o(.data)
    AHBPrescTable                            0x20000004   Data          16  system_stm32f10x.o(.data)
    alarmFlag                                0x2000002c   Data           1  main.o(.data)
    alarm_is_free                            0x2000002d   Data           1  main.o(.data)
    Height                                   0x20000030   Data           4  main.o(.data)
    Flow                                     0x20000034   Data           4  main.o(.data)
    Led_Status                               0x20000038   Data           1  main.o(.data)
    BEEP                                     0x20000039   Data           1  main.o(.data)
    Pump                                     0x2000003a   Data           1  main.o(.data)
    devicd_id                                0x2000003b   Data           9  main.o(.data)
    devSubTopic                              0x20000044   Data           4  main.o(.data)
    ESP8266_INIT_OK                          0x20000048   Data           1  main.o(.data)
    snr                                      0x20000049   Data           1  main.o(.data)
    TagType                                  0x2000004a   Data           2  main.o(.data)
    SelectedSnr                              0x2000004c   Data           4  main.o(.data)
    DefaultKey                               0x20000050   Data           6  main.o(.data)
    pulse_count                              0x20000058   Data           4  waterflow.o(.data)
    last_capture                             0x2000005c   Data           4  waterflow.o(.data)
    flow_rate                                0x20000060   Data           4  waterflow.o(.data)
    esp8266_cnt                              0x20000064   Data           2  esp8266.o(.data)
    esp8266_cntPre                           0x20000066   Data           2  esp8266.o(.data)
    __aeabi_stdin                            0x20000068   Data           4  stdio_streams.o(.data)
    __aeabi_stdout                           0x2000006c   Data           4  stdio_streams.o(.data)
    __aeabi_stderr                           0x20000070   Data           4  stdio_streams.o(.data)
    PUB_BUF                                  0x20000074   Data         256  main.o(.bss)
    buf                                      0x20000174   Data          16  main.o(.bss)
    esp8266_buf                              0x20000184   Data        1024  esp8266.o(.bss)
    __stdin                                  0x20000584   Data          84  stdio_streams.o(.bss)
    __stdout                                 0x200005d8   Data          84  stdio_streams.o(.bss)
    __stderr                                 0x2000062c   Data          84  stdio_streams.o(.bss)
    __libspace_start                         0x20000680   Data          96  libspace.o(.bss)
    __temporary_stack_top$libspace           0x200006e0   Data           0  libspace.o(.bss)



==============================================================================

Memory Map of the image

  Image Entry point : 0x080000ed

  Load Region LR_IROM1 (Base: 0x08000000, Size: 0x00004544, Max: 0x00008000, ABSOLUTE)

    Execution Region ER_IROM1 (Exec base: 0x08000000, Load base: 0x08000000, Size: 0x000044d0, Max: 0x00008000, ABSOLUTE)

    Exec Addr    Load Addr    Size         Type   Attr      Idx    E Section Name        Object

    0x08000000   0x08000000   0x000000ec   Data   RO            3    RESET               startup_stm32f10x_md.o
    0x080000ec   0x080000ec   0x00000008   Code   RO         4661  * !!!main             c_w.l(__main.o)
    0x080000f4   0x080000f4   0x00000034   Code   RO         5141    !!!scatter          c_w.l(__scatter.o)
    0x08000128   0x08000128   0x0000001a   Code   RO         5143    !!handler_copy      c_w.l(__scatter_copy.o)
    0x08000142   0x08000142   0x00000002   PAD
    0x08000144   0x08000144   0x0000001c   Code   RO         5145    !!handler_zi        c_w.l(__scatter_zi.o)
    0x08000160   0x08000160   0x00000000   Code   RO         4636    .ARM.Collect$$_printf_percent$$00000000  c_w.l(_printf_percent.o)
    0x08000160   0x08000160   0x00000006   Code   RO         4798    .ARM.Collect$$_printf_percent$$00000001  c_w.l(_printf_n.o)
    0x08000166   0x08000166   0x00000006   Code   RO         4799    .ARM.Collect$$_printf_percent$$00000002  c_w.l(_printf_p.o)
    0x0800016c   0x0800016c   0x00000006   Code   RO         4634    .ARM.Collect$$_printf_percent$$00000003  c_w.l(_printf_f.o)
    0x08000172   0x08000172   0x00000006   Code   RO         4635    .ARM.Collect$$_printf_percent$$00000004  c_w.l(_printf_e.o)
    0x08000178   0x08000178   0x00000006   Code   RO         4803    .ARM.Collect$$_printf_percent$$00000005  c_w.l(_printf_g.o)
    0x0800017e   0x0800017e   0x00000006   Code   RO         4804    .ARM.Collect$$_printf_percent$$00000006  c_w.l(_printf_a.o)
    0x08000184   0x08000184   0x0000000a   Code   RO         4809    .ARM.Collect$$_printf_percent$$00000007  c_w.l(_printf_ll.o)
    0x0800018e   0x0800018e   0x00000006   Code   RO         4801    .ARM.Collect$$_printf_percent$$00000008  c_w.l(_printf_i.o)
    0x08000194   0x08000194   0x00000006   Code   RO         4633    .ARM.Collect$$_printf_percent$$00000009  c_w.l(_printf_d.o)
    0x0800019a   0x0800019a   0x00000006   Code   RO         4802    .ARM.Collect$$_printf_percent$$0000000A  c_w.l(_printf_u.o)
    0x080001a0   0x080001a0   0x00000006   Code   RO         4800    .ARM.Collect$$_printf_percent$$0000000B  c_w.l(_printf_o.o)
    0x080001a6   0x080001a6   0x00000006   Code   RO         4632    .ARM.Collect$$_printf_percent$$0000000C  c_w.l(_printf_x.o)
    0x080001ac   0x080001ac   0x00000006   Code   RO         4806    .ARM.Collect$$_printf_percent$$0000000D  c_w.l(_printf_lli.o)
    0x080001b2   0x080001b2   0x00000006   Code   RO         4807    .ARM.Collect$$_printf_percent$$0000000E  c_w.l(_printf_lld.o)
    0x080001b8   0x080001b8   0x00000006   Code   RO         4808    .ARM.Collect$$_printf_percent$$0000000F  c_w.l(_printf_llu.o)
    0x080001be   0x080001be   0x00000006   Code   RO         4813    .ARM.Collect$$_printf_percent$$00000010  c_w.l(_printf_llo.o)
    0x080001c4   0x080001c4   0x00000006   Code   RO         4814    .ARM.Collect$$_printf_percent$$00000011  c_w.l(_printf_llx.o)
    0x080001ca   0x080001ca   0x0000000a   Code   RO         4810    .ARM.Collect$$_printf_percent$$00000012  c_w.l(_printf_l.o)
    0x080001d4   0x080001d4   0x00000006   Code   RO         4797    .ARM.Collect$$_printf_percent$$00000013  c_w.l(_printf_c.o)
    0x080001da   0x080001da   0x00000006   Code   RO         4631    .ARM.Collect$$_printf_percent$$00000014  c_w.l(_printf_s.o)
    0x080001e0   0x080001e0   0x00000006   Code   RO         4811    .ARM.Collect$$_printf_percent$$00000015  c_w.l(_printf_lc.o)
    0x080001e6   0x080001e6   0x00000006   Code   RO         4812    .ARM.Collect$$_printf_percent$$00000016  c_w.l(_printf_ls.o)
    0x080001ec   0x080001ec   0x00000004   Code   RO         4805    .ARM.Collect$$_printf_percent$$00000017  c_w.l(_printf_percent_end.o)
    0x080001f0   0x080001f0   0x00000002   Code   RO         5070    .ARM.Collect$$libinit$$00000000  c_w.l(libinit.o)
    0x080001f2   0x080001f2   0x00000000   Code   RO         4826    .ARM.Collect$$libinit$$00000002  c_w.l(libinit2.o)
    0x080001f2   0x080001f2   0x00000000   Code   RO         4828    .ARM.Collect$$libinit$$00000004  c_w.l(libinit2.o)
    0x080001f2   0x080001f2   0x00000008   Code   RO         4829    .ARM.Collect$$libinit$$00000005  c_w.l(libinit2.o)
    0x080001fa   0x080001fa   0x00000000   Code   RO         4831    .ARM.Collect$$libinit$$0000000A  c_w.l(libinit2.o)
    0x080001fa   0x080001fa   0x00000000   Code   RO         4833    .ARM.Collect$$libinit$$0000000C  c_w.l(libinit2.o)
    0x080001fa   0x080001fa   0x00000000   Code   RO         4835    .ARM.Collect$$libinit$$0000000E  c_w.l(libinit2.o)
    0x080001fa   0x080001fa   0x00000006   Code   RO         4836    .ARM.Collect$$libinit$$0000000F  c_w.l(libinit2.o)
    0x08000200   0x08000200   0x00000000   Code   RO         4838    .ARM.Collect$$libinit$$00000011  c_w.l(libinit2.o)
    0x08000200   0x08000200   0x0000000c   Code   RO         4839    .ARM.Collect$$libinit$$00000012  c_w.l(libinit2.o)
    0x0800020c   0x0800020c   0x00000000   Code   RO         4840    .ARM.Collect$$libinit$$00000013  c_w.l(libinit2.o)
    0x0800020c   0x0800020c   0x00000000   Code   RO         4842    .ARM.Collect$$libinit$$00000015  c_w.l(libinit2.o)
    0x0800020c   0x0800020c   0x0000000a   Code   RO         4843    .ARM.Collect$$libinit$$00000016  c_w.l(libinit2.o)
    0x08000216   0x08000216   0x00000000   Code   RO         4844    .ARM.Collect$$libinit$$00000017  c_w.l(libinit2.o)
    0x08000216   0x08000216   0x00000000   Code   RO         4846    .ARM.Collect$$libinit$$00000019  c_w.l(libinit2.o)
    0x08000216   0x08000216   0x00000000   Code   RO         4848    .ARM.Collect$$libinit$$0000001B  c_w.l(libinit2.o)
    0x08000216   0x08000216   0x00000000   Code   RO         4850    .ARM.Collect$$libinit$$0000001D  c_w.l(libinit2.o)
    0x08000216   0x08000216   0x00000000   Code   RO         4852    .ARM.Collect$$libinit$$0000001F  c_w.l(libinit2.o)
    0x08000216   0x08000216   0x00000000   Code   RO         4854    .ARM.Collect$$libinit$$00000021  c_w.l(libinit2.o)
    0x08000216   0x08000216   0x00000000   Code   RO         4856    .ARM.Collect$$libinit$$00000023  c_w.l(libinit2.o)
    0x08000216   0x08000216   0x00000004   Code   RO         4857    .ARM.Collect$$libinit$$00000024  c_w.l(libinit2.o)
    0x0800021a   0x0800021a   0x00000000   Code   RO         4858    .ARM.Collect$$libinit$$00000025  c_w.l(libinit2.o)
    0x0800021a   0x0800021a   0x00000000   Code   RO         4862    .ARM.Collect$$libinit$$0000002C  c_w.l(libinit2.o)
    0x0800021a   0x0800021a   0x00000000   Code   RO         4864    .ARM.Collect$$libinit$$0000002E  c_w.l(libinit2.o)
    0x0800021a   0x0800021a   0x00000000   Code   RO         4866    .ARM.Collect$$libinit$$00000030  c_w.l(libinit2.o)
    0x0800021a   0x0800021a   0x00000000   Code   RO         4868    .ARM.Collect$$libinit$$00000032  c_w.l(libinit2.o)
    0x0800021a   0x0800021a   0x00000002   Code   RO         4869    .ARM.Collect$$libinit$$00000033  c_w.l(libinit2.o)
    0x0800021c   0x0800021c   0x00000002   Code   RO         5138    .ARM.Collect$$libshutdown$$00000000  c_w.l(libshutdown.o)
    0x0800021e   0x0800021e   0x00000000   Code   RO         5072    .ARM.Collect$$libshutdown$$00000002  c_w.l(libshutdown2.o)
    0x0800021e   0x0800021e   0x00000004   Code   RO         5073    .ARM.Collect$$libshutdown$$00000003  c_w.l(libshutdown2.o)
    0x08000222   0x08000222   0x00000000   Code   RO         5074    .ARM.Collect$$libshutdown$$00000004  c_w.l(libshutdown2.o)
    0x08000222   0x08000222   0x00000000   Code   RO         5077    .ARM.Collect$$libshutdown$$00000007  c_w.l(libshutdown2.o)
    0x08000222   0x08000222   0x00000000   Code   RO         5080    .ARM.Collect$$libshutdown$$0000000A  c_w.l(libshutdown2.o)
    0x08000222   0x08000222   0x00000000   Code   RO         5082    .ARM.Collect$$libshutdown$$0000000C  c_w.l(libshutdown2.o)
    0x08000222   0x08000222   0x00000000   Code   RO         5085    .ARM.Collect$$libshutdown$$0000000F  c_w.l(libshutdown2.o)
    0x08000222   0x08000222   0x00000002   Code   RO         5086    .ARM.Collect$$libshutdown$$00000010  c_w.l(libshutdown2.o)
    0x08000224   0x08000224   0x00000000   Code   RO         4733    .ARM.Collect$$rtentry$$00000000  c_w.l(__rtentry.o)
    0x08000224   0x08000224   0x00000000   Code   RO         4924    .ARM.Collect$$rtentry$$00000002  c_w.l(__rtentry2.o)
    0x08000224   0x08000224   0x00000006   Code   RO         4936    .ARM.Collect$$rtentry$$00000004  c_w.l(__rtentry4.o)
    0x0800022a   0x0800022a   0x00000000   Code   RO         4926    .ARM.Collect$$rtentry$$00000009  c_w.l(__rtentry2.o)
    0x0800022a   0x0800022a   0x00000004   Code   RO         4927    .ARM.Collect$$rtentry$$0000000A  c_w.l(__rtentry2.o)
    0x0800022e   0x0800022e   0x00000000   Code   RO         4929    .ARM.Collect$$rtentry$$0000000C  c_w.l(__rtentry2.o)
    0x0800022e   0x0800022e   0x00000008   Code   RO         4930    .ARM.Collect$$rtentry$$0000000D  c_w.l(__rtentry2.o)
    0x08000236   0x08000236   0x00000002   Code   RO         5091    .ARM.Collect$$rtexit$$00000000  c_w.l(rtexit.o)
    0x08000238   0x08000238   0x00000000   Code   RO         5112    .ARM.Collect$$rtexit$$00000002  c_w.l(rtexit2.o)
    0x08000238   0x08000238   0x00000004   Code   RO         5113    .ARM.Collect$$rtexit$$00000003  c_w.l(rtexit2.o)
    0x0800023c   0x0800023c   0x00000006   Code   RO         5114    .ARM.Collect$$rtexit$$00000004  c_w.l(rtexit2.o)
    0x08000242   0x08000242   0x00000002   PAD
    0x08000244   0x08000244   0x00000000   Code   RO         4945    .emb_text           c_w.l(maybetermalloc1.o)
    0x08000244   0x08000244   0x00000040   Code   RO            4    .text               startup_stm32f10x_md.o
    0x08000284   0x08000284   0x0000005e   Code   RO         4512    .text               c_w.l(h1_alloc.o)
    0x080002e2   0x080002e2   0x0000004e   Code   RO         4514    .text               c_w.l(h1_free.o)
    0x08000330   0x08000330   0x00000034   Code   RO         4572    .text               c_w.l(vsnprintf.o)
    0x08000364   0x08000364   0x00000018   Code   RO         4574    .text               c_w.l(__2printf.o)
    0x0800037c   0x0800037c   0x0000004e   Code   RO         4584    .text               c_w.l(_printf_pad.o)
    0x080003ca   0x080003ca   0x00000052   Code   RO         4586    .text               c_w.l(_printf_str.o)
    0x0800041c   0x0800041c   0x00000078   Code   RO         4588    .text               c_w.l(_printf_dec.o)
    0x08000494   0x08000494   0x00000094   Code   RO         4608    .text               c_w.l(_printf_hex_int_ll_ptr.o)
    0x08000528   0x08000528   0x00000188   Code   RO         4628    .text               c_w.l(__printf_flags_ss_wp.o)
    0x080006b0   0x080006b0   0x0000003e   Code   RO         4647    .text               c_w.l(strlen.o)
    0x080006ee   0x080006ee   0x0000008a   Code   RO         4651    .text               c_w.l(rt_memcpy_v6.o)
    0x08000778   0x08000778   0x00000064   Code   RO         4653    .text               c_w.l(rt_memcpy_w.o)
    0x080007dc   0x080007dc   0x0000004e   Code   RO         4657    .text               c_w.l(rt_memclr_w.o)
    0x0800082a   0x0800082a   0x00000006   Code   RO         4659    .text               c_w.l(heapauxi.o)
    0x08000830   0x08000830   0x00000010   Code   RO         4734    .text               c_w.l(rt_ctype_table.o)
    0x08000840   0x08000840   0x00000008   Code   RO         4739    .text               c_w.l(rt_heap_descriptor_intlibspace.o)
    0x08000848   0x08000848   0x00000008   Code   RO         4744    .text               c_w.l(rt_errno_addr_intlibspace.o)
    0x08000850   0x08000850   0x00000004   Code   RO         4746    .text               c_w.l(hguard.o)
    0x08000854   0x08000854   0x0000008a   Code   RO         4748    .text               c_w.l(init_alloc.o)
    0x080008de   0x080008de   0x0000000e   Code   RO         4752    .text               c_w.l(h1_init.o)
    0x080008ec   0x080008ec   0x00000024   Code   RO         4768    .text               c_w.l(_printf_truncate.o)
    0x08000910   0x08000910   0x000000b2   Code   RO         4770    .text               c_w.l(_printf_intcommon.o)
    0x080009c2   0x080009c2   0x00000028   Code   RO         4772    .text               c_w.l(_printf_charcount.o)
    0x080009ea   0x080009ea   0x0000041e   Code   RO         4774    .text               c_w.l(_printf_fp_dec.o)
    0x08000e08   0x08000e08   0x00000030   Code   RO         4776    .text               c_w.l(_printf_char_common.o)
    0x08000e38   0x08000e38   0x0000000a   Code   RO         4778    .text               c_w.l(_sputc.o)
    0x08000e42   0x08000e42   0x00000010   Code   RO         4780    .text               c_w.l(_snputc.o)
    0x08000e52   0x08000e52   0x0000002c   Code   RO         4782    .text               c_w.l(_printf_char.o)
    0x08000e7e   0x08000e7e   0x00000002   PAD
    0x08000e80   0x08000e80   0x00000024   Code   RO         4784    .text               c_w.l(_printf_char_file.o)
    0x08000ea4   0x08000ea4   0x000000bc   Code   RO         4786    .text               c_w.l(_printf_wctomb.o)
    0x08000f60   0x08000f60   0x0000007c   Code   RO         4789    .text               c_w.l(_printf_longlong_dec.o)
    0x08000fdc   0x08000fdc   0x00000070   Code   RO         4795    .text               c_w.l(_printf_oct_int_ll.o)
    0x0800104c   0x0800104c   0x00000008   Code   RO         4920    .text               c_w.l(libspace.o)
    0x08001054   0x08001054   0x00000008   Code   RO         4941    .text               c_w.l(rt_locale_intlibspace.o)
    0x0800105c   0x0800105c   0x00000034   Code   RO         4947    .text               c_w.l(h1_extend.o)
    0x08001090   0x08001090   0x0000008a   Code   RO         4951    .text               c_w.l(lludiv10.o)
    0x0800111a   0x0800111a   0x00000002   PAD
    0x0800111c   0x0800111c   0x000002fc   Code   RO         4953    .text               c_w.l(_printf_fp_hex.o)
    0x08001418   0x08001418   0x00000080   Code   RO         4956    .text               c_w.l(_printf_fp_infnan.o)
    0x08001498   0x08001498   0x0000002c   Code   RO         4960    .text               c_w.l(_printf_wchar.o)
    0x080014c4   0x080014c4   0x000000e4   Code   RO         4964    .text               c_w.l(bigflt0.o)
    0x080015a8   0x080015a8   0x00000008   Code   RO         4989    .text               c_w.l(ferror.o)
    0x080015b0   0x080015b0   0x00000138   Code   RO         4991    .text               c_w.l(initio.o)
    0x080016e8   0x080016e8   0x00000040   Code   RO         4997    .text               c_w.l(_wcrtomb.o)
    0x08001728   0x08001728   0x0000000e   Code   RO         5005    .text               c_w.l(defsig_rtmem_outer.o)
    0x08001736   0x08001736   0x00000066   Code   RO         5022    .text               c_w.l(sys_io.o)
    0x0800179c   0x0800179c   0x00000002   Code   RO         5027    .text               c_w.l(use_no_semi.o)
    0x0800179e   0x0800179e   0x00000000   Code   RO         5029    .text               c_w.l(indicate_semi.o)
    0x0800179e   0x0800179e   0x0000004a   Code   RO         5030    .text               c_w.l(sys_stackheap_outer.o)
    0x080017e8   0x080017e8   0x00000046   Code   RO         5038    .text               c_w.l(setvbuf.o)
    0x0800182e   0x0800182e   0x00000002   PAD
    0x08001830   0x08001830   0x000000ec   Code   RO         5041    .text               c_w.l(fopen.o)
    0x0800191c   0x0800191c   0x0000004c   Code   RO         5043    .text               c_w.l(fclose.o)
    0x08001968   0x08001968   0x00000012   Code   RO         5049    .text               c_w.l(exit.o)
    0x0800197a   0x0800197a   0x0000000a   Code   RO         5051    .text               c_w.l(defsig_exit.o)
    0x08001984   0x08001984   0x0000000e   Code   RO         5053    .text               c_w.l(defsig_rtred_outer.o)
    0x08001992   0x08001992   0x00000002   PAD
    0x08001994   0x08001994   0x00000050   Code   RO         5057    .text               c_w.l(defsig_rtmem_inner.o)
    0x080019e4   0x080019e4   0x00000080   Code   RO         5059    .text               c_w.l(strcmpv7m.o)
    0x08001a64   0x08001a64   0x0000000c   Code   RO         5089    .text               c_w.l(sys_exit.o)
    0x08001a70   0x08001a70   0x000000f8   Code   RO         5097    .text               c_w.l(fseek.o)
    0x08001b68   0x08001b68   0x000000f0   Code   RO         5099    .text               c_w.l(stdio.o)
    0x08001c58   0x08001c58   0x00000032   Code   RO         5103    .text               c_w.l(defsig_general.o)
    0x08001c8a   0x08001c8a   0x00000002   PAD
    0x08001c8c   0x08001c8c   0x00000034   Code   RO         5105    .text               c_w.l(defsig_rtred_inner.o)
    0x08001cc0   0x08001cc0   0x0000000e   Code   RO         5109    .text               c_w.l(sys_wrch.o)
    0x08001cce   0x08001cce   0x00000042   Code   RO         5118    .text               c_w.l(ftell.o)
    0x08001d10   0x08001d10   0x0000003e   Code   RO         4967    CL$$btod_d2e        c_w.l(btod.o)
    0x08001d4e   0x08001d4e   0x00000046   Code   RO         4969    CL$$btod_d2e_denorm_low  c_w.l(btod.o)
    0x08001d94   0x08001d94   0x00000060   Code   RO         4968    CL$$btod_d2e_norm_op1  c_w.l(btod.o)
    0x08001df4   0x08001df4   0x00000338   Code   RO         4977    CL$$btod_div_common  c_w.l(btod.o)
    0x0800212c   0x0800212c   0x000000dc   Code   RO         4974    CL$$btod_e2e        c_w.l(btod.o)
    0x08002208   0x08002208   0x0000002a   Code   RO         4971    CL$$btod_ediv       c_w.l(btod.o)
    0x08002232   0x08002232   0x0000002a   Code   RO         4970    CL$$btod_emul       c_w.l(btod.o)
    0x0800225c   0x0800225c   0x00000244   Code   RO         4976    CL$$btod_mult_common  c_w.l(btod.o)
    0x080024a0   0x080024a0   0x00000034   Code   RO         3486    i.BEEP_Init         beep.o
    0x080024d4   0x080024d4   0x00000004   Code   RO         3423    i.BusFault_Handler  stm32f10x_it.o
    0x080024d8   0x080024d8   0x0000006c   Code   RO         4329    i.CalulateCRC       rc522.o
    0x08002544   0x08002544   0x0000001a   Code   RO         4330    i.ClearBitMask      rc522.o
    0x0800255e   0x0800255e   0x00000002   PAD
    0x08002560   0x08002560   0x0000006c   Code   RO         3268    i.DEBUG_LOG         usart.o
    0x080025cc   0x080025cc   0x00000002   Code   RO         3424    i.DebugMon_Handler  stm32f10x_it.o
    0x080025ce   0x080025ce   0x00000010   Code   RO         3196    i.EXTI0_IRQHandler  exti.o
    0x080025de   0x080025de   0x00000010   Code   RO         3197    i.EXTI1_IRQHandler  exti.o
    0x080025ee   0x080025ee   0x0000008c   Code   RO         3198    i.EXTIX_Init        exti.o
    0x0800267a   0x0800267a   0x00000002   PAD
    0x0800267c   0x0800267c   0x0000000c   Code   RO          985    i.EXTI_ClearITPendingBit  stm32f10x_exti.o
    0x08002688   0x08002688   0x00000094   Code   RO          990    i.EXTI_Init         stm32f10x_exti.o
    0x0800271c   0x0800271c   0x00000040   Code   RO         1344    i.GPIO_EXTILineConfig  stm32f10x_gpio.o
    0x0800275c   0x0800275c   0x00000116   Code   RO         1347    i.GPIO_Init         stm32f10x_gpio.o
    0x08002872   0x08002872   0x00000012   Code   RO         1351    i.GPIO_ReadInputDataBit  stm32f10x_gpio.o
    0x08002884   0x08002884   0x00000004   Code   RO         1354    i.GPIO_ResetBits    stm32f10x_gpio.o
    0x08002888   0x08002888   0x00000004   Code   RO         1355    i.GPIO_SetBits      stm32f10x_gpio.o
    0x0800288c   0x0800288c   0x00000004   Code   RO         3425    i.HardFault_Handler  stm32f10x_it.o
    0x08002890   0x08002890   0x0000002c   Code   RO         3638    i.LED_Init          led.o
    0x080028bc   0x080028bc   0x00000054   Code   RO         4332    i.M500PcdConfigISOType  rc522.o
    0x08002910   0x08002910   0x00000004   Code   RO         3426    i.MemManage_Handler  stm32f10x_it.o
    0x08002914   0x08002914   0x00000002   Code   RO         3427    i.NMI_Handler       stm32f10x_it.o
    0x08002916   0x08002916   0x00000002   PAD
    0x08002918   0x08002918   0x00000070   Code   RO          137    i.NVIC_Init         misc.o
    0x08002988   0x08002988   0x00000014   Code   RO          138    i.NVIC_PriorityGroupConfig  misc.o
    0x0800299c   0x0800299c   0x0000000c   Code   RO         4333    i.PcdAntennaOff     rc522.o
    0x080029a8   0x080029a8   0x0000001a   Code   RO         4334    i.PcdAntennaOn      rc522.o
    0x080029c2   0x080029c2   0x00000070   Code   RO         4335    i.PcdAnticoll       rc522.o
    0x08002a32   0x08002a32   0x0000006e   Code   RO         4336    i.PcdAuthState      rc522.o
    0x08002aa0   0x08002aa0   0x00000132   Code   RO         4337    i.PcdComMF522       rc522.o
    0x08002bd2   0x08002bd2   0x00000054   Code   RO         4340    i.PcdRequest        rc522.o
    0x08002c26   0x08002c26   0x00000002   PAD
    0x08002c28   0x08002c28   0x00000080   Code   RO         4341    i.PcdReset          rc522.o
    0x08002ca8   0x08002ca8   0x00000072   Code   RO         4342    i.PcdSelect         rc522.o
    0x08002d1a   0x08002d1a   0x0000009c   Code   RO         4343    i.PcdWrite          rc522.o
    0x08002db6   0x08002db6   0x00000002   Code   RO         3428    i.PendSV_Handler    stm32f10x_it.o
    0x08002db8   0x08002db8   0x00000034   Code   RO         3501    i.Pump_Init         pump.o
    0x08002dec   0x08002dec   0x0000002c   Code   RO         4346    i.RC522_Init        rc522.o
    0x08002e18   0x08002e18   0x00000020   Code   RO         1775    i.RCC_APB1PeriphClockCmd  stm32f10x_rcc.o
    0x08002e38   0x08002e38   0x00000020   Code   RO         1777    i.RCC_APB2PeriphClockCmd  stm32f10x_rcc.o
    0x08002e58   0x08002e58   0x000000d4   Code   RO         1785    i.RCC_GetClocksFreq  stm32f10x_rcc.o
    0x08002f2c   0x08002f2c   0x00000034   Code   RO         4348    i.ReadRawRC         rc522.o
    0x08002f60   0x08002f60   0x000000ec   Code   RO         4349    i.SPI1_Init         rc522.o
    0x0800304c   0x0800304c   0x00000018   Code   RO         2263    i.SPI_Cmd           stm32f10x_spi.o
    0x08003064   0x08003064   0x0000003c   Code   RO         2276    i.SPI_Init          stm32f10x_spi.o
    0x080030a0   0x080030a0   0x0000004c   Code   RO         4350    i.SPI_RC522_ReadByte  rc522.o
    0x080030ec   0x080030ec   0x00000054   Code   RO         4351    i.SPI_RC522_SendByte  rc522.o
    0x08003140   0x08003140   0x00000002   Code   RO         3429    i.SVC_Handler       stm32f10x_it.o
    0x08003142   0x08003142   0x0000001a   Code   RO         4352    i.SetBitMask        rc522.o
    0x0800315c   0x0800315c   0x00000008   Code   RO           24    i.SetSysClock       system_stm32f10x.o
    0x08003164   0x08003164   0x000000e0   Code   RO           25    i.SetSysClockTo72   system_stm32f10x.o
    0x08003244   0x08003244   0x00000028   Code   RO          141    i.SysTick_CLKSourceConfig  misc.o
    0x0800326c   0x0800326c   0x00000002   Code   RO         3430    i.SysTick_Handler   stm32f10x_it.o
    0x0800326e   0x0800326e   0x00000002   PAD
    0x08003270   0x08003270   0x00000060   Code   RO           27    i.SystemInit        system_stm32f10x.o
    0x080032d0   0x080032d0   0x000000a4   Code   RO         3604    i.TIM2_IRQHandler   waterflow.o
    0x08003374   0x08003374   0x0000001c   Code   RO         3236    i.TIM3_IRQHandler   timer.o
    0x08003390   0x08003390   0x00000060   Code   RO         3237    i.TIM3_Int_Init     timer.o
    0x080033f0   0x080033f0   0x00000006   Code   RO         2416    i.TIM_ClearITPendingBit  stm32f10x_tim.o
    0x080033f6   0x080033f6   0x00000018   Code   RO         2421    i.TIM_Cmd           stm32f10x_tim.o
    0x0800340e   0x0800340e   0x00000006   Code   RO         2436    i.TIM_GetCapture1   stm32f10x_tim.o
    0x08003414   0x08003414   0x00000022   Code   RO         2442    i.TIM_GetITStatus   stm32f10x_tim.o
    0x08003436   0x08003436   0x00000012   Code   RO         2446    i.TIM_ITConfig      stm32f10x_tim.o
    0x08003448   0x08003448   0x000000a4   Code   RO         2492    i.TIM_TimeBaseInit  stm32f10x_tim.o
    0x080034ec   0x080034ec   0x0000001c   Code   RO         3269    i.USART1_IRQHandler  usart.o
    0x08003508   0x08003508   0x0000004c   Code   RO         4014    i.USART2_IRQHandler  esp8266.o
    0x08003554   0x08003554   0x00000012   Code   RO         2956    i.USART_ClearFlag   stm32f10x_usart.o
    0x08003566   0x08003566   0x00000018   Code   RO         2960    i.USART_Cmd         stm32f10x_usart.o
    0x0800357e   0x0800357e   0x0000001a   Code   RO         2963    i.USART_GetFlagStatus  stm32f10x_usart.o
    0x08003598   0x08003598   0x00000054   Code   RO         2964    i.USART_GetITStatus  stm32f10x_usart.o
    0x080035ec   0x080035ec   0x0000004a   Code   RO         2966    i.USART_ITConfig    stm32f10x_usart.o
    0x08003636   0x08003636   0x00000002   PAD
    0x08003638   0x08003638   0x000000d8   Code   RO         2967    i.USART_Init        stm32f10x_usart.o
    0x08003710   0x08003710   0x00000008   Code   RO         2977    i.USART_SendData    stm32f10x_usart.o
    0x08003718   0x08003718   0x00000004   Code   RO         3431    i.UsageFault_Handler  stm32f10x_it.o
    0x0800371c   0x0800371c   0x000000b0   Code   RO         3270    i.Usart1_Init       usart.o
    0x080037cc   0x080037cc   0x000000ac   Code   RO         3271    i.Usart2_Init       usart.o
    0x08003878   0x08003878   0x00000048   Code   RO         3272    i.UsartPrintf       usart.o
    0x080038c0   0x080038c0   0x00000034   Code   RO         4354    i.WaitCardOff       rc522.o
    0x080038f4   0x080038f4   0x00000030   Code   RO         4355    i.WriteRawRC        rc522.o
    0x08003924   0x08003924   0x00000028   Code   RO         4905    i.__ARM_fpclassify  m_ws.l(fpclassify.o)
    0x0800394c   0x0800394c   0x0000000e   Code   RO         4621    i._is_digit         c_w.l(__printf_wp.o)
    0x0800395a   0x0800395a   0x00000002   PAD
    0x0800395c   0x0800395c   0x00000044   Code   RO         3329    i.delay_init        delay.o
    0x080039a0   0x080039a0   0x0000004c   Code   RO         3330    i.delay_ms          delay.o
    0x080039ec   0x080039ec   0x0000004c   Code   RO         3331    i.delay_us          delay.o
    0x08003a38   0x08003a38   0x0000001c   Code   RO         3274    i.fputc             usart.o
    0x08003a54   0x08003a54   0x000002c4   Code   RO         3382    i.main              main.o
    0x08003d18   0x08003d18   0x0000002c   Code   RO         5000    locale$$code        c_w.l(lc_ctype_c.o)
    0x08003d44   0x08003d44   0x0000002c   Code   RO         5003    locale$$code        c_w.l(lc_numeric_c.o)
    0x08003d70   0x08003d70   0x000000c4   Code   RO         4695    x$fpl$fadd          fz_ws.l(faddsub_clz.o)
    0x08003e34   0x08003e34   0x00000184   Code   RO         4702    x$fpl$fdiv          fz_ws.l(fdiv.o)
    0x08003fb8   0x08003fb8   0x00000026   Code   RO         4705    x$fpl$ffltu         fz_ws.l(fflt_clz.o)
    0x08003fde   0x08003fde   0x00000002   PAD
    0x08003fe0   0x08003fe0   0x00000102   Code   RO         4713    x$fpl$fmul          fz_ws.l(fmul.o)
    0x080040e2   0x080040e2   0x0000008c   Code   RO         4878    x$fpl$fnaninf       fz_ws.l(fnaninf.o)
    0x0800416e   0x0800416e   0x0000000a   Code   RO         4880    x$fpl$fretinf       fz_ws.l(fretinf.o)
    0x08004178   0x08004178   0x000000ea   Code   RO         4697    x$fpl$fsub          fz_ws.l(faddsub_clz.o)
    0x08004262   0x08004262   0x00000004   Code   RO         4715    x$fpl$printf1       fz_ws.l(printf1.o)
    0x08004266   0x08004266   0x00000004   Code   RO         4882    x$fpl$printf2       fz_ws.l(printf2.o)
    0x0800426a   0x0800426a   0x00000000   Code   RO         4890    x$fpl$usenofp       fz_ws.l(usenofp.o)
    0x0800426a   0x0800426a   0x00000028   Data   RO         4609    .constdata          c_w.l(_printf_hex_int_ll_ptr.o)
    0x08004292   0x08004292   0x00000011   Data   RO         4629    .constdata          c_w.l(__printf_flags_ss_wp.o)
    0x080042a3   0x080042a3   0x00000001   PAD
    0x080042a4   0x080042a4   0x00000008   Data   RO         4787    .constdata          c_w.l(_printf_wctomb.o)
    0x080042ac   0x080042ac   0x00000026   Data   RO         4954    .constdata          c_w.l(_printf_fp_hex.o)
    0x080042d2   0x080042d2   0x00000002   PAD
    0x080042d4   0x080042d4   0x00000094   Data   RO         4965    .constdata          c_w.l(bigflt0.o)
    0x08004368   0x08004368   0x00000004   Data   RO         5023    .constdata          c_w.l(sys_io.o)
    0x0800436c   0x0800436c   0x00000004   Data   RO         5024    .constdata          c_w.l(sys_io.o)
    0x08004370   0x08004370   0x00000004   Data   RO         5025    .constdata          c_w.l(sys_io.o)
    0x08004374   0x08004374   0x0000000f   Data   RO         3385    .conststring        main.o
    0x08004383   0x08004383   0x00000001   PAD
    0x08004384   0x08004384   0x00000020   Data   RO         5139    Region$$Table       anon$$obj.o
    0x080043a4   0x080043a4   0x00000110   Data   RO         4999    locale$$data        c_w.l(lc_ctype_c.o)
    0x080044b4   0x080044b4   0x0000001c   Data   RO         5002    locale$$data        c_w.l(lc_numeric_c.o)


    Execution Region RW_IRAM1 (Exec base: 0x20000000, Load base: 0x080044d0, Size: 0x00000ce0, Max: 0x00002800, ABSOLUTE)

    Exec Addr    Load Addr    Size         Type   Attr      Idx    E Section Name        Object

    0x20000000   0x080044d0   0x00000014   Data   RW           28    .data               system_stm32f10x.o
    0x20000014   0x080044e4   0x00000014   Data   RW         1805    .data               stm32f10x_rcc.o
    0x20000028   0x080044f8   0x00000004   Data   RW         3332    .data               delay.o
    0x2000002c   0x080044fc   0x0000002b   Data   RW         3386    .data               main.o
    0x20000057   0x08004527   0x00000001   PAD
    0x20000058   0x08004528   0x0000000c   Data   RW         3606    .data               waterflow.o
    0x20000064   0x08004534   0x00000004   Data   RW         4016    .data               esp8266.o
    0x20000068   0x08004538   0x00000004   Data   RW         4820    .data               c_w.l(stdio_streams.o)
    0x2000006c   0x0800453c   0x00000004   Data   RW         4821    .data               c_w.l(stdio_streams.o)
    0x20000070   0x08004540   0x00000004   Data   RW         4822    .data               c_w.l(stdio_streams.o)
    0x20000074        -       0x00000110   Zero   RW         3383    .bss                main.o
    0x20000184        -       0x00000400   Zero   RW         4015    .bss                esp8266.o
    0x20000584        -       0x00000054   Zero   RW         4817    .bss                c_w.l(stdio_streams.o)
    0x200005d8        -       0x00000054   Zero   RW         4818    .bss                c_w.l(stdio_streams.o)
    0x2000062c        -       0x00000054   Zero   RW         4819    .bss                c_w.l(stdio_streams.o)
    0x20000680        -       0x00000060   Zero   RW         4921    .bss                c_w.l(libspace.o)
    0x200006e0        -       0x00000200   Zero   RW            2    HEAP                startup_stm32f10x_md.o
    0x200008e0        -       0x00000400   Zero   RW            1    STACK               startup_stm32f10x_md.o


==============================================================================

Image component sizes


      Code (inc. data)   RO Data    RW Data    ZI Data      Debug   Object Name

        52          6          0          0          0        464   beep.o
         0          0          0          0          0       4508   core_cm3.o
       220         26          0          4          0       1595   delay.o
        76         12          0          4       1024       1555   esp8266.o
       172          0          0          0          0       1423   exti.o
        44          4          0          0          0        451   led.o
       708        374         15         43        272       2365   main.o
       172         22          0          0          0     206717   misc.o
        52          4          0          0          0        460   pump.o
      1884         46          0          0          0      12660   rc522.o
        64         26        236          0       1536        804   startup_stm32f10x_md.o
         0          0          0          0          0       1640   stm32f10x_adc.o
       160         12          0          0          0       3441   stm32f10x_exti.o
       368          4          0          0          0      12242   stm32f10x_gpio.o
        26          0          0          0          0       3566   stm32f10x_it.o
       276         32          0         20          0      12854   stm32f10x_rcc.o
        84          0          0          0          0       8817   stm32f10x_spi.o
       252         42          0          0          0      23992   stm32f10x_tim.o
       450          6          0          0          0      11719   stm32f10x_usart.o
       328         28          0         20          0      52197   system_stm32f10x.o
       124         10          0          0          0       1058   timer.o
       584         50          0          0          0       5826   usart.o
       164         18          0         12          0       1387   waterflow.o

    ----------------------------------------------------------------------
      6272        722        284        104       2832     371741   Object Totals
         0          0         32          0          0          0   (incl. Generated)
        12          0          1          1          0          0   (incl. Padding)

    ----------------------------------------------------------------------

      Code (inc. data)   RO Data    RW Data    ZI Data      Debug   Library Member Name

        24          4          0          0          0         84   __2printf.o
         8          0          0          0          0         68   __main.o
       392          4         17          0          0         92   __printf_flags_ss_wp.o
        14          0          0          0          0         68   __printf_wp.o
         0          0          0          0          0          0   __rtentry.o
        12          0          0          0          0          0   __rtentry2.o
         6          0          0          0          0          0   __rtentry4.o
        52          8          0          0          0          0   __scatter.o
        26          0          0          0          0          0   __scatter_copy.o
        28          0          0          0          0          0   __scatter_zi.o
         6          0          0          0          0          0   _printf_a.o
         6          0          0          0          0          0   _printf_c.o
        44          0          0          0          0        108   _printf_char.o
        48          6          0          0          0         96   _printf_char_common.o
        36          4          0          0          0         80   _printf_char_file.o
        40          0          0          0          0         68   _printf_charcount.o
         6          0          0          0          0          0   _printf_d.o
       120         16          0          0          0         92   _printf_dec.o
         6          0          0          0          0          0   _printf_e.o
         6          0          0          0          0          0   _printf_f.o
      1054          0          0          0          0        216   _printf_fp_dec.o
       764          8         38          0          0        100   _printf_fp_hex.o
       128         16          0          0          0         84   _printf_fp_infnan.o
         6          0          0          0          0          0   _printf_g.o
       148          4         40          0          0        160   _printf_hex_int_ll_ptr.o
         6          0          0          0          0          0   _printf_i.o
       178          0          0          0          0         88   _printf_intcommon.o
        10          0          0          0          0          0   _printf_l.o
         6          0          0          0          0          0   _printf_lc.o
        10          0          0          0          0          0   _printf_ll.o
         6          0          0          0          0          0   _printf_lld.o
         6          0          0          0          0          0   _printf_lli.o
         6          0          0          0          0          0   _printf_llo.o
         6          0          0          0          0          0   _printf_llu.o
         6          0          0          0          0          0   _printf_llx.o
       124         16          0          0          0         92   _printf_longlong_dec.o
         6          0          0          0          0          0   _printf_ls.o
         6          0          0          0          0          0   _printf_n.o
         6          0          0          0          0          0   _printf_o.o
       112         10          0          0          0        124   _printf_oct_int_ll.o
         6          0          0          0          0          0   _printf_p.o
        78          0          0          0          0        108   _printf_pad.o
         0          0          0          0          0          0   _printf_percent.o
         4          0          0          0          0          0   _printf_percent_end.o
         6          0          0          0          0          0   _printf_s.o
        82          0          0          0          0         80   _printf_str.o
        36          0          0          0          0         84   _printf_truncate.o
         6          0          0          0          0          0   _printf_u.o
        44          0          0          0          0        108   _printf_wchar.o
       188          6          8          0          0         92   _printf_wctomb.o
         6          0          0          0          0          0   _printf_x.o
        16          0          0          0          0         68   _snputc.o
        10          0          0          0          0         68   _sputc.o
        64          0          0          0          0         92   _wcrtomb.o
       228          4        148          0          0         96   bigflt0.o
      1936        128          0          0          0        672   btod.o
        10          0          0          0          0         68   defsig_exit.o
        50          0          0          0          0         88   defsig_general.o
        80         58          0          0          0         76   defsig_rtmem_inner.o
        14          0          0          0          0         80   defsig_rtmem_outer.o
        52         38          0          0          0         76   defsig_rtred_inner.o
        14          0          0          0          0         80   defsig_rtred_outer.o
        18          0          0          0          0         80   exit.o
        76          0          0          0          0         88   fclose.o
         8          0          0          0          0         68   ferror.o
       236          4          0          0          0        128   fopen.o
       248          6          0          0          0         84   fseek.o
        66          0          0          0          0         76   ftell.o
        94          0          0          0          0         80   h1_alloc.o
        52          0          0          0          0         68   h1_extend.o
        78          0          0          0          0         80   h1_free.o
        14          0          0          0          0         84   h1_init.o
         6          0          0          0          0        152   heapauxi.o
         4          0          0          0          0        136   hguard.o
         0          0          0          0          0          0   indicate_semi.o
       138          0          0          0          0        168   init_alloc.o
       312         46          0          0          0        112   initio.o
        44         10        272          0          0         76   lc_ctype_c.o
        44         10         28          0          0         76   lc_numeric_c.o
         2          0          0          0          0          0   libinit.o
        42          0          0          0          0          0   libinit2.o
         2          0          0          0          0          0   libshutdown.o
         6          0          0          0          0          0   libshutdown2.o
         8          4          0          0         96         68   libspace.o
       138          0          0          0          0         80   lludiv10.o
         0          0          0          0          0          0   maybetermalloc1.o
        16          4          0          0          0         76   rt_ctype_table.o
         8          4          0          0          0         68   rt_errno_addr_intlibspace.o
         8          4          0          0          0         68   rt_heap_descriptor_intlibspace.o
         8          4          0          0          0         68   rt_locale_intlibspace.o
        78          0          0          0          0         80   rt_memclr_w.o
       138          0          0          0          0         68   rt_memcpy_v6.o
       100          0          0          0          0         80   rt_memcpy_w.o
         2          0          0          0          0          0   rtexit.o
        10          0          0          0          0          0   rtexit2.o
        70          0          0          0          0         80   setvbuf.o
       240          6          0          0          0        156   stdio.o
         0          0          0         12        252          0   stdio_streams.o
       128          0          0          0          0         68   strcmpv7m.o
        62          0          0          0          0         76   strlen.o
        12          4          0          0          0         68   sys_exit.o
       102          0         12          0          0        240   sys_io.o
        74          0          0          0          0         80   sys_stackheap_outer.o
        14          0          0          0          0         76   sys_wrch.o
         2          0          0          0          0         68   use_no_semi.o
        52          4          0          0          0         80   vsnprintf.o
       430          8          0          0          0        168   faddsub_clz.o
       388         76          0          0          0         96   fdiv.o
        38          0          0          0          0         68   fflt_clz.o
       258          4          0          0          0         84   fmul.o
       140          4          0          0          0         84   fnaninf.o
        10          0          0          0          0         68   fretinf.o
         4          0          0          0          0         68   printf1.o
         4          0          0          0          0         68   printf2.o
         0          0          0          0          0          0   usenofp.o
        40          0          0          0          0         68   fpclassify.o

    ----------------------------------------------------------------------
     10494        532        566         12        348       7532   Library Totals
        18          0          3          0          0          0   (incl. Padding)

    ----------------------------------------------------------------------

      Code (inc. data)   RO Data    RW Data    ZI Data      Debug   Library Name

      9164        440        563         12        348       6760   c_w.l
      1272         92          0          0          0        704   fz_ws.l
        40          0          0          0          0         68   m_ws.l

    ----------------------------------------------------------------------
     10494        532        566         12        348       7532   Library Totals

    ----------------------------------------------------------------------

==============================================================================


      Code (inc. data)   RO Data    RW Data    ZI Data      Debug   

     16766       1254        850        116       3180     371053   Grand Totals
     16766       1254        850        116       3180     371053   ELF Image Totals
     16766       1254        850        116          0          0   ROM Totals

==============================================================================

    Total RO  Size (Code + RO Data)                17616 (  17.20kB)
    Total RW  Size (RW Data + ZI Data)              3296 (   3.22kB)
    Total ROM Size (Code + RO Data + RW Data)      17732 (  17.32kB)

==============================================================================

