<html>
<body>
<pre>
<h1>礦ision Build Log</h1>
<h2>Tool Versions:</h2>
IDE-Version: μVision V5.28.0.0
Copyright (C) 2019 ARM Ltd and ARM Germany GmbH. All rights reserved.
License Information: qin qin, qin, LIC=CZLZX-HXK3D-LQM0Q-NMDS6-NT05T-7Y33M
 
Tool Versions:
Toolchain:       MDK-ARM Plus  Version: 5.28.0.0
Toolchain Path:  D:\Keil_v5\ARM\ARMCC\Bin
C Compiler:      Armcc.exe V5.06 update 6 (build 750)
Assembler:       Armasm.exe V5.06 update 6 (build 750)
Linker/Locator:  ArmLink.exe V5.06 update 6 (build 750)
Library Manager: ArmAr.exe V5.06 update 6 (build 750)
Hex Converter:   FromElf.exe V5.06 update 6 (build 750)
CPU DLL:         SARMCM3.DLL V5.28.0.0
Dialog DLL:      DCM.DLL V1.17.3.0
Target DLL:      STLink\ST-LINKIII-KEIL_SWO.dll V3.0.6.0
Dialog DLL:      TCM.DLL V1.36.2.0
 
<h2>Project:</h2>
C:\Users\qin\Desktop\code\3-1 LED闪烁\Project.uvprojx
Project File Date:  03/28/2023

<h2>Output:</h2>
*** Using Compiler 'V5.06 update 6 (build 750)', folder: 'D:\Keil_v5\ARM\ARMCC\Bin'
Rebuild target 'Target 1'
assembling startup_stm32f10x_md.s...
compiling core_cm3.c...
compiling misc.c...
compiling stm32f10x_bkp.c...
compiling system_stm32f10x.c...
compiling stm32f10x_adc.c...
compiling stm32f10x_can.c...
compiling stm32f10x_cec.c...
compiling stm32f10x_crc.c...
compiling stm32f10x_dac.c...
compiling stm32f10x_exti.c...
compiling stm32f10x_dbgmcu.c...
compiling stm32f10x_dma.c...
compiling stm32f10x_gpio.c...
compiling stm32f10x_fsmc.c...
compiling stm32f10x_flash.c...
compiling stm32f10x_i2c.c...
compiling stm32f10x_iwdg.c...
compiling stm32f10x_pwr.c...
compiling stm32f10x_rcc.c...
compiling stm32f10x_rtc.c...
compiling stm32f10x_sdio.c...
compiling stm32f10x_spi.c...
compiling stm32f10x_wwdg.c...
compiling stm32f10x_usart.c...
compiling stm32f10x_tim.c...
compiling exti.c...
compiling timer.c...
compiling delay.c...
compiling usart.c...
compiling adc.c...
compiling stm32f10x_it.c...
compiling main.c...
User\main.c(82): warning:  #223-D: function "PcdAntennaOff" declared implicitly
  	PcdAntennaOff();
User\main.c(83): warning:  #223-D: function "PcdAntennaOn" declared implicitly
  	PcdAntennaOn();
User\main.c(37): warning:  #177-D: variable "timeCount"  was declared but never referenced
      unsigned short timeCount = 0;	//发送间隔变量
User\main.c(38): warning:  #177-D: variable "dataPtr"  was declared but never referenced
      unsigned char *dataPtr = NULL;  //接收平台数据
User\main.c(39): warning:  #177-D: variable "lineNow"  was declared but never referenced
      static u8 lineNow;
User\main.c(41): warning:  #177-D: variable "num"  was declared but never referenced
  	u8 num = 0;
User\main.c(42): warning:  #177-D: variable "KEY_A"  was declared but never referenced
  	u8 KEY_A[6]= {0xff,0xff,0xff,0xff,0xff,0xff};
User\main.c(43): warning:  #177-D: variable "data"  was declared but never referenced
  	u8 data[16] = {0};
User\main.c(44): warning:  #177-D: variable "UID"  was declared but never referenced
  	u8 UID[4]= {0x49, 0xe0, 0x05, 0x98};
User\main.c: 9 warnings, 0 errors
compiling pump.c...
compiling beep.c...
compiling water.c...
compiling waterflow.c...
HARDWARE\waterflow\waterflow.c(70): warning:  #69-D: integer conversion resulted in truncation
      TIM_TimeBaseStructure.TIM_Period = 0xFFFFFFFF; // 鏈�澶ц鏁板�?
HARDWARE\waterflow\waterflow.c: 1 warning, 0 errors
compiling cJSON.c...
NET\cJSON\cJSON.c(55): warning:  #1293-D: assignment in condition
        if (!(copy = (char*)cJSON_malloc(len))) return 0;
NET\cJSON\cJSON.c(278): warning:  #1293-D: assignment in condition
  	ptr=str;while ((token=*ptr) && ++len) {if (strchr("\"\\\b\f\n\r\t",token)) len++; else if (token<32) len+=5;ptr++;}
NET\cJSON\cJSON.c(352): warning:  #111-D: statement is unreachable
  	return p.buffer;
NET\cJSON\cJSON.c(423): warning:  #1293-D: assignment in condition
  		if (!(new_item=cJSON_New_Item())) return 0; 	/* memory fail */
NET\cJSON\cJSON.c(535): warning:  #1293-D: assignment in condition
  		if (!(new_item=cJSON_New_Item()))	return 0; /* memory fail */
NET\cJSON\cJSON.c: 5 warnings, 0 errors
compiling led.c...
compiling MqttKit.c...
compiling esp8266.c...
compiling onenet.c...
compiling spi.c...
compiling rc522.c...
Shop\RFID\rc522.c(88): warning:  #223-D: function "printf" declared implicitly
              printf("\r\nThe User is:card_0\r\n");
Shop\RFID\rc522.c(93): warning:  #223-D: function "printf" declared implicitly
              printf("\r\nThe User is:card_1\r\n");
Shop\RFID\rc522.c(98): warning:  #223-D: function "printf" declared implicitly
              printf("\r\nThe User is:card_2\r\n");
Shop\RFID\rc522.c(104): warning:  #223-D: function "printf" declared implicitly
              printf("\r\nThe User is:card_3\r\n");
Shop\RFID\rc522.c(109): warning:  #223-D: function "printf" declared implicitly
              printf("\r\nThe User is:card_4\r\n");
Shop\RFID\rc522.c(126): warning:  #223-D: function "printf" declared implicitly
              printf("PcdAuthState(A) success\r\n");
Shop\RFID\rc522.c(130): warning:  #223-D: function "printf" declared implicitly
              printf("PcdAuthState(A) failed\r\n");
Shop\RFID\rc522.c(136): warning:  #223-D: function "printf" declared implicitly
              printf("PcdAuthState(B) success\r\n");
Shop\RFID\rc522.c(140): warning:  #223-D: function "printf" declared implicitly
              printf("PcdAuthState(B) failed\r\n");
Shop\RFID\rc522.c(152): warning:  #223-D: function "printf" declared implicitly
              printf("DATA:");
Shop\RFID\rc522.c(161): warning:  #223-D: function "printf" declared implicitly
              printf("PcdRead() failed\r\n");
Shop\RFID\rc522.c(168): warning:  #223-D: function "printf" declared implicitly
          printf("Write the card after 1 second. Do not move the card!!!\r\n");
Shop\RFID\rc522.c(192): warning:  #223-D: function "printf" declared implicitly
              printf("DATA:");
Shop\RFID\rc522.c(201): warning:  #223-D: function "printf" declared implicitly
              printf("PcdRead() failed\r\n");
Shop\RFID\rc522.c(208): warning:  #223-D: function "printf" declared implicitly
          printf("RC522_Handle() run finished after 1 second!\r\n");
Shop\RFID\rc522.c(237): warning:  #223-D: function "printf" declared implicitly
              printf("\r\nThe User is:card_0\r\n");
Shop\RFID\rc522.c(242): warning:  #223-D: function "printf" declared implicitly
              printf("\r\nThe User is:card_1\r\n");
Shop\RFID\rc522.c(259): warning:  #223-D: function "printf" declared implicitly
              printf("PcdAuthState(A) success\r\n");
Shop\RFID\rc522.c(263): warning:  #223-D: function "printf" declared implicitly
              printf("PcdAuthState(A) failed\r\n");
Shop\RFID\rc522.c(271): warning:  #223-D: function "printf" declared implicitly
              printf("PcdAuthState(B) success\r\n");
Shop\RFID\rc522.c(275): warning:  #223-D: function "printf" declared implicitly
              printf("PcdAuthState(B) failed\r\n");
Shop\RFID\rc522.c(287): warning:  #223-D: function "printf" declared implicitly
              printf("DATA:");
Shop\RFID\rc522.c(296): warning:  #223-D: function "printf" declared implicitly
              printf("PcdRead() failed\r\n");
Shop\RFID\rc522.c(307): warning:  #223-D: function "printf" declared implicitly
              printf("PcdWrite(RFID1) success\r\n");
Shop\RFID\rc522.c(311): warning:  #223-D: function "printf" declared implicitly
              printf("PcdWrite(RFID1) failed\r\n");
Shop\RFID\rc522.c(325): warning:  #223-D: function "printf" declared implicitly
              printf("PcdAuthState(A1) success\r\n");
Shop\RFID\rc522.c(329): warning:  #223-D: function "printf" declared implicitly
              printf("PcdAuthState(A1) failed\r\n");
Shop\RFID\rc522.c(335): warning:  #223-D: function "printf" declared implicitly
              printf("PcdAuthState(B1) success\r\n");
Shop\RFID\rc522.c(339): warning:  #223-D: function "printf" declared implicitly
              printf("PcdAuthState(B1) failed\r\n");
Shop\RFID\rc522.c(351): warning:  #223-D: function "printf" declared implicitly
              printf("DATA:");
Shop\RFID\rc522.c(360): warning:  #223-D: function "printf" declared implicitly
              printf("PcdRead() failed\r\n");
Shop\RFID\rc522.c(371): warning:  #223-D: function "printf" declared implicitly
              printf("PcdWrite(RFID2) success\r\n");
Shop\RFID\rc522.c(375): warning:  #223-D: function "printf" declared implicitly
              printf("PcdWrite(RFID2) failed\r\n");
Shop\RFID\rc522.c(388): warning:  #223-D: function "printf" declared implicitly
              printf("DATA:");
Shop\RFID\rc522.c(397): warning:  #223-D: function "printf" declared implicitly
              printf("PcdRead() failed\r\n");
Shop\RFID\rc522.c(404): warning:  #223-D: function "printf" declared implicitly
          printf("RC522_Handle1() run finished after 1 second!\r\n");
Shop\RFID\rc522.c(485): warning:  #223-D: function "printf" declared implicitly
              printf("\r\nThe User is:card_0\r\n");
Shop\RFID\rc522.c(489): warning:  #223-D: function "printf" declared implicitly
              printf("\r\nThe User isn't:card_0\r\n");
Shop\RFID\rc522.c(529): warning:  #223-D: function "printf" declared implicitly
                                      printf("PcdAuthState(A) success\r\n");
Shop\RFID\rc522.c(535): warning:  #223-D: function "printf" declared implicitly
                                      printf(".");
Shop\RFID\rc522.c(542): warning:  #223-D: function "printf" declared implicitly
                                      printf("PcdAuthState(B) success\r\n");
Shop\RFID\rc522.c(548): warning:  #223-D: function "printf" declared implicitly
                                      printf(",");
Shop\RFID\rc522.c(567): warning:  #223-D: function "printf" declared implicitly
              printf("DATA:");
Shop\RFID\rc522.c(576): warning:  #223-D: function "printf" declared implicitly
              printf("PcdRead() failed\r\n");
Shop\RFID\rc522.c(1351): warning:  #223-D: function "printf" declared implicitly
  		printf("UID don't match\r\n");
Shop\RFID\rc522.c(1362): warning:  #223-D: function "printf" declared implicitly
  		printf("KEY don't match\r\n");
Shop\RFID\rc522.c(1371): warning:  #223-D: function "printf" declared implicitly
  			printf("data:");
Shop\RFID\rc522.c(1380): warning:  #223-D: function "printf" declared implicitly
  			printf("PcdRead() failed\r\n");
Shop\RFID\rc522.c(1389): warning:  #223-D: function "printf" declared implicitly
  			printf("PcdWrite() finished\r\n");
Shop\RFID\rc522.c(1393): warning:  #223-D: function "printf" declared implicitly
  			printf("PcdWrite() failed\r\n");
Shop\RFID\rc522.c(1401): warning:  #223-D: function "printf" declared implicitly
  		printf("PcdHalt() finished\r\n");
Shop\RFID\rc522.c(1405): warning:  #223-D: function "printf" declared implicitly
  		printf("PcdHalt() failed\r\n");
Shop\RFID\rc522.c(1424): warning:  #223-D: function "printf" declared implicitly
      printf("ID>>>%s\r\n", num);
Shop\RFID\rc522.c: 53 warnings, 0 errors
linking...
Program Size: Code=16766 RO-data=850 RW-data=116 ZI-data=3180  
".\Objects\Project.axf" - 0 Error(s), 68 Warning(s).

<h2>Software Packages used:</h2>

Package Vendor: Keil
                http://www.keil.com/pack/Keil.STM32F1xx_DFP.1.0.5.pack
                Keil.STM32F1xx_DFP.1.0.5
                STMicroelectronics STM32F1 Series Device Support, Drivers and Examples

<h2>Collection of Component include folders:</h2>
  .\RTE\_Target_1
  D:\Users\qin\AppData\Local\Arm\Packs\Keil\STM32F1xx_DFP\1.0.5\Device\Include

<h2>Collection of Component Files used:</h2>
Build Time Elapsed:  00:00:11
</pre>
</body>
</html>
